Archive member included because of file (symbol)

c:/program files (x86)/atmel/studio/7.0/toolchain/arm/arm-gnu-toolchain/bin/../lib/gcc/arm-none-eabi/4.9.3/../../../../arm-none-eabi/lib/armv7e-m\libc.a(lib_a-exit.o)
                              c:/program files (x86)/atmel/studio/7.0/toolchain/arm/arm-gnu-toolchain/bin/../lib/gcc/arm-none-eabi/4.9.3/../../../../arm-none-eabi/lib/armv7e-m/crt0.o (exit)
c:/program files (x86)/atmel/studio/7.0/toolchain/arm/arm-gnu-toolchain/bin/../lib/gcc/arm-none-eabi/4.9.3/../../../../arm-none-eabi/lib/armv7e-m\libc.a(lib_a-impure.o)
                              c:/program files (x86)/atmel/studio/7.0/toolchain/arm/arm-gnu-toolchain/bin/../lib/gcc/arm-none-eabi/4.9.3/../../../../arm-none-eabi/lib/armv7e-m\libc.a(lib_a-exit.o) (_global_impure_ptr)
c:/program files (x86)/atmel/studio/7.0/toolchain/arm/arm-gnu-toolchain/bin/../lib/gcc/arm-none-eabi/4.9.3/../../../../arm-none-eabi/lib/armv7e-m\libc.a(lib_a-init.o)
                              c:/program files (x86)/atmel/studio/7.0/toolchain/arm/arm-gnu-toolchain/bin/../lib/gcc/arm-none-eabi/4.9.3/../../../../arm-none-eabi/lib/armv7e-m/crt0.o (__libc_init_array)
c:/program files (x86)/atmel/studio/7.0/toolchain/arm/arm-gnu-toolchain/bin/../lib/gcc/arm-none-eabi/4.9.3/../../../../arm-none-eabi/lib/armv7e-m\libc.a(lib_a-iprintf.o)
                              src/ASF/sam/utils/syscalls/gcc/syscalls.o (iprintf)
c:/program files (x86)/atmel/studio/7.0/toolchain/arm/arm-gnu-toolchain/bin/../lib/gcc/arm-none-eabi/4.9.3/../../../../arm-none-eabi/lib/armv7e-m\libc.a(lib_a-memcpy.o)
                              src/ASF/common/services/usb/class/cdc/device/udi_cdc.o (memcpy)
c:/program files (x86)/atmel/studio/7.0/toolchain/arm/arm-gnu-toolchain/bin/../lib/gcc/arm-none-eabi/4.9.3/../../../../arm-none-eabi/lib/armv7e-m\libc.a(lib_a-memset.o)
                              c:/program files (x86)/atmel/studio/7.0/toolchain/arm/arm-gnu-toolchain/bin/../lib/gcc/arm-none-eabi/4.9.3/../../../../arm-none-eabi/lib/armv7e-m/crt0.o (memset)
c:/program files (x86)/atmel/studio/7.0/toolchain/arm/arm-gnu-toolchain/bin/../lib/gcc/arm-none-eabi/4.9.3/../../../../arm-none-eabi/lib/armv7e-m\libc.a(lib_a-vfiprintf.o)
                              c:/program files (x86)/atmel/studio/7.0/toolchain/arm/arm-gnu-toolchain/bin/../lib/gcc/arm-none-eabi/4.9.3/../../../../arm-none-eabi/lib/armv7e-m\libc.a(lib_a-iprintf.o) (_vfiprintf_r)
c:/program files (x86)/atmel/studio/7.0/toolchain/arm/arm-gnu-toolchain/bin/../lib/gcc/arm-none-eabi/4.9.3/../../../../arm-none-eabi/lib/armv7e-m\libc.a(lib_a-wsetup.o)
                              c:/program files (x86)/atmel/studio/7.0/toolchain/arm/arm-gnu-toolchain/bin/../lib/gcc/arm-none-eabi/4.9.3/../../../../arm-none-eabi/lib/armv7e-m\libc.a(lib_a-vfiprintf.o) (__swsetup_r)
c:/program files (x86)/atmel/studio/7.0/toolchain/arm/arm-gnu-toolchain/bin/../lib/gcc/arm-none-eabi/4.9.3/../../../../arm-none-eabi/lib/armv7e-m\libc.a(lib_a-__call_atexit.o)
                              c:/program files (x86)/atmel/studio/7.0/toolchain/arm/arm-gnu-toolchain/bin/../lib/gcc/arm-none-eabi/4.9.3/../../../../arm-none-eabi/lib/armv7e-m\libc.a(lib_a-exit.o) (__call_exitprocs)
c:/program files (x86)/atmel/studio/7.0/toolchain/arm/arm-gnu-toolchain/bin/../lib/gcc/arm-none-eabi/4.9.3/../../../../arm-none-eabi/lib/armv7e-m\libc.a(lib_a-atexit.o)
                              c:/program files (x86)/atmel/studio/7.0/toolchain/arm/arm-gnu-toolchain/bin/../lib/gcc/arm-none-eabi/4.9.3/../../../../arm-none-eabi/lib/armv7e-m\libc.a(lib_a-__call_atexit.o) (atexit)
c:/program files (x86)/atmel/studio/7.0/toolchain/arm/arm-gnu-toolchain/bin/../lib/gcc/arm-none-eabi/4.9.3/../../../../arm-none-eabi/lib/armv7e-m\libc.a(lib_a-fflush.o)
                              c:/program files (x86)/atmel/studio/7.0/toolchain/arm/arm-gnu-toolchain/bin/../lib/gcc/arm-none-eabi/4.9.3/../../../../arm-none-eabi/lib/armv7e-m\libc.a(lib_a-vfiprintf.o) (_fflush_r)
c:/program files (x86)/atmel/studio/7.0/toolchain/arm/arm-gnu-toolchain/bin/../lib/gcc/arm-none-eabi/4.9.3/../../../../arm-none-eabi/lib/armv7e-m\libc.a(lib_a-findfp.o)
                              c:/program files (x86)/atmel/studio/7.0/toolchain/arm/arm-gnu-toolchain/bin/../lib/gcc/arm-none-eabi/4.9.3/../../../../arm-none-eabi/lib/armv7e-m\libc.a(lib_a-vfiprintf.o) (__sinit)
c:/program files (x86)/atmel/studio/7.0/toolchain/arm/arm-gnu-toolchain/bin/../lib/gcc/arm-none-eabi/4.9.3/../../../../arm-none-eabi/lib/armv7e-m\libc.a(lib_a-fini.o)
                              c:/program files (x86)/atmel/studio/7.0/toolchain/arm/arm-gnu-toolchain/bin/../lib/gcc/arm-none-eabi/4.9.3/../../../../arm-none-eabi/lib/armv7e-m\libc.a(lib_a-__call_atexit.o) (__libc_fini_array)
c:/program files (x86)/atmel/studio/7.0/toolchain/arm/arm-gnu-toolchain/bin/../lib/gcc/arm-none-eabi/4.9.3/../../../../arm-none-eabi/lib/armv7e-m\libc.a(lib_a-fputwc.o)
[...]
Memory Configuration

Name             Origin             Length             Attributes
rom              0x00400000         0x00200000         xr
ram              0x20000000         0x00028000         xrw
*default*        0x00000000         0xffffffff

Linker script and memory map

LOAD c:/program files (x86)/atmel/studio/7.0/toolchain/arm/arm-gnu-toolchain/bin/../lib/gcc/arm-none-eabi/4.9.3/armv7e-m/crti.o
LOAD c:/program files (x86)/atmel/studio/7.0/toolchain/arm/arm-gnu-toolchain/bin/../lib/gcc/arm-none-eabi/4.9.3/armv7e-m/crtbegin.o
LOAD c:/program files (x86)/atmel/studio/7.0/toolchain/arm/arm-gnu-toolchain/bin/../lib/gcc/arm-none-eabi/4.9.3/../../../../arm-none-eabi/lib/armv7e-m/crt0.o
LOAD src/ASF/common/services/sleepmgr/sam/sleepmgr.o
LOAD src/ASF/common/services/usb/class/cdc/device/udi_cdc.o
LOAD src/ASF/common/services/usb/class/cdc/device/udi_cdc_desc.o
LOAD src/ASF/common/services/usb/udc/udc.o
LOAD src/ASF/sam/drivers/matrix/matrix.o
LOAD src/ASF/sam/drivers/uart/uart.o
LOAD src/ASF/common/services/clock/sam4s/sysclk.o
LOAD src/ASF/common/utils/interrupt/interrupt_sam_nvic.o
LOAD src/ASF/sam/boards/sam4s_xplained_pro/init.o
LOAD src/ASF/sam/drivers/pio/pio.o
LOAD src/ASF/sam/drivers/pio/pio_handler.o
LOAD src/ASF/sam/drivers/pmc/pmc.o
LOAD src/ASF/sam/drivers/pmc/sleep.o
LOAD src/ASF/sam/drivers/udp/udp_device.o
LOAD src/ASF/sam/drivers/wdt/wdt.o
LOAD src/ASF/sam/utils/cmsis/sam4s/source/templates/gcc/startup_sam4s.o
LOAD src/ASF/sam/utils/cmsis/sam4s/source/templates/system_sam4s.o
LOAD src/ASF/sam/utils/syscalls/gcc/syscalls.o
LOAD src/main.o
START GROUP
LOAD ../src/ASF/thirdparty/CMSIS/Lib/GCC\libarm_cortexM4l_math.a
LOAD c:/program files (x86)/atmel/studio/7.0/toolchain/arm/arm-gnu-toolchain/bin/../lib/gcc/arm-none-eabi/4.9.3/../../../../arm-none-eabi/lib/armv7e-m\libm.a
END GROUP
START GROUP
LOAD c:/program files (x86)/atmel/studio/7.0/toolchain/arm/arm-gnu-toolchain/bin/../lib/gcc/arm-none-eabi/4.9.3/armv7e-m\libgcc.a
LOAD c:/program files (x86)/atmel/studio/7.0/toolchain/arm/arm-gnu-toolchain/bin/../lib/gcc/arm-none-eabi/4.9.3/../../../../arm-none-eabi/lib/armv7e-m\libc.a
END GROUP
LOAD c:/program files (x86)/atmel/studio/7.0/toolchain/arm/arm-gnu-toolchain/bin/../lib/gcc/arm-none-eabi/4.9.3/armv7e-m/crtend.o
LOAD c:/program files (x86)/atmel/studio/7.0/toolchain/arm/arm-gnu-toolchain/bin/../lib/gcc/arm-none-eabi/4.9.3/armv7e-m/crtn.o
                0x00003000                __stack_size__ = DEFINED (__stack_size__)?__stack_size__:0x3000
                0x20027ffc                __ram_end__ = ((ORIGIN (ram) + 0x28000) - 0x4)

.text           0x00400000     0x2fc8
                0x00400000                . = ALIGN (0x4)
                0x00400000                _sfixed = .
 *(.vectors .vectors.*)
 .vectors       0x00400000       0xcc src/ASF/sam/utils/cmsis/sam4s/source/templates/gcc/startup_sam4s.o
                0x00400000                exception_table
 *(.text .text.* .gnu.linkonce.t.*)
 .text          0x004000cc       0x5c c:/program files (x86)/atmel/studio/7.0/toolchain/arm/arm-gnu-toolchain/bin/../lib/gcc/arm-none-eabi/4.9.3/armv7e-m/crtbegin.o
 .text.udi_cdc_comm_disable
                0x00400128       0x10 src/ASF/common/services/usb/class/cdc/device/udi_cdc.o
                0x00400128                udi_cdc_comm_disable
 .text.udi_cdc_data_setup
                0x00400138        0x4 src/ASF/common/services/usb/class/cdc/device/udi_cdc.o
                0x00400138                udi_cdc_data_setup
 .text.udi_cdc_getsetting
                0x0040013c        0x4 src/ASF/common/services/usb/class/cdc/device/udi_cdc.o
                0x0040013c                udi_cdc_getsetting
 .text.udi_cdc_comm_setup
                0x00400140       0x84 src/ASF/common/services/usb/class/cdc/device/udi_cdc.o
                0x00400140                udi_cdc_comm_setup
 .text.udi_cdc_line_coding_received
                0x004001c4        0x4 src/ASF/common/services/usb/class/cdc/device/udi_cdc.o
 .text.udi_cdc_comm_enable
                0x004001c8       0x5c src/ASF/common/services/usb/class/cdc/device/udi_cdc.o
                0x004001c8                udi_cdc_comm_enable
 .text.udi_cdc_tx_send
                0x00400224      0x140 src/ASF/common/services/usb/class/cdc/device/udi_cdc.o
 .text.udi_cdc_data_sent
                0x00400364       0x3c src/ASF/common/services/usb/class/cdc/device/udi_cdc.o
 .text.udi_cdc_data_sof_notify
                0x004003a0       0x10 src/ASF/common/services/usb/class/cdc/device/udi_cdc.o
                0x004003a0                udi_cdc_data_sof_notify
 .text.udi_cdc_data_disable
                0x004003b0       0x28 src/ASF/common/services/usb/class/cdc/device/udi_cdc.o
                0x004003b0                udi_cdc_data_disable
 .text.udi_cdc_multi_get_nb_received_data
                0x004003d8       0x48 src/ASF/common/services/usb/class/cdc/device/udi_cdc.o
                0x004003d8                udi_cdc_multi_get_nb_received_data
 .text.udi_cdc_multi_is_rx_ready
                0x00400420       0x14 src/ASF/common/services/usb/class/cdc/device/udi_cdc.o
                0x00400420                udi_cdc_multi_is_rx_ready
 .text.udi_cdc_rx_start
                0x00400434       0xb8 src/ASF/common/services/usb/class/cdc/device/udi_cdc.o
 .text.udi_cdc_data_enable
                0x004004ec       0x90 src/ASF/common/services/usb/class/cdc/device/udi_cdc.o
                0x004004ec                udi_cdc_data_enable
 .text.udi_cdc_data_received
                0x0040057c       0x60 src/ASF/common/services/usb/class/cdc/device/udi_cdc.o
 .text.udi_cdc_multi_getc
                0x004005dc       0xb0 src/ASF/common/services/usb/class/cdc/device/udi_cdc.o
                0x004005dc                udi_cdc_multi_getc
 .text.udi_cdc_getc
                0x0040068c       0x10 src/ASF/common/services/usb/class/cdc/device/udi_cdc.o
                0x0040068c                udi_cdc_getc
 .text.udi_cdc_multi_get_free_tx_buffer
                0x0040069c       0x70 src/ASF/common/services/usb/class/cdc/device/udi_cdc.o
                0x0040069c                udi_cdc_multi_get_free_tx_buffer
 .text.udi_cdc_multi_is_tx_ready
                0x0040070c       0x14 src/ASF/common/services/usb/class/cdc/device/udi_cdc.o
                0x0040070c                udi_cdc_multi_is_tx_ready
 .text.udi_cdc_multi_putc
                0x00400720       0x90 src/ASF/common/services/usb/class/cdc/device/udi_cdc.o
                0x00400720                udi_cdc_multi_putc
 .text.udi_cdc_putc
                0x004007b0       0x10 src/ASF/common/services/usb/class/cdc/device/udi_cdc.o
                0x004007b0                udi_cdc_putc
 .text.udc_next_desc_in_iface
                0x004007c0       0x44 src/ASF/common/services/usb/udc/udc.o
 .text.udc_valid_address
                0x00400804       0x18 src/ASF/common/services/usb/udc/udc.o
 .text.udc_update_iface_desc
                0x0040081c       0x68 src/ASF/common/services/usb/udc/udc.o
 .text.udc_iface_disable
                0x00400884       0x68 src/ASF/common/services/usb/udc/udc.o
 .text.udc_iface_enable
                0x004008ec       0x5c src/ASF/common/services/usb/udc/udc.o
 .text.udc_start
                0x00400948        0xc src/ASF/common/services/usb/udc/udc.o
                0x00400948                udc_start
 .text.udc_reset
                0x00400954       0x48 src/ASF/common/services/usb/udc/udc.o
                0x00400954                udc_reset
 .text.udc_sof_notify
                0x0040099c       0x3c src/ASF/common/services/usb/udc/udc.o
                0x0040099c                udc_sof_notify
 .text.udc_process_setup
                0x004009d8      0x3f4 src/ASF/common/services/usb/udc/udc.o
                0x004009d8                udc_process_setup
 .text.sysclk_enable_usb
                0x00400dcc       0x50 src/ASF/common/services/clock/sam4s/sysclk.o
                0x00400dcc                sysclk_enable_usb
 .text.sysclk_init
                0x00400e1c       0x64 src/ASF/common/services/clock/sam4s/sysclk.o
                0x00400e1c                sysclk_init
 .text.board_init
                0x00400e80       0xa4 src/ASF/sam/boards/sam4s_xplained_pro/init.o
                0x00400e80                board_init
 .text.pio_get_interrupt_status
                0x00400f24        0x4 src/ASF/sam/drivers/pio/pio.o
                0x00400f24                pio_get_interrupt_status
 .text.pio_get_interrupt_mask
                0x00400f28        0x4 src/ASF/sam/drivers/pio/pio.o
                0x00400f28                pio_get_interrupt_mask
 .text.pio_handler_process
                0x00400f2c       0x68 src/ASF/sam/drivers/pio/pio_handler.o
                0x00400f2c                pio_handler_process
 .text.PIOA_Handler
                0x00400f94       0x14 src/ASF/sam/drivers/pio/pio_handler.o
                0x00400f94                PIOA_Handler
 .text.PIOB_Handler
                0x00400fa8       0x14 src/ASF/sam/drivers/pio/pio_handler.o
                0x00400fa8                PIOB_Handler
 .text.PIOC_Handler
                0x00400fbc       0x14 src/ASF/sam/drivers/pio/pio_handler.o
                0x00400fbc                PIOC_Handler
 .text.pmc_switch_mck_to_pllack
                0x00400fd0       0x68 src/ASF/sam/drivers/pmc/pmc.o
                0x00400fd0                pmc_switch_mck_to_pllack
 .text.pmc_switch_mainck_to_xtal
                0x00401038       0x54 src/ASF/sam/drivers/pmc/pmc.o
                0x00401038                pmc_switch_mainck_to_xtal
 .text.pmc_osc_is_ready_mainck
                0x0040108c       0x10 src/ASF/sam/drivers/pmc/pmc.o
                0x0040108c                pmc_osc_is_ready_mainck
 .text.pmc_disable_pllack
                0x0040109c       0x10 src/ASF/sam/drivers/pmc/pmc.o
                0x0040109c                pmc_disable_pllack
 .text.pmc_is_locked_pllack
                0x004010ac       0x10 src/ASF/sam/drivers/pmc/pmc.o
                0x004010ac                pmc_is_locked_pllack
 .text.pmc_disable_pllbck
                0x004010bc        0xc src/ASF/sam/drivers/pmc/pmc.o
                0x004010bc                pmc_disable_pllbck
 .text.pmc_is_locked_pllbck
                0x004010c8       0x10 src/ASF/sam/drivers/pmc/pmc.o
                0x004010c8                pmc_is_locked_pllbck
 .text.pmc_enable_periph_clk
                0x004010d8       0x54 src/ASF/sam/drivers/pmc/pmc.o
                0x004010d8                pmc_enable_periph_clk
 .text.pmc_disable_periph_clk
                0x0040112c       0x54 src/ASF/sam/drivers/pmc/pmc.o
                0x0040112c                pmc_disable_periph_clk
 .text.pmc_switch_udpck_to_pllbck
                0x00401180       0x14 src/ASF/sam/drivers/pmc/pmc.o
                0x00401180                pmc_switch_udpck_to_pllbck
 .text.pmc_enable_udpck
                0x00401194        0xc src/ASF/sam/drivers/pmc/pmc.o
                0x00401194                pmc_enable_udpck
 .text.pmc_set_fast_startup_input
                0x004011a0       0x14 src/ASF/sam/drivers/pmc/pmc.o
                0x004011a0                pmc_set_fast_startup_input
 .text.pmc_is_wakeup_clocks_restored
                0x004011b4       0x10 src/ASF/sam/drivers/pmc/sleep.o
                0x004011b4                pmc_is_wakeup_clocks_restored
 .text.udd_ctrl_init
                0x004011c4       0x18 src/ASF/sam/drivers/udp/udp_device.o
 .text.udd_ctrl_stall_data
                0x004011dc       0x48 src/ASF/sam/drivers/udp/udp_device.o
 .text.udd_ctrl_send_zlp_in
                0x00401224       0x48 src/ASF/sam/drivers/udp/udp_device.o
 .text.udd_ctrl_endofrequest
                0x0040126c       0x10 src/ASF/sam/drivers/udp/udp_device.o
 .text.udd_ctrl_in_sent
                0x0040127c      0x200 src/ASF/sam/drivers/udp/udp_device.o
 .text.udd_ep_finish_job
                0x0040147c       0x40 src/ASF/sam/drivers/udp/udp_device.o
 .text.udd_ep_ack_out_received
                0x004014bc       0xf4 src/ASF/sam/drivers/udp/udp_device.o
 .text.udd_ep_in_sent
                0x004015b0      0x1c8 src/ASF/sam/drivers/udp/udp_device.o
 .text.udd_sleep_mode
                0x00401778       0x90 src/ASF/sam/drivers/udp/udp_device.o
 .text.UDP_Handler
                0x00401808      0xaf0 src/ASF/sam/drivers/udp/udp_device.o
                0x00401808                UDP_Handler
 .text.udd_attach
                0x004022f8       0x70 src/ASF/sam/drivers/udp/udp_device.o
                0x004022f8                udd_attach
 .text.udd_enable
                0x00402368       0xc4 src/ASF/sam/drivers/udp/udp_device.o
                0x00402368                udd_enable
 .text.udd_is_high_speed
                0x0040242c        0x4 src/ASF/sam/drivers/udp/udp_device.o
                0x0040242c                udd_is_high_speed
 .text.udd_set_address
                0x00402430       0x38 src/ASF/sam/drivers/udp/udp_device.o
                0x00402430                udd_set_address
 .text.udd_getaddress
                0x00402468       0x1c src/ASF/sam/drivers/udp/udp_device.o
                0x00402468                udd_getaddress
 .text.udd_get_frame_number
                0x00402484       0x10 src/ASF/sam/drivers/udp/udp_device.o
                0x00402484                udd_get_frame_number
 .text.udd_get_micro_frame_number
                0x00402494        0x4 src/ASF/sam/drivers/udp/udp_device.o
                0x00402494                udd_get_micro_frame_number
 .text.udd_set_setup_payload
                0x00402498        0xc src/ASF/sam/drivers/udp/udp_device.o
                0x00402498                udd_set_setup_payload
 .text.udd_ep_alloc
                0x004024a4      0x108 src/ASF/sam/drivers/udp/udp_device.o
                0x004024a4                udd_ep_alloc
 .text.udd_ep_free
                0x004025ac       0x68 src/ASF/sam/drivers/udp/udp_device.o
                0x004025ac                udd_ep_free
 .text.udd_ep_is_halted
                0x00402614       0x40 src/ASF/sam/drivers/udp/udp_device.o
                0x00402614                udd_ep_is_halted
 .text.udd_ep_set_halt
                0x00402654       0xec src/ASF/sam/drivers/udp/udp_device.o
                0x00402654                udd_ep_set_halt
 .text.udd_ep_clear_halt
                0x00402740       0xf0 src/ASF/sam/drivers/udp/udp_device.o
                0x00402740                udd_ep_clear_halt
 .text.udd_ep_run
                0x00402830      0x174 src/ASF/sam/drivers/udp/udp_device.o
                0x00402830                udd_ep_run
 .text.udd_ep_abort
                0x004029a4      0x19c src/ASF/sam/drivers/udp/udp_device.o
                0x004029a4                udd_ep_abort
 .text.wdt_disable
                0x00402b40        0x8 src/ASF/sam/drivers/wdt/wdt.o
                0x00402b40                wdt_disable
 .text.Dummy_Handler
                0x00402b48        0x4 src/ASF/sam/utils/cmsis/sam4s/source/templates/gcc/startup_sam4s.o
                0x00402b48                DACC_Handler
                0x00402b48                DebugMon_Handler
                0x00402b48                HardFault_Handler
                0x00402b48                TC2_Handler
                0x00402b48                SPI_Handler
                0x00402b48                SysTick_Handler
                0x00402b48                TWI1_Handler
                0x00402b48                PendSV_Handler
                0x00402b48                NMI_Handler
                0x00402b48                ADC_Handler
                0x00402b48                CRCCU_Handler
                0x00402b48                USART0_Handler
                0x00402b48                RTT_Handler
                0x00402b48                EFC1_Handler
                0x00402b48                RTC_Handler
                0x00402b48                UsageFault_Handler
                0x00402b48                WDT_Handler
                0x00402b48                TC4_Handler
                0x00402b48                TC1_Handler
                0x00402b48                HSMCI_Handler
                0x00402b48                UART1_Handler
                0x00402b48                TC3_Handler
                0x00402b48                Dummy_Handler
                0x00402b48                TWI0_Handler
                0x00402b48                USART1_Handler
                0x00402b48                SSC_Handler
                0x00402b48                EFC0_Handler
                0x00402b48                ACC_Handler
                0x00402b48                PMC_Handler
                0x00402b48                PWM_Handler
                0x00402b48                MemManage_Handler
                0x00402b48                SUPC_Handler
                0x00402b48                SVC_Handler
                0x00402b48                UART0_Handler
                0x00402b48                BusFault_Handler
                0x00402b48                RSTC_Handler
                0x00402b48                TC0_Handler
                0x00402b48                TC5_Handler
 .text.Reset_Handler
                0x00402b4c       0xb0 src/ASF/sam/utils/cmsis/sam4s/source/templates/gcc/startup_sam4s.o
                0x00402b4c                Reset_Handler
 .text.SystemCoreClockUpdate
                0x00402bfc      0x114 src/ASF/sam/utils/cmsis/sam4s/source/templates/system_sam4s.o
                0x00402bfc                SystemCoreClockUpdate
 .text.system_init_flash
                0x00402d10       0x94 src/ASF/sam/utils/cmsis/sam4s/source/templates/system_sam4s.o
                0x00402d10                system_init_flash
 .text.usb_cdc_start
                0x00402da4       0x14 src/main.o
                0x00402da4                usb_cdc_start
 .text.my_callback_cdc_enable
                0x00402db8        0xc src/main.o
                0x00402db8                my_callback_cdc_enable
 .text.my_callback_cdc_disable
                0x00402dc4        0xc src/main.o
                0x00402dc4                my_callback_cdc_disable
 .text.usb_cdc_putc
                0x00402dd0       0x18 src/main.o
                0x00402dd0                usb_cdc_putc
 .text.reverse_case
                0x00402de8       0x10 src/main.o
                0x00402de8                reverse_case
 .text.main     0x00402df8       0x64 src/main.o
                0x00402df8                main
 .text.__libc_init_array
                0x00402e5c       0x50 c:/program files (x86)/atmel/studio/7.0/toolchain/arm/arm-gnu-toolchain/bin/../lib/gcc/arm-none-eabi/4.9.3/../../../../arm-none-eabi/lib/armv7e-m\libc.a(lib_a-init.o)
                0x00402e5c                __libc_init_array
 .text.startup.register_fini
                0x00402eac       0x14 c:/program files (x86)/atmel/studio/7.0/toolchain/arm/arm-gnu-toolchain/bin/../lib/gcc/arm-none-eabi/4.9.3/../../../../arm-none-eabi/lib/armv7e-m\libc.a(lib_a-__call_atexit.o)
 .text.atexit   0x00402ec0        0xc c:/program files (x86)/atmel/studio/7.0/toolchain/arm/arm-gnu-toolchain/bin/../lib/gcc/arm-none-eabi/4.9.3/../../../../arm-none-eabi/lib/armv7e-m\libc.a(lib_a-atexit.o)
                0x00402ec0                atexit
 .text.__libc_fini_array
                0x00402ecc       0x2c c:/program files (x86)/atmel/studio/7.0/toolchain/arm/arm-gnu-toolchain/bin/../lib/gcc/arm-none-eabi/4.9.3/../../../../arm-none-eabi/lib/armv7e-m\libc.a(lib_a-fini.o)
                0x00402ecc                __libc_fini_array
 .text.__register_exitproc
                0x00402ef8       0xa4 c:/program files (x86)/atmel/studio/7.0/toolchain/arm/arm-gnu-toolchain/bin/../lib/gcc/arm-none-eabi/4.9.3/../../../../arm-none-eabi/lib/armv7e-m\libc.a(lib_a-__atexit.o)
                0x00402ef8                __register_exitproc
 *(.glue_7t)
 .glue_7t       0x00000000        0x0 linker stubs
 *(.glue_7)
 .glue_7        0x00000000        0x0 linker stubs
 *(.rodata .rodata* .gnu.linkonce.r.*)
 .rodata.str1.4
                0x00402f9c        0x4 c:/program files (x86)/atmel/studio/7.0/toolchain/arm/arm-gnu-toolchain/bin/../lib/gcc/arm-none-eabi/4.9.3/../../../../arm-none-eabi/lib/armv7e-m\libc.a(lib_a-impure.o)
                                  0x2 (size before relaxing)
 .rodata._global_impure_ptr
                0x00402fa0        0x4 c:/program files (x86)/atmel/studio/7.0/toolchain/arm/arm-gnu-toolchain/bin/../lib/gcc/arm-none-eabi/4.9.3/../../../../arm-none-eabi/lib/armv7e-m\libc.a(lib_a-impure.o)
                0x00402fa0                _global_impure_ptr
 *(.ARM.extab* .gnu.linkonce.armextab.*)
                0x00402fa4                . = ALIGN (0x4)
 *(.init)
 .init          0x00402fa4        0x4 c:/program files (x86)/atmel/studio/7.0/toolchain/arm/arm-gnu-toolchain/bin/../lib/gcc/arm-none-eabi/4.9.3/armv7e-m/crti.o
                0x00402fa4                _init
 .init          0x00402fa8        0x8 c:/program files (x86)/atmel/studio/7.0/toolchain/arm/arm-gnu-toolchain/bin/../lib/gcc/arm-none-eabi/4.9.3/armv7e-m/crtn.o
                0x00402fb0                . = ALIGN (0x4)
                0x00402fb0                __preinit_array_start = .
 *(.preinit_array)
                0x00402fb0                __preinit_array_end = .
                0x00402fb0                . = ALIGN (0x4)
                0x00402fb0                __init_array_start = .
 *(SORT(.init_array.*))
 .init_array.00000
                0x00402fb0        0x4 c:/program files (x86)/atmel/studio/7.0/toolchain/arm/arm-gnu-toolchain/bin/../lib/gcc/arm-none-eabi/4.9.3/../../../../arm-none-eabi/lib/armv7e-m\libc.a(lib_a-__call_atexit.o)
 *(.init_array)
 .init_array    0x00402fb4        0x4 c:/program files (x86)/atmel/studio/7.0/toolchain/arm/arm-gnu-toolchain/bin/../lib/gcc/arm-none-eabi/4.9.3/armv7e-m/crtbegin.o
                0x00402fb8                __init_array_end = .
                0x00402fb8                . = ALIGN (0x4)
 *crtbegin.o(.ctors)
 *(EXCLUDE_FILE(*crtend.o) .ctors)
 *(SORT(.ctors.*))
 *crtend.o(.ctors)
                0x00402fb8                . = ALIGN (0x4)
 *(.fini)
 .fini          0x00402fb8        0x4 c:/program files (x86)/atmel/studio/7.0/toolchain/arm/arm-gnu-toolchain/bin/../lib/gcc/arm-none-eabi/4.9.3/armv7e-m/crti.o
                0x00402fb8                _fini
 .fini          0x00402fbc        0x8 c:/program files (x86)/atmel/studio/7.0/toolchain/arm/arm-gnu-toolchain/bin/../lib/gcc/arm-none-eabi/4.9.3/armv7e-m/crtn.o
                0x00402fc4                . = ALIGN (0x4)
                0x00402fc4                __fini_array_start = .
 *(.fini_array)
 .fini_array    0x00402fc4        0x4 c:/program files (x86)/atmel/studio/7.0/toolchain/arm/arm-gnu-toolchain/bin/../lib/gcc/arm-none-eabi/4.9.3/armv7e-m/crtbegin.o
 *(SORT(.fini_array.*))
                0x00402fc8                __fini_array_end = .
 *crtbegin.o(.dtors)
 *(EXCLUDE_FILE(*crtend.o) .dtors)
 *(SORT(.dtors.*))
 *crtend.o(.dtors)
                0x00402fc8                . = ALIGN (0x4)
                0x00402fc8                _efixed = .
                0x00402fc8                PROVIDE (__exidx_start, .)

.vfp11_veneer   0x00402fc8        0x0
 .vfp11_veneer  0x00000000        0x0 linker stubs

.v4_bx          0x00402fc8        0x0
 .v4_bx         0x00000000        0x0 linker stubs

.iplt           0x00402fc8        0x0
 .iplt          0x00000000        0x0 c:/program files (x86)/atmel/studio/7.0/toolchain/arm/arm-gnu-toolchain/bin/../lib/gcc/arm-none-eabi/4.9.3/armv7e-m/crtbegin.o

.eh_frame       0x00402fc8        0x0
 .eh_frame      0x00402fc8        0x0 c:/program files (x86)/atmel/studio/7.0/toolchain/arm/arm-gnu-toolchain/bin/../lib/gcc/arm-none-eabi/4.9.3/armv7e-m/crtbegin.o

.rel.dyn        0x00402fc8        0x0
 .rel.iplt      0x00000000        0x0 c:/program files (x86)/atmel/studio/7.0/toolchain/arm/arm-gnu-toolchain/bin/../lib/gcc/arm-none-eabi/4.9.3/armv7e-m/crtbegin.o

.jcr            0x00402fc8        0x0
 .jcr           0x00402fc8        0x0 c:/program files (x86)/atmel/studio/7.0/toolchain/arm/arm-gnu-toolchain/bin/../lib/gcc/arm-none-eabi/4.9.3/armv7e-m/crtbegin.o

.igot.plt       0x00402fc8        0x0
 .igot.plt      0x00000000        0x0 c:/program files (x86)/atmel/studio/7.0/toolchain/arm/arm-gnu-toolchain/bin/../lib/gcc/arm-none-eabi/4.9.3/armv7e-m/crtbegin.o

.ARM.exidx
 *(.ARM.exidx* .gnu.linkonce.armexidx.*)
                0x00402fc8                PROVIDE (__exidx_end, .)
                0x00402fc8                . = ALIGN (0x4)
                0x00402fc8                _etext = .

.relocate       0x20000000      0x4d0 load address 0x00402fc8
                0x20000000                . = ALIGN (0x4)
                0x20000000                _srelocate = .
 *(.ramfunc .ramfunc.*)
 *(.data .data.*)
 .data.udi_api_cdc_data
                0x20000000       0x14 src/ASF/common/services/usb/class/cdc/device/udi_cdc.o
                0x20000000                udi_api_cdc_data
 .data.udi_api_cdc_comm
                0x20000014       0x14 src/ASF/common/services/usb/class/cdc/device/udi_cdc.o
                0x20000014                udi_api_cdc_comm
 .data.udc_config
                0x20000028        0xc src/ASF/common/services/usb/class/cdc/device/udi_cdc_desc.o
                0x20000028                udc_config
 .data.udi_apis
                0x20000034        0x8 src/ASF/common/services/usb/class/cdc/device/udi_cdc_desc.o
                0x20000034                udi_apis
 .data.udc_config_fs
                0x2000003c        0x8 src/ASF/common/services/usb/class/cdc/device/udi_cdc_desc.o
                0x2000003c                udc_config_fs
 .data.udc_device_desc
                0x20000044       0x12 src/ASF/common/services/usb/class/cdc/device/udi_cdc_desc.o
                0x20000044                udc_device_desc
 *fill*         0x20000056        0x2 
 .data.udc_desc_fs
                0x20000058       0x43 src/ASF/common/services/usb/class/cdc/device/udi_cdc_desc.o
                0x20000058                udc_desc_fs
 *fill*         0x2000009b        0x1 
 .data.udc_string_desc_languageid
                0x2000009c        0x4 src/ASF/common/services/usb/udc/udc.o
 .data.g_interrupt_enabled
                0x200000a0        0x1 src/ASF/common/utils/interrupt/interrupt_sam_nvic.o
                0x200000a0                g_interrupt_enabled
 *fill*         0x200000a1        0x3 
 .data.SystemCoreClock
                0x200000a4        0x4 src/ASF/sam/utils/cmsis/sam4s/source/templates/system_sam4s.o
                0x200000a4                SystemCoreClock
 .data.impure_data
                0x200000a8      0x428 c:/program files (x86)/atmel/studio/7.0/toolchain/arm/arm-gnu-toolchain/bin/../lib/gcc/arm-none-eabi/4.9.3/../../../../arm-none-eabi/lib/armv7e-m\libc.a(lib_a-impure.o)
                0x200004d0                . = ALIGN (0x4)
                0x200004d0                _erelocate = .

.bss            0x200004d0      0x250 load address 0x00403498
                0x200004d0                . = ALIGN (0x4)
                0x200004d0                _sbss = .
                0x200004d0                _szero = .
 *(.bss .bss.*)
 .bss           0x200004d0       0x1c c:/program files (x86)/atmel/studio/7.0/toolchain/arm/arm-gnu-toolchain/bin/../lib/gcc/arm-none-eabi/4.9.3/armv7e-m/crtbegin.o
 .bss.udi_cdc_line_coding
                0x200004ec        0x7 src/ASF/common/services/usb/class/cdc/device/udi_cdc.o
 .bss.udi_cdc_nb_data_enabled
                0x200004f3        0x1 src/ASF/common/services/usb/class/cdc/device/udi_cdc.o
 .bss.udi_cdc_tx_buf_sel
                0x200004f4        0x1 src/ASF/common/services/usb/class/cdc/device/udi_cdc.o
 *fill*         0x200004f5        0x3 
 .bss.udi_cdc_tx_buf_nb
                0x200004f8        0x4 src/ASF/common/services/usb/class/cdc/device/udi_cdc.o
 .bss.udi_cdc_tx_buf
                0x200004fc       0x80 src/ASF/common/services/usb/class/cdc/device/udi_cdc.o
 .bss.udi_cdc_rx_buf_nb
                0x2000057c        0x4 src/ASF/common/services/usb/class/cdc/device/udi_cdc.o
 .bss.udi_cdc_nb_comm_enabled
                0x20000580        0x1 src/ASF/common/services/usb/class/cdc/device/udi_cdc.o
 *fill*         0x20000581        0x3 
 .bss.udi_cdc_rx_pos
                0x20000584        0x2 src/ASF/common/services/usb/class/cdc/device/udi_cdc.o
 .bss.sof_zlp_counter.7975
                0x20000586        0x2 src/ASF/common/services/usb/class/cdc/device/udi_cdc.o
 .bss.udi_cdc_tx_sof_num
                0x20000588        0x2 src/ASF/common/services/usb/class/cdc/device/udi_cdc.o
 .bss.udi_cdc_data_running
                0x2000058a        0x1 src/ASF/common/services/usb/class/cdc/device/udi_cdc.o
 *fill*         0x2000058b        0x1 
 .bss.udi_cdc_rx_buf_sel
                0x2000058c        0x1 src/ASF/common/services/usb/class/cdc/device/udi_cdc.o
 *fill*         0x2000058d        0x3 
 .bss.udi_cdc_tx_trans_ongoing
                0x20000590        0x1 src/ASF/common/services/usb/class/cdc/device/udi_cdc.o
 *fill*         0x20000591        0x3 
 .bss.uid_cdc_state_msg
                0x20000594        0xa src/ASF/common/services/usb/class/cdc/device/udi_cdc.o
 *fill*         0x2000059e        0x2 
 .bss.udi_cdc_rx_buf
                0x200005a0       0x80 src/ASF/common/services/usb/class/cdc/device/udi_cdc.o
 .bss.udi_cdc_rx_trans_ongoing
                0x20000620        0x1 src/ASF/common/services/usb/class/cdc/device/udi_cdc.o
 *fill*         0x20000621        0x3 
 .bss.udi_cdc_tx_both_buf_to_send
                0x20000624        0x1 src/ASF/common/services/usb/class/cdc/device/udi_cdc.o
 *fill*         0x20000625        0x3 
 .bss.udi_cdc_state
                0x20000628        0x2 src/ASF/common/services/usb/class/cdc/device/udi_cdc.o
 *fill*         0x2000062a        0x2 
 .bss.udc_ptr_conf
                0x2000062c        0x4 src/ASF/common/services/usb/udc/udc.o
 .bss.udc_ep_status.7643
                0x20000630        0x2 src/ASF/common/services/usb/udc/udc.o
 *fill*         0x20000632        0x2 
 .bss.udc_iface_setting
                0x20000634        0x1 src/ASF/common/services/usb/udc/udc.o
 *fill*         0x20000635        0x1 
 .bss.udc_device_status
                0x20000636        0x2 src/ASF/common/services/usb/udc/udc.o
 .bss.udc_num_configuration
                0x20000638        0x1 src/ASF/common/services/usb/udc/udc.o
 *fill*         0x20000639        0x3 
 .bss.udc_ptr_iface
                0x2000063c        0x4 src/ASF/common/services/usb/udc/udc.o
 .bss.pio_capture_handler
                0x20000640        0x4 src/ASF/sam/drivers/pio/pio_handler.o
 .bss.gs_interrupt_sources
                0x20000644       0x70 src/ASF/sam/drivers/pio/pio_handler.o
 .bss.b_is_sleep_clock_used
                0x200006b4        0x1 src/ASF/sam/drivers/pmc/sleep.o
 .bss.b_shortpacket.8694
                0x200006b5        0x1 src/ASF/sam/drivers/udp/udp_device.o
 .bss.udd_ctrl_prev_payload_nb_trans
                0x200006b6        0x2 src/ASF/sam/drivers/udp/udp_device.o
 .bss.udd_ep_job
                0x200006b8       0x3c src/ASF/sam/drivers/udp/udp_device.o
 .bss.udd_b_idle
                0x200006f4        0x1 src/ASF/sam/drivers/udp/udp_device.o
 *fill*         0x200006f5        0x1 
 .bss.udd_ctrl_payload_nb_trans
                0x200006f6        0x2 src/ASF/sam/drivers/udp/udp_device.o
 .bss.udd_ep_control_state
                0x200006f8        0x1 src/ASF/sam/drivers/udp/udp_device.o
 .bss.my_flag_autorize_cdc_transfert
                0x200006f9        0x1 src/main.o
 *(COMMON)
 *fill*         0x200006fa        0x2 
 COMMON         0x200006fc        0x6 src/ASF/common/services/sleepmgr/sam/sleepmgr.o
                0x200006fc                sleepmgr_locks
 *fill*         0x20000702        0x2 
 COMMON         0x20000704        0x4 src/ASF/sam/drivers/pio/pio.o
                0x20000704                pio_capture_enable_flag
 COMMON         0x20000708       0x18 src/ASF/sam/drivers/udp/udp_device.o
                0x20000708                udd_g_ctrlreq
                0x20000720                . = ALIGN (0x4)
                0x20000720                _ebss = .
                0x20000720                _ezero = .

.stack          0x20000720     0x3000 load address 0x004036e8
                0x20000720                . = ALIGN (0x8)
                0x20000720                _sstack = .
                0x20003720                . = (. + __stack_size__)
 *fill*         0x20000720     0x3000 
                0x20003720                . = ALIGN (0x8)
                0x20003720                _estack = .
                0x20003720                . = ALIGN (0x4)
                0x20003720                _end = .
OUTPUT(Hello_ATSAM4S_ASF.elf elf32-littlearm)

.ARM.attributes
                0x00000000       0x2a
 .ARM.attributes
                0x00000000       0x1e c:/program files (x86)/atmel/studio/7.0/toolchain/arm/arm-gnu-toolchain/bin/../lib/gcc/arm-none-eabi/4.9.3/armv7e-m/crti.o
 .ARM.attributes
                0x0000001e       0x2e c:/program files (x86)/atmel/studio/7.0/toolchain/arm/arm-gnu-toolchain/bin/../lib/gcc/arm-none-eabi/4.9.3/armv7e-m/crtbegin.o
 .ARM.attributes
                0x0000004c       0x33 src/ASF/common/services/sleepmgr/sam/sleepmgr.o
 .ARM.attributes
                0x0000007f       0x33 src/ASF/common/services/usb/class/cdc/device/udi_cdc.o
 .ARM.attributes
                0x000000b2       0x33 src/ASF/common/services/usb/class/cdc/device/udi_cdc_desc.o
 .ARM.attributes
                0x000000e5       0x33 src/ASF/common/services/usb/udc/udc.o
 .ARM.attributes
                0x00000118       0x33 src/ASF/common/services/clock/sam4s/sysclk.o
 .ARM.attributes
                0x0000014b       0x33 src/ASF/common/utils/interrupt/interrupt_sam_nvic.o
 .ARM.attributes
                0x0000017e       0x33 src/ASF/sam/boards/sam4s_xplained_pro/init.o
 .ARM.attributes
                0x000001b1       0x33 src/ASF/sam/drivers/pio/pio.o
 .ARM.attributes
                0x000001e4       0x33 src/ASF/sam/drivers/pio/pio_handler.o
 .ARM.attributes
                0x00000217       0x33 src/ASF/sam/drivers/pmc/pmc.o
 .ARM.attributes
                0x0000024a       0x33 src/ASF/sam/drivers/pmc/sleep.o
 .ARM.attributes
                0x0000027d       0x33 src/ASF/sam/drivers/udp/udp_device.o
 .ARM.attributes
                0x000002b0       0x33 src/ASF/sam/drivers/wdt/wdt.o
 .ARM.attributes
                0x000002e3       0x33 src/ASF/sam/utils/cmsis/sam4s/source/templates/gcc/startup_sam4s.o
 .ARM.attributes
                0x00000316       0x33 src/ASF/sam/utils/cmsis/sam4s/source/templates/system_sam4s.o
 .ARM.attributes
                0x00000349       0x33 src/main.o
 .ARM.attributes
                0x0000037c       0x2e c:/program files (x86)/atmel/studio/7.0/toolchain/arm/arm-gnu-toolchain/bin/../lib/gcc/arm-none-eabi/4.9.3/../../../../arm-none-eabi/lib/armv7e-m\libc.a(lib_a-impure.o)
 .ARM.attributes
                0x000003aa       0x2e c:/program files (x86)/atmel/studio/7.0/toolchain/arm/arm-gnu-toolchain/bin/../lib/gcc/arm-none-eabi/4.9.3/../../../../arm-none-eabi/lib/armv7e-m\libc.a(lib_a-init.o)
 .ARM.attributes
                0x000003d8       0x2e c:/program files (x86)/atmel/studio/7.0/toolchain/arm/arm-gnu-toolchain/bin/../lib/gcc/arm-none-eabi/4.9.3/../../../../arm-none-eabi/lib/armv7e-m\libc.a(lib_a-__call_atexit.o)
 .ARM.attributes
                0x00000406       0x2e c:/program files (x86)/atmel/studio/7.0/toolchain/arm/arm-gnu-toolchain/bin/../lib/gcc/arm-none-eabi/4.9.3/../../../../arm-none-eabi/lib/armv7e-m\libc.a(lib_a-atexit.o)
 .ARM.attributes
                0x00000434       0x2e c:/program files (x86)/atmel/studio/7.0/toolchain/arm/arm-gnu-toolchain/bin/../lib/gcc/arm-none-eabi/4.9.3/../../../../arm-none-eabi/lib/armv7e-m\libc.a(lib_a-fini.o)
 .ARM.attributes
                0x00000462       0x2e c:/program files (x86)/atmel/studio/7.0/toolchain/arm/arm-gnu-toolchain/bin/../lib/gcc/arm-none-eabi/4.9.3/../../../../arm-none-eabi/lib/armv7e-m\libc.a(lib_a-__atexit.o)
 .ARM.attributes
                0x00000490       0x1e c:/program files (x86)/atmel/studio/7.0/toolchain/arm/arm-gnu-toolchain/bin/../lib/gcc/arm-none-eabi/4.9.3/armv7e-m/crtn.o

.comment        0x00000000       0x5b
 .comment       0x00000000       0x5b src/ASF/common/services/sleepmgr/sam/sleepmgr.o
                                 0x5c (size before relaxing)
 .comment       0x00000000       0x5c src/ASF/common/services/usb/class/cdc/device/udi_cdc.o
 .comment       0x00000000       0x5c src/ASF/common/services/usb/class/cdc/device/udi_cdc_desc.o
 .comment       0x00000000       0x5c src/ASF/common/services/usb/udc/udc.o
 .comment       0x00000000       0x5c src/ASF/common/services/clock/sam4s/sysclk.o
 .comment       0x00000000       0x5c src/ASF/common/utils/interrupt/interrupt_sam_nvic.o
 .comment       0x00000000       0x5c src/ASF/sam/boards/sam4s_xplained_pro/init.o
 .comment       0x00000000       0x5c src/ASF/sam/drivers/pio/pio.o
 .comment       0x00000000       0x5c src/ASF/sam/drivers/pio/pio_handler.o
 .comment       0x00000000       0x5c src/ASF/sam/drivers/pmc/pmc.o
 .comment       0x00000000       0x5c src/ASF/sam/drivers/pmc/sleep.o
 .comment       0x00000000       0x5c src/ASF/sam/drivers/udp/udp_device.o
 .comment       0x00000000       0x5c src/ASF/sam/drivers/wdt/wdt.o
 .comment       0x00000000       0x5c src/ASF/sam/utils/cmsis/sam4s/source/templates/gcc/startup_sam4s.o
 .comment       0x00000000       0x5c src/ASF/sam/utils/cmsis/sam4s/source/templates/system_sam4s.o
 .comment       0x00000000       0x5c src/main.o

.debug_info     0x00000000     0xd817
 .debug_info    0x00000000      0x172 src/ASF/common/services/sleepmgr/sam/sleepmgr.o
 .debug_info    0x00000172     0x1a8e src/ASF/common/services/usb/class/cdc/device/udi_cdc.o
 .debug_info    0x00001c00      0x861 src/ASF/common/services/usb/class/cdc/device/udi_cdc_desc.o
 .debug_info    0x00002461      0xffe src/ASF/common/services/usb/udc/udc.o
 .debug_info    0x0000345f      0x865 src/ASF/common/services/clock/sam4s/sysclk.o
 .debug_info    0x00003cc4      0x1e8 src/ASF/common/utils/interrupt/interrupt_sam_nvic.o
 .debug_info    0x00003eac      0xcfc src/ASF/sam/boards/sam4s_xplained_pro/init.o
 .debug_info    0x00004ba8     0x1951 src/ASF/sam/drivers/pio/pio.o
 .debug_info    0x000064f9      0xf77 src/ASF/sam/drivers/pio/pio_handler.o
 .debug_info    0x00007470     0x10d2 src/ASF/sam/drivers/pmc/pmc.o
 .debug_info    0x00008542      0xa6b src/ASF/sam/drivers/pmc/sleep.o
 .debug_info    0x00008fad     0x2f20 src/ASF/sam/drivers/udp/udp_device.o
 .debug_info    0x0000becd      0x2d6 src/ASF/sam/drivers/wdt/wdt.o
 .debug_info    0x0000c1a3      0x68d src/ASF/sam/utils/cmsis/sam4s/source/templates/gcc/startup_sam4s.o
 .debug_info    0x0000c830      0x469 src/ASF/sam/utils/cmsis/sam4s/source/templates/system_sam4s.o
 .debug_info    0x0000cc99      0xb7e src/main.o

.debug_abbrev   0x00000000     0x241a
 .debug_abbrev  0x00000000       0xa9 src/ASF/common/services/sleepmgr/sam/sleepmgr.o
 .debug_abbrev  0x000000a9      0x3bb src/ASF/common/services/usb/class/cdc/device/udi_cdc.o
 .debug_abbrev  0x00000464      0x125 src/ASF/common/services/usb/class/cdc/device/udi_cdc_desc.o
 .debug_abbrev  0x00000589      0x375 src/ASF/common/services/usb/udc/udc.o
 .debug_abbrev  0x000008fe      0x22a src/ASF/common/services/clock/sam4s/sysclk.o
 .debug_abbrev  0x00000b28       0xef src/ASF/common/utils/interrupt/interrupt_sam_nvic.o
 .debug_abbrev  0x00000c17      0x1f9 src/ASF/sam/boards/sam4s_xplained_pro/init.o
 .debug_abbrev  0x00000e10      0x30b src/ASF/sam/drivers/pio/pio.o
 .debug_abbrev  0x0000111b      0x280 src/ASF/sam/drivers/pio/pio_handler.o
 .debug_abbrev  0x0000139b      0x277 src/ASF/sam/drivers/pmc/pmc.o
 .debug_abbrev  0x00001612      0x228 src/ASF/sam/drivers/pmc/sleep.o
 .debug_abbrev  0x0000183a      0x565 src/ASF/sam/drivers/udp/udp_device.o
 .debug_abbrev  0x00001d9f      0x12a src/ASF/sam/drivers/wdt/wdt.o
 .debug_abbrev  0x00001ec9      0x168 src/ASF/sam/utils/cmsis/sam4s/source/templates/gcc/startup_sam4s.o
 .debug_abbrev  0x00002031       0xf5 src/ASF/sam/utils/cmsis/sam4s/source/templates/system_sam4s.o
 .debug_abbrev  0x00002126      0x2f4 src/main.o

.debug_aranges  0x00000000      0x8e0
 .debug_aranges
                0x00000000       0x18 src/ASF/common/services/sleepmgr/sam/sleepmgr.o
 .debug_aranges
                0x00000018      0x168 src/ASF/common/services/usb/class/cdc/device/udi_cdc.o
 .debug_aranges
                0x00000180       0x18 src/ASF/common/services/usb/class/cdc/device/udi_cdc_desc.o
 .debug_aranges
                0x00000198       0x70 src/ASF/common/services/usb/udc/udc.o
 .debug_aranges
                0x00000208       0x40 src/ASF/common/services/clock/sam4s/sysclk.o
 .debug_aranges
                0x00000248       0x28 src/ASF/common/utils/interrupt/interrupt_sam_nvic.o
 .debug_aranges
                0x00000270       0x20 src/ASF/sam/boards/sam4s_xplained_pro/init.o
 .debug_aranges
                0x00000290      0x1a8 src/ASF/sam/drivers/pio/pio.o
 .debug_aranges
                0x00000438       0x58 src/ASF/sam/drivers/pio/pio_handler.o
 .debug_aranges
                0x00000490      0x208 src/ASF/sam/drivers/pmc/pmc.o
 .debug_aranges
                0x00000698       0x30 src/ASF/sam/drivers/pmc/sleep.o
 .debug_aranges
                0x000006c8      0x108 src/ASF/sam/drivers/udp/udp_device.o
 .debug_aranges
                0x000007d0       0x48 src/ASF/sam/drivers/wdt/wdt.o
 .debug_aranges
                0x00000818       0x28 src/ASF/sam/utils/cmsis/sam4s/source/templates/gcc/startup_sam4s.o
 .debug_aranges
                0x00000840       0x30 src/ASF/sam/utils/cmsis/sam4s/source/templates/system_sam4s.o
 .debug_aranges
                0x00000870       0x70 src/main.o

.debug_macro    0x00000000    0x149b1
 .debug_macro   0x00000000      0x4ce src/ASF/common/services/sleepmgr/sam/sleepmgr.o
 .debug_macro   0x000004ce      0x8a4 src/ASF/common/services/sleepmgr/sam/sleepmgr.o
 .debug_macro   0x00000d72      0x166 src/ASF/common/services/sleepmgr/sam/sleepmgr.o
 .debug_macro   0x00000ed8      0x621 src/ASF/common/services/sleepmgr/sam/sleepmgr.o
 .debug_macro   0x000014f9       0x76 src/ASF/common/services/sleepmgr/sam/sleepmgr.o
 .debug_macro   0x0000156f       0x16 src/ASF/common/services/sleepmgr/sam/sleepmgr.o
 .debug_macro   0x00001585      0x6e4 src/ASF/common/services/sleepmgr/sam/sleepmgr.o
 .debug_macro   0x00001c69       0x22 src/ASF/common/services/sleepmgr/sam/sleepmgr.o
 .debug_macro   0x00001c8b       0x44 src/ASF/common/services/sleepmgr/sam/sleepmgr.o
 .debug_macro   0x00001ccf       0x58 src/ASF/common/services/sleepmgr/sam/sleepmgr.o
 .debug_macro   0x00001d27       0x22 src/ASF/common/services/sleepmgr/sam/sleepmgr.o
 .debug_macro   0x00001d49      0x1df src/ASF/common/services/sleepmgr/sam/sleepmgr.o
 .debug_macro   0x00001f28       0x27 src/ASF/common/services/sleepmgr/sam/sleepmgr.o
 .debug_macro   0x00001f4f       0x3b src/ASF/common/services/sleepmgr/sam/sleepmgr.o
 .debug_macro   0x00001f8a       0x2d src/ASF/common/services/sleepmgr/sam/sleepmgr.o
 .debug_macro   0x00001fb7       0x26 src/ASF/common/services/sleepmgr/sam/sleepmgr.o
 .debug_macro   0x00001fdd      0xbbf src/ASF/common/services/sleepmgr/sam/sleepmgr.o
 .debug_macro   0x00002b9c      0x159 src/ASF/common/services/sleepmgr/sam/sleepmgr.o
 .debug_macro   0x00002cf5      0xaaf src/ASF/common/services/sleepmgr/sam/sleepmgr.o
 .debug_macro   0x000037a4      0x284 src/ASF/common/services/sleepmgr/sam/sleepmgr.o
 .debug_macro   0x00003a28      0x11e src/ASF/common/services/sleepmgr/sam/sleepmgr.o
 .debug_macro   0x00003b46       0xac src/ASF/common/services/sleepmgr/sam/sleepmgr.o
 .debug_macro   0x00003bf2      0x401 src/ASF/common/services/sleepmgr/sam/sleepmgr.o
 .debug_macro   0x00003ff3      0x106 src/ASF/common/services/sleepmgr/sam/sleepmgr.o
 .debug_macro   0x000040f9       0x1c src/ASF/common/services/sleepmgr/sam/sleepmgr.o
 .debug_macro   0x00004115      0x738 src/ASF/common/services/sleepmgr/sam/sleepmgr.o
 .debug_macro   0x0000484d      0x2d2 src/ASF/common/services/sleepmgr/sam/sleepmgr.o
 .debug_macro   0x00004b1f       0xbe src/ASF/common/services/sleepmgr/sam/sleepmgr.o
 .debug_macro   0x00004bdd     0x280b src/ASF/common/services/sleepmgr/sam/sleepmgr.o
 .debug_macro   0x000073e8      0x777 src/ASF/common/services/sleepmgr/sam/sleepmgr.o
 .debug_macro   0x00007b5f      0xa8e src/ASF/common/services/sleepmgr/sam/sleepmgr.o
 .debug_macro   0x000085ed       0x9a src/ASF/common/services/sleepmgr/sam/sleepmgr.o
 .debug_macro   0x00008687      0x3d8 src/ASF/common/services/sleepmgr/sam/sleepmgr.o
 .debug_macro   0x00008a5f       0x64 src/ASF/common/services/sleepmgr/sam/sleepmgr.o
 .debug_macro   0x00008ac3      0x1ae src/ASF/common/services/sleepmgr/sam/sleepmgr.o
 .debug_macro   0x00008c71      0x386 src/ASF/common/services/sleepmgr/sam/sleepmgr.o
 .debug_macro   0x00008ff7      0x624 src/ASF/common/services/sleepmgr/sam/sleepmgr.o
 .debug_macro   0x0000961b      0x690 src/ASF/common/services/sleepmgr/sam/sleepmgr.o
 .debug_macro   0x00009cab      0x59f src/ASF/common/services/sleepmgr/sam/sleepmgr.o
 .debug_macro   0x0000a24a      0x34d src/ASF/common/services/sleepmgr/sam/sleepmgr.o
 .debug_macro   0x0000a597      0x28c src/ASF/common/services/sleepmgr/sam/sleepmgr.o
 .debug_macro   0x0000a823      0x2d6 src/ASF/common/services/sleepmgr/sam/sleepmgr.o
 .debug_macro   0x0000aaf9      0x6d9 src/ASF/common/services/sleepmgr/sam/sleepmgr.o
 .debug_macro   0x0000b1d2       0x76 src/ASF/common/services/sleepmgr/sam/sleepmgr.o
 .debug_macro   0x0000b248       0xb8 src/ASF/common/services/sleepmgr/sam/sleepmgr.o
 .debug_macro   0x0000b300       0xb2 src/ASF/common/services/sleepmgr/sam/sleepmgr.o
 .debug_macro   0x0000b3b2       0x88 src/ASF/common/services/sleepmgr/sam/sleepmgr.o
 .debug_macro   0x0000b43a      0x105 src/ASF/common/services/sleepmgr/sam/sleepmgr.o
 .debug_macro   0x0000b53f      0x105 src/ASF/common/services/sleepmgr/sam/sleepmgr.o
 .debug_macro   0x0000b644       0x88 src/ASF/common/services/sleepmgr/sam/sleepmgr.o
 .debug_macro   0x0000b6cc       0x88 src/ASF/common/services/sleepmgr/sam/sleepmgr.o
 .debug_macro   0x0000b754      0x2cd src/ASF/common/services/sleepmgr/sam/sleepmgr.o
 .debug_macro   0x0000ba21       0xb2 src/ASF/common/services/sleepmgr/sam/sleepmgr.o
 .debug_macro   0x0000bad3       0xb2 src/ASF/common/services/sleepmgr/sam/sleepmgr.o
 .debug_macro   0x0000bb85       0x52 src/ASF/common/services/sleepmgr/sam/sleepmgr.o
 .debug_macro   0x0000bbd7       0xac src/ASF/common/services/sleepmgr/sam/sleepmgr.o
 .debug_macro   0x0000bc83       0x7c src/ASF/common/services/sleepmgr/sam/sleepmgr.o
 .debug_macro   0x0000bcff       0x40 src/ASF/common/services/sleepmgr/sam/sleepmgr.o
 .debug_macro   0x0000bd3f       0x64 src/ASF/common/services/sleepmgr/sam/sleepmgr.o
 .debug_macro   0x0000bda3       0x46 src/ASF/common/services/sleepmgr/sam/sleepmgr.o
 .debug_macro   0x0000bde9       0x88 src/ASF/common/services/sleepmgr/sam/sleepmgr.o
 .debug_macro   0x0000be71       0x4c src/ASF/common/services/sleepmgr/sam/sleepmgr.o
 .debug_macro   0x0000bebd       0xa6 src/ASF/common/services/sleepmgr/sam/sleepmgr.o
 .debug_macro   0x0000bf63       0x7c src/ASF/common/services/sleepmgr/sam/sleepmgr.o
 .debug_macro   0x0000bfdf       0x16 src/ASF/common/services/sleepmgr/sam/sleepmgr.o
 .debug_macro   0x0000bff5       0x7c src/ASF/common/services/sleepmgr/sam/sleepmgr.o
 .debug_macro   0x0000c071       0x22 src/ASF/common/services/sleepmgr/sam/sleepmgr.o
 .debug_macro   0x0000c093       0x22 src/ASF/common/services/sleepmgr/sam/sleepmgr.o
 .debug_macro   0x0000c0b5      0x195 src/ASF/common/services/sleepmgr/sam/sleepmgr.o
 .debug_macro   0x0000c24a      0x165 src/ASF/common/services/sleepmgr/sam/sleepmgr.o
 .debug_macro   0x0000c3af      0x165 src/ASF/common/services/sleepmgr/sam/sleepmgr.o
 .debug_macro   0x0000c514       0x1c src/ASF/common/services/sleepmgr/sam/sleepmgr.o
 .debug_macro   0x0000c530       0x2e src/ASF/common/services/sleepmgr/sam/sleepmgr.o
 .debug_macro   0x0000c55e       0x22 src/ASF/common/services/sleepmgr/sam/sleepmgr.o
 .debug_macro   0x0000c580       0x1c src/ASF/common/services/sleepmgr/sam/sleepmgr.o
 .debug_macro   0x0000c59c       0x52 src/ASF/common/services/sleepmgr/sam/sleepmgr.o
 .debug_macro   0x0000c5ee       0x10 src/ASF/common/services/sleepmgr/sam/sleepmgr.o
 .debug_macro   0x0000c5fe      0x234 src/ASF/common/services/sleepmgr/sam/sleepmgr.o
 .debug_macro   0x0000c832      0x938 src/ASF/common/services/sleepmgr/sam/sleepmgr.o
 .debug_macro   0x0000d16a      0x12a src/ASF/common/services/sleepmgr/sam/sleepmgr.o
 .debug_macro   0x0000d294       0x58 src/ASF/common/services/sleepmgr/sam/sleepmgr.o
 .debug_macro   0x0000d2ec       0x35 src/ASF/common/services/sleepmgr/sam/sleepmgr.o
 .debug_macro   0x0000d321       0x9c src/ASF/common/services/sleepmgr/sam/sleepmgr.o
 .debug_macro   0x0000d3bd       0x16 src/ASF/common/services/sleepmgr/sam/sleepmgr.o
 .debug_macro   0x0000d3d3       0x35 src/ASF/common/services/sleepmgr/sam/sleepmgr.o
 .debug_macro   0x0000d408      0x29d src/ASF/common/services/sleepmgr/sam/sleepmgr.o
 .debug_macro   0x0000d6a5       0x10 src/ASF/common/services/sleepmgr/sam/sleepmgr.o
 .debug_macro   0x0000d6b5       0x52 src/ASF/common/services/sleepmgr/sam/sleepmgr.o
 .debug_macro   0x0000d707       0x16 src/ASF/common/services/sleepmgr/sam/sleepmgr.o
 .debug_macro   0x0000d71d       0x43 src/ASF/common/services/sleepmgr/sam/sleepmgr.o
 .debug_macro   0x0000d760      0x180 src/ASF/common/services/sleepmgr/sam/sleepmgr.o
 .debug_macro   0x0000d8e0       0x10 src/ASF/common/services/sleepmgr/sam/sleepmgr.o
 .debug_macro   0x0000d8f0       0x22 src/ASF/common/services/sleepmgr/sam/sleepmgr.o
 .debug_macro   0x0000d912       0xbe src/ASF/common/services/sleepmgr/sam/sleepmgr.o
 .debug_macro   0x0000d9d0       0x16 src/ASF/common/services/sleepmgr/sam/sleepmgr.o
 .debug_macro   0x0000d9e6      0x197 src/ASF/common/services/sleepmgr/sam/sleepmgr.o
 .debug_macro   0x0000db7d       0x22 src/ASF/common/services/sleepmgr/sam/sleepmgr.o
 .debug_macro   0x0000db9f       0x16 src/ASF/common/services/sleepmgr/sam/sleepmgr.o
 .debug_macro   0x0000dbb5       0x16 src/ASF/common/services/sleepmgr/sam/sleepmgr.o
 .debug_macro   0x0000dbcb       0x29 src/ASF/common/services/sleepmgr/sam/sleepmgr.o
 .debug_macro   0x0000dbf4       0x6e src/ASF/common/services/sleepmgr/sam/sleepmgr.o
 .debug_macro   0x0000dc62       0x3f src/ASF/common/services/sleepmgr/sam/sleepmgr.o
 .debug_macro   0x0000dca1      0x3ca src/ASF/common/services/sleepmgr/sam/sleepmgr.o
 .debug_macro   0x0000e06b       0x10 src/ASF/common/services/sleepmgr/sam/sleepmgr.o
 .debug_macro   0x0000e07b       0x34 src/ASF/common/services/sleepmgr/sam/sleepmgr.o
 .debug_macro   0x0000e0af      0x5d3 src/ASF/common/services/usb/class/cdc/device/udi_cdc.o
 .debug_macro   0x0000e682       0x95 src/ASF/common/services/usb/class/cdc/device/udi_cdc.o
 .debug_macro   0x0000e717      0x228 src/ASF/common/services/usb/class/cdc/device/udi_cdc.o
 .debug_macro   0x0000e93f       0x9c src/ASF/common/services/usb/class/cdc/device/udi_cdc.o
 .debug_macro   0x0000e9db      0x24b src/ASF/common/services/usb/class/cdc/device/udi_cdc.o
 .debug_macro   0x0000ec26      0x162 src/ASF/common/services/usb/class/cdc/device/udi_cdc.o
 .debug_macro   0x0000ed88       0x16 src/ASF/common/services/usb/class/cdc/device/udi_cdc.o
 .debug_macro   0x0000ed9e       0x1c src/ASF/common/services/usb/class/cdc/device/udi_cdc.o
 .debug_macro   0x0000edba      0x192 src/ASF/common/services/usb/class/cdc/device/udi_cdc.o
 .debug_macro   0x0000ef4c       0x16 src/ASF/common/services/usb/class/cdc/device/udi_cdc.o
 .debug_macro   0x0000ef62      0x545 src/ASF/common/services/usb/class/cdc/device/udi_cdc_desc.o
 .debug_macro   0x0000f4a7      0x531 src/ASF/common/services/usb/udc/udc.o
 .debug_macro   0x0000f9d8      0x528 src/ASF/common/services/clock/sam4s/sysclk.o
 .debug_macro   0x0000ff00       0x46 src/ASF/common/services/clock/sam4s/sysclk.o
 .debug_macro   0x0000ff46      0x273 src/ASF/common/services/clock/sam4s/sysclk.o
 .debug_macro   0x000101b9      0x779 src/ASF/common/services/clock/sam4s/sysclk.o
 .debug_macro   0x00010932       0x58 src/ASF/common/services/clock/sam4s/sysclk.o
 .debug_macro   0x0001098a       0x64 src/ASF/common/services/clock/sam4s/sysclk.o
 .debug_macro   0x000109ee       0x46 src/ASF/common/services/clock/sam4s/sysclk.o
 .debug_macro   0x00010a34       0x90 src/ASF/common/services/clock/sam4s/sysclk.o
 .debug_macro   0x00010ac4      0x4a8 src/ASF/common/utils/interrupt/interrupt_sam_nvic.o
 .debug_macro   0x00010f6c      0x56d src/ASF/sam/boards/sam4s_xplained_pro/init.o
 .debug_macro   0x000114d9       0x94 src/ASF/sam/boards/sam4s_xplained_pro/init.o
 .debug_macro   0x0001156d       0x40 src/ASF/sam/boards/sam4s_xplained_pro/init.o
 .debug_macro   0x000115ad       0x82 src/ASF/sam/boards/sam4s_xplained_pro/init.o
 .debug_macro   0x0001162f       0x10 src/ASF/sam/boards/sam4s_xplained_pro/init.o
 .debug_macro   0x0001163f      0x4bd src/ASF/sam/drivers/pio/pio.o
 .debug_macro   0x00011afc       0x8e src/ASF/sam/drivers/pio/pio.o
 .debug_macro   0x00011b8a      0x4c7 src/ASF/sam/drivers/pio/pio_handler.o
 .debug_macro   0x00012051      0x4bd src/ASF/sam/drivers/pmc/pmc.o
 .debug_macro   0x0001250e       0x52 src/ASF/sam/drivers/pmc/pmc.o
 .debug_macro   0x00012560      0x4dd src/ASF/sam/drivers/pmc/sleep.o
 .debug_macro   0x00012a3d      0x279 src/ASF/sam/drivers/pmc/sleep.o
 .debug_macro   0x00012cb6      0x629 src/ASF/sam/drivers/udp/udp_device.o
 .debug_macro   0x000132df       0x88 src/ASF/sam/drivers/udp/udp_device.o
 .debug_macro   0x00013367      0x3f3 src/ASF/sam/drivers/udp/udp_device.o
 .debug_macro   0x0001375a      0x4ca src/ASF/sam/drivers/wdt/wdt.o
 .debug_macro   0x00013c24      0x316 src/ASF/sam/utils/cmsis/sam4s/source/templates/gcc/startup_sam4s.o
 .debug_macro   0x00013f3a      0x31e src/ASF/sam/utils/cmsis/sam4s/source/templates/system_sam4s.o
 .debug_macro   0x00014258      0x686 src/main.o
 .debug_macro   0x000148de       0x1c src/main.o
 .debug_macro   0x000148fa       0x1c src/main.o
 .debug_macro   0x00014916       0x9b src/main.o

.debug_line     0x00000000     0xceec
 .debug_line    0x00000000      0xa93 src/ASF/common/services/sleepmgr/sam/sleepmgr.o
 .debug_line    0x00000a93     0x1145 src/ASF/common/services/usb/class/cdc/device/udi_cdc.o
 .debug_line    0x00001bd8      0xb15 src/ASF/common/services/usb/class/cdc/device/udi_cdc_desc.o
 .debug_line    0x000026ed      0xd1b src/ASF/common/services/usb/udc/udc.o
 .debug_line    0x00003408      0xbc3 src/ASF/common/services/clock/sam4s/sysclk.o
 .debug_line    0x00003fcb      0xa45 src/ASF/common/utils/interrupt/interrupt_sam_nvic.o
 .debug_line    0x00004a10      0xc7f src/ASF/sam/boards/sam4s_xplained_pro/init.o
 .debug_line    0x0000568f      0xeb9 src/ASF/sam/drivers/pio/pio.o
 .debug_line    0x00006548      0xade src/ASF/sam/drivers/pio/pio_handler.o
 .debug_line    0x00007026      0xfe5 src/ASF/sam/drivers/pmc/pmc.o
 .debug_line    0x0000800b      0xbb0 src/ASF/sam/drivers/pmc/sleep.o
 .debug_line    0x00008bbb     0x1813 src/ASF/sam/drivers/udp/udp_device.o
 .debug_line    0x0000a3ce      0xa7d src/ASF/sam/drivers/wdt/wdt.o
 .debug_line    0x0000ae4b      0x87d src/ASF/sam/utils/cmsis/sam4s/source/templates/gcc/startup_sam4s.o
 .debug_line    0x0000b6c8      0x897 src/ASF/sam/utils/cmsis/sam4s/source/templates/system_sam4s.o
 .debug_line    0x0000bf5f      0xf8d src/main.o

.debug_str      0x00000000    0x58202
 .debug_str     0x00000000    0x499f7 src/ASF/common/services/sleepmgr/sam/sleepmgr.o
                              0x49d6f (size before relaxing)
 .debug_str     0x000499f7     0x465a src/ASF/common/services/usb/class/cdc/device/udi_cdc.o
                              0x4e289 (size before relaxing)
 .debug_str     0x0004e051      0x5e8 src/ASF/common/services/usb/class/cdc/device/udi_cdc_desc.o
                              0x4dab4 (size before relaxing)
 .debug_str     0x0004e639      0x69e src/ASF/common/services/usb/udc/udc.o
                              0x4cad1 (size before relaxing)
 .debug_str     0x0004ecd7     0x3985 src/ASF/common/services/clock/sam4s/sysclk.o
                              0x4d572 (size before relaxing)
 .debug_str     0x0005265c       0x65 src/ASF/common/utils/interrupt/interrupt_sam_nvic.o
                              0x49c33 (size before relaxing)
 .debug_str     0x000526c1      0xcb4 src/ASF/sam/boards/sam4s_xplained_pro/init.o
                              0x4dfa3 (size before relaxing)
 .debug_str     0x00053375      0x638 src/ASF/sam/drivers/pio/pio.o
                              0x4a7f7 (size before relaxing)
 .debug_str     0x000539ad      0x40b src/ASF/sam/drivers/pio/pio_handler.o
                              0x4a672 (size before relaxing)
 .debug_str     0x00053db8      0x6df src/ASF/sam/drivers/pmc/pmc.o
                              0x4a646 (size before relaxing)
 .debug_str     0x00054497      0x189 src/ASF/sam/drivers/pmc/sleep.o
                              0x4cf4b (size before relaxing)
 .debug_str     0x00054620     0x33ce src/ASF/sam/drivers/udp/udp_device.o
                              0x536c6 (size before relaxing)
 .debug_str     0x000579ee       0xe9 src/ASF/sam/drivers/wdt/wdt.o
                              0x49cde (size before relaxing)
 .debug_str     0x00057ad7      0x40e src/ASF/sam/utils/cmsis/sam4s/source/templates/gcc/startup_sam4s.o
                              0x3b4c2 (size before relaxing)
 .debug_str     0x00057ee5       0xcd src/ASF/sam/utils/cmsis/sam4s/source/templates/system_sam4s.o
                              0x3b28b (size before relaxing)
 .debug_str     0x00057fb2      0x250 src/main.o
                              0x51ab9 (size before relaxing)

.debug_loc      0x00000000     0x59d3
 .debug_loc     0x00000000      0xfb5 src/ASF/common/services/usb/class/cdc/device/udi_cdc.o
 .debug_loc     0x00000fb5      0x4ba src/ASF/common/services/usb/udc/udc.o
 .debug_loc     0x0000146f      0x12d src/ASF/common/services/clock/sam4s/sysclk.o
 .debug_loc     0x0000159c       0x1e src/ASF/common/utils/interrupt/interrupt_sam_nvic.o
 .debug_loc     0x000015ba       0x20 src/ASF/sam/boards/sam4s_xplained_pro/init.o
 .debug_loc     0x000015da      0xdd7 src/ASF/sam/drivers/pio/pio.o
 .debug_loc     0x000023b1      0x553 src/ASF/sam/drivers/pio/pio_handler.o
 .debug_loc     0x00002904      0xd88 src/ASF/sam/drivers/pmc/pmc.o
 .debug_loc     0x0000368c      0x300 src/ASF/sam/drivers/pmc/sleep.o
 .debug_loc     0x0000398c     0x1c1b src/ASF/sam/drivers/udp/udp_device.o
 .debug_loc     0x000055a7      0x166 src/ASF/sam/drivers/wdt/wdt.o
 .debug_loc     0x0000570d       0xc6 src/ASF/sam/utils/cmsis/sam4s/source/templates/gcc/startup_sam4s.o
 .debug_loc     0x000057d3      0x200 src/main.o

.debug_ranges   0x00000000      0x910
 .debug_ranges  0x00000000      0x1b8 src/ASF/common/services/usb/class/cdc/device/udi_cdc.o
 .debug_ranges  0x000001b8       0x78 src/ASF/common/services/usb/udc/udc.o
 .debug_ranges  0x00000230       0x30 src/ASF/common/services/clock/sam4s/sysclk.o
 .debug_ranges  0x00000260       0x18 src/ASF/common/utils/interrupt/interrupt_sam_nvic.o
 .debug_ranges  0x00000278       0x10 src/ASF/sam/boards/sam4s_xplained_pro/init.o
 .debug_ranges  0x00000288      0x198 src/ASF/sam/drivers/pio/pio.o
 .debug_ranges  0x00000420       0x48 src/ASF/sam/drivers/pio/pio_handler.o
 .debug_ranges  0x00000468      0x1f8 src/ASF/sam/drivers/pmc/pmc.o
 .debug_ranges  0x00000660       0x20 src/ASF/sam/drivers/pmc/sleep.o
 .debug_ranges  0x00000680      0x178 src/ASF/sam/drivers/udp/udp_device.o
 .debug_ranges  0x000007f8       0x38 src/ASF/sam/drivers/wdt/wdt.o
 .debug_ranges  0x00000830       0x18 src/ASF/sam/utils/cmsis/sam4s/source/templates/gcc/startup_sam4s.o
 .debug_ranges  0x00000848       0x20 src/ASF/sam/utils/cmsis/sam4s/source/templates/system_sam4s.o
 .debug_ranges  0x00000868       0xa8 src/main.o

.debug_frame    0x00000000     0x15d8
 .debug_frame   0x00000000      0x430 src/ASF/common/services/usb/class/cdc/device/udi_cdc.o
 .debug_frame   0x00000430      0x138 src/ASF/common/services/usb/udc/udc.o
 .debug_frame   0x00000568       0x88 src/ASF/common/services/clock/sam4s/sysclk.o
 .debug_frame   0x000005f0       0x30 src/ASF/common/utils/interrupt/interrupt_sam_nvic.o
 .debug_frame   0x00000620       0x28 src/ASF/sam/boards/sam4s_xplained_pro/init.o
 .debug_frame   0x00000648      0x38c src/ASF/sam/drivers/pio/pio.o
 .debug_frame   0x000009d4       0xf4 src/ASF/sam/drivers/pio/pio_handler.o
 .debug_frame   0x00000ac8      0x46c src/ASF/sam/drivers/pmc/pmc.o
 .debug_frame   0x00000f34       0x60 src/ASF/sam/drivers/pmc/sleep.o
 .debug_frame   0x00000f94      0x34c src/ASF/sam/drivers/udp/udp_device.o
 .debug_frame   0x000012e0       0x7c src/ASF/sam/drivers/wdt/wdt.o
 .debug_frame   0x0000135c       0x38 src/ASF/sam/utils/cmsis/sam4s/source/templates/gcc/startup_sam4s.o
 .debug_frame   0x00001394       0x40 src/ASF/sam/utils/cmsis/sam4s/source/templates/system_sam4s.o
 .debug_frame   0x000013d4      0x100 src/main.o
 .debug_frame   0x000014d4       0x2c c:/program files (x86)/atmel/studio/7.0/toolchain/arm/arm-gnu-toolchain/bin/../lib/gcc/arm-none-eabi/4.9.3/../../../../arm-none-eabi/lib/armv7e-m\libc.a(lib_a-init.o)
 .debug_frame   0x00001500       0x50 c:/program files (x86)/atmel/studio/7.0/toolchain/arm/arm-gnu-toolchain/bin/../lib/gcc/arm-none-eabi/4.9.3/../../../../arm-none-eabi/lib/armv7e-m\libc.a(lib_a-__call_atexit.o)
 .debug_frame   0x00001550       0x20 c:/program files (x86)/atmel/studio/7.0/toolchain/arm/arm-gnu-toolchain/bin/../lib/gcc/arm-none-eabi/4.9.3/../../../../arm-none-eabi/lib/armv7e-m\libc.a(lib_a-atexit.o)
 .debug_frame   0x00001570       0x34 c:/program files (x86)/atmel/studio/7.0/toolchain/arm/arm-gnu-toolchain/bin/../lib/gcc/arm-none-eabi/4.9.3/../../../../arm-none-eabi/lib/armv7e-m\libc.a(lib_a-fini.o)
 .debug_frame   0x000015a4       0x34 c:/program files (x86)/atmel/studio/7.0/toolchain/arm/arm-gnu-toolchain/bin/../lib/gcc/arm-none-eabi/4.9.3/../../../../arm-none-eabi/lib/armv7e-m\libc.a(lib_a-__atexit.o)

Cross Reference Table

Symbol                                            File
ACC_Handler                                       src/ASF/sam/utils/cmsis/sam4s/source/templates/gcc/startup_sam4s.o
ADC_Handler                                       src/ASF/sam/utils/cmsis/sam4s/source/templates/gcc/startup_sam4s.o
BusFault_Handler                                  src/ASF/sam/utils/cmsis/sam4s/source/templates/gcc/startup_sam4s.o
CRCCU_Handler                                     src/ASF/sam/utils/cmsis/sam4s/source/templates/gcc/startup_sam4s.o
DACC_Handler                                      src/ASF/sam/utils/cmsis/sam4s/source/templates/gcc/startup_sam4s.o
DebugMon_Handler                                  src/ASF/sam/utils/cmsis/sam4s/source/templates/gcc/startup_sam4s.o
Dummy_Handler                                     src/ASF/sam/utils/cmsis/sam4s/source/templates/gcc/startup_sam4s.o
EFC0_Handler                                      src/ASF/sam/utils/cmsis/sam4s/source/templates/gcc/startup_sam4s.o
EFC1_Handler                                      src/ASF/sam/utils/cmsis/sam4s/source/templates/gcc/startup_sam4s.o
HSMCI_Handler                                     src/ASF/sam/utils/cmsis/sam4s/source/templates/gcc/startup_sam4s.o
HardFault_Handler                                 src/ASF/sam/utils/cmsis/sam4s/source/templates/gcc/startup_sam4s.o
MemManage_Handler                                 src/ASF/sam/utils/cmsis/sam4s/source/templates/gcc/startup_sam4s.o
NMI_Handler                                       src/ASF/sam/utils/cmsis/sam4s/source/templates/gcc/startup_sam4s.o
PIOA_Handler                                      src/ASF/sam/drivers/pio/pio_handler.o
PIOB_Handler                                      src/ASF/sam/drivers/pio/pio_handler.o
PIOC_Handler                                      src/ASF/sam/drivers/pio/pio_handler.o
PMC_Handler                                       src/ASF/sam/utils/cmsis/sam4s/source/templates/gcc/startup_sam4s.o
PWM_Handler                                       src/ASF/sam/utils/cmsis/sam4s/source/templates/gcc/startup_sam4s.o
PendSV_Handler                                    src/ASF/sam/utils/cmsis/sam4s/source/templates/gcc/startup_sam4s.o
RSTC_Handler                                      src/ASF/sam/utils/cmsis/sam4s/source/templates/gcc/startup_sam4s.o
RTC_Handler                                       src/ASF/sam/utils/cmsis/sam4s/source/templates/gcc/startup_sam4s.o
RTT_Handler                                       src/ASF/sam/utils/cmsis/sam4s/source/templates/gcc/startup_sam4s.o
Reset_Handler                                     src/ASF/sam/utils/cmsis/sam4s/source/templates/gcc/startup_sam4s.o
SPI_Handler                                       src/ASF/sam/utils/cmsis/sam4s/source/templates/gcc/startup_sam4s.o
SSC_Handler                                       src/ASF/sam/utils/cmsis/sam4s/source/templates/gcc/startup_sam4s.o
SUPC_Handler                                      src/ASF/sam/utils/cmsis/sam4s/source/templates/gcc/startup_sam4s.o
SVC_Handler                                       src/ASF/sam/utils/cmsis/sam4s/source/templates/gcc/startup_sam4s.o
SysTick_Handler                                   src/ASF/sam/utils/cmsis/sam4s/source/templates/gcc/startup_sam4s.o
SystemCoreClock                                   src/ASF/sam/utils/cmsis/sam4s/source/templates/system_sam4s.o
SystemCoreClockUpdate                             src/ASF/sam/utils/cmsis/sam4s/source/templates/system_sam4s.o
                                                  src/ASF/common/services/clock/sam4s/sysclk.o
SystemInit                                        src/ASF/sam/utils/cmsis/sam4s/source/templates/system_sam4s.o
TC0_Handler                                       src/ASF/sam/utils/cmsis/sam4s/source/templates/gcc/startup_sam4s.o
TC1_Handler                                       src/ASF/sam/utils/cmsis/sam4s/source/templates/gcc/startup_sam4s.o
TC2_Handler                                       src/ASF/sam/utils/cmsis/sam4s/source/templates/gcc/startup_sam4s.o
TC3_Handler                                       src/ASF/sam/utils/cmsis/sam4s/source/templates/gcc/startup_sam4s.o
TC4_Handler                                       src/ASF/sam/utils/cmsis/sam4s/source/templates/gcc/startup_sam4s.o
TC5_Handler                                       src/ASF/sam/utils/cmsis/sam4s/source/templates/gcc/startup_sam4s.o
TWI0_Handler                                      src/ASF/sam/utils/cmsis/sam4s/source/templates/gcc/startup_sam4s.o
TWI1_Handler                                      src/ASF/sam/utils/cmsis/sam4s/source/templates/gcc/startup_sam4s.o
UART0_Handler                                     src/ASF/sam/utils/cmsis/sam4s/source/templates/gcc/startup_sam4s.o
UART1_Handler                                     src/ASF/sam/utils/cmsis/sam4s/source/templates/gcc/startup_sam4s.o
UDP_Handler                                       src/ASF/sam/drivers/udp/udp_device.o
USART0_Handler                                    src/ASF/sam/utils/cmsis/sam4s/source/templates/gcc/startup_sam4s.o
USART1_Handler                                    src/ASF/sam/utils/cmsis/sam4s/source/templates/gcc/startup_sam4s.o
UsageFault_Handler                                src/ASF/sam/utils/cmsis/sam4s/source/templates/gcc/startup_sam4s.o
WDT_Handler                                       src/ASF/sam/utils/cmsis/sam4s/source/templates/gcc/startup_sam4s.o
_Jv_RegisterClasses                               c:/program files (x86)/atmel/studio/7.0/toolchain/arm/arm-gnu-toolchain/bin/../lib/gcc/arm-none-eabi/4.9.3/armv7e-m/crtbegin.o
_PathLocale                                       c:/program files (x86)/atmel/studio/7.0/toolchain/arm/arm-gnu-toolchain/bin/../lib/gcc/arm-none-eabi/4.9.3/../../../../arm-none-eabi/lib/armv7e-m\libc.a(lib_a-locale.o)
__aeabi_idiv0                                     c:/program files (x86)/atmel/studio/7.0/toolchain/arm/arm-gnu-toolchain/bin/../lib/gcc/arm-none-eabi/4.9.3/armv7e-m\libgcc.a(_dvmd_tls.o)
__aeabi_ldiv0                                     c:/program files (x86)/atmel/studio/7.0/toolchain/arm/arm-gnu-toolchain/bin/../lib/gcc/arm-none-eabi/4.9.3/armv7e-m\libgcc.a(_dvmd_tls.o)
                                                  c:/program files (x86)/atmel/studio/7.0/toolchain/arm/arm-gnu-toolchain/bin/../lib/gcc/arm-none-eabi/4.9.3/armv7e-m\libgcc.a(_aeabi_uldivmod.o)
__aeabi_uldivmod                                  c:/program files (x86)/atmel/studio/7.0/toolchain/arm/arm-gnu-toolchain/bin/../lib/gcc/arm-none-eabi/4.9.3/armv7e-m\libgcc.a(_aeabi_uldivmod.o)
                                                  c:/program files (x86)/atmel/studio/7.0/toolchain/arm/arm-gnu-toolchain/bin/../lib/gcc/arm-none-eabi/4.9.3/../../../../arm-none-eabi/lib/armv7e-m\libc.a(lib_a-vfiprintf.o)
__ascii_wctomb                                    c:/program files (x86)/atmel/studio/7.0/toolchain/arm/arm-gnu-toolchain/bin/../lib/gcc/arm-none-eabi/4.9.3/../../../../arm-none-eabi/lib/armv7e-m\libc.a(lib_a-wctomb_r.o)
__bss_end__                                       c:/program files (x86)/atmel/studio/7.0/toolchain/arm/arm-gnu-toolchain/bin/../lib/gcc/arm-none-eabi/4.9.3/../../../../arm-none-eabi/lib/armv7e-m/crt0.o
__bss_start__                                     c:/program files (x86)/atmel/studio/7.0/toolchain/arm/arm-gnu-toolchain/bin/../lib/gcc/arm-none-eabi/4.9.3/../../../../arm-none-eabi/lib/armv7e-m/crt0.o
__call_exitprocs                                  c:/program files (x86)/atmel/studio/7.0/toolchain/arm/arm-gnu-toolchain/bin/../lib/gcc/arm-none-eabi/4.9.3/../../../../arm-none-eabi/lib/armv7e-m\libc.a(lib_a-__call_atexit.o)
                                                  c:/program files (x86)/atmel/studio/7.0/toolchain/arm/arm-gnu-toolchain/bin/../lib/gcc/arm-none-eabi/4.9.3/../../../../arm-none-eabi/lib/armv7e-m\libc.a(lib_a-exit.o)
__deregister_frame_info                           c:/program files (x86)/atmel/studio/7.0/toolchain/arm/arm-gnu-toolchain/bin/../lib/gcc/arm-none-eabi/4.9.3/armv7e-m/crtbegin.o
__divdi3                                          c:/program files (x86)/atmel/studio/7.0/toolchain/arm/arm-gnu-toolchain/bin/../lib/gcc/arm-none-eabi/4.9.3/armv7e-m\libgcc.a(_divdi3.o)
                                                  c:/program files (x86)/atmel/studio/7.0/toolchain/arm/arm-gnu-toolchain/bin/../lib/gcc/arm-none-eabi/4.9.3/armv7e-m\libgcc.a(bpabi.o)
__dso_handle                                      c:/program files (x86)/atmel/studio/7.0/toolchain/arm/arm-gnu-toolchain/bin/../lib/gcc/arm-none-eabi/4.9.3/armv7e-m/crtbegin.o
__fini_array_end                                  c:/program files (x86)/atmel/studio/7.0/toolchain/arm/arm-gnu-toolchain/bin/../lib/gcc/arm-none-eabi/4.9.3/../../../../arm-none-eabi/lib/armv7e-m\libc.a(lib_a-fini.o)
__fini_array_start                                c:/program files (x86)/atmel/studio/7.0/toolchain/arm/arm-gnu-toolchain/bin/../lib/gcc/arm-none-eabi/4.9.3/../../../../arm-none-eabi/lib/armv7e-m\libc.a(lib_a-fini.o)
__fp_lock_all                                     c:/program files (x86)/atmel/studio/7.0/toolchain/arm/arm-gnu-toolchain/bin/../lib/gcc/arm-none-eabi/4.9.3/../../../../arm-none-eabi/lib/armv7e-m\libc.a(lib_a-findfp.o)
__fp_unlock_all                                   c:/program files (x86)/atmel/studio/7.0/toolchain/arm/arm-gnu-toolchain/bin/../lib/gcc/arm-none-eabi/4.9.3/../../../../arm-none-eabi/lib/armv7e-m\libc.a(lib_a-findfp.o)
__fputwc                                          c:/program files (x86)/atmel/studio/7.0/toolchain/arm/arm-gnu-toolchain/bin/../lib/gcc/arm-none-eabi/4.9.3/../../../../arm-none-eabi/lib/armv7e-m\libc.a(lib_a-fputwc.o)
__gnu_ldivmod_helper                              c:/program files (x86)/atmel/studio/7.0/toolchain/arm/arm-gnu-toolchain/bin/../lib/gcc/arm-none-eabi/4.9.3/armv7e-m\libgcc.a(bpabi.o)
__gnu_uldivmod_helper                             c:/program files (x86)/atmel/studio/7.0/toolchain/arm/arm-gnu-toolchain/bin/../lib/gcc/arm-none-eabi/4.9.3/armv7e-m\libgcc.a(bpabi.o)
                                                  c:/program files (x86)/atmel/studio/7.0/toolchain/arm/arm-gnu-toolchain/bin/../lib/gcc/arm-none-eabi/4.9.3/armv7e-m\libgcc.a(_aeabi_uldivmod.o)
__init_array_end                                  c:/program files (x86)/atmel/studio/7.0/toolchain/arm/arm-gnu-toolchain/bin/../lib/gcc/arm-none-eabi/4.9.3/../../../../arm-none-eabi/lib/armv7e-m\libc.a(lib_a-init.o)
__init_array_start                                c:/program files (x86)/atmel/studio/7.0/toolchain/arm/arm-gnu-toolchain/bin/../lib/gcc/arm-none-eabi/4.9.3/../../../../arm-none-eabi/lib/armv7e-m\libc.a(lib_a-init.o)
__libc_fini                                       c:/program files (x86)/atmel/studio/7.0/toolchain/arm/arm-gnu-toolchain/bin/../lib/gcc/arm-none-eabi/4.9.3/../../../../arm-none-eabi/lib/armv7e-m\libc.a(lib_a-__call_atexit.o)
__libc_fini_array                                 c:/program files (x86)/atmel/studio/7.0/toolchain/arm/arm-gnu-toolchain/bin/../lib/gcc/arm-none-eabi/4.9.3/../../../../arm-none-eabi/lib/armv7e-m\libc.a(lib_a-fini.o)
                                                  c:/program files (x86)/atmel/studio/7.0/toolchain/arm/arm-gnu-toolchain/bin/../lib/gcc/arm-none-eabi/4.9.3/../../../../arm-none-eabi/lib/armv7e-m\libc.a(lib_a-__call_atexit.o)
                                                  c:/program files (x86)/atmel/studio/7.0/toolchain/arm/arm-gnu-toolchain/bin/../lib/gcc/arm-none-eabi/4.9.3/../../../../arm-none-eabi/lib/armv7e-m/crt0.o
__libc_init_array                                 c:/program files (x86)/atmel/studio/7.0/toolchain/arm/arm-gnu-toolchain/bin/../lib/gcc/arm-none-eabi/4.9.3/../../../../arm-none-eabi/lib/armv7e-m\libc.a(lib_a-init.o)
                                                  src/ASF/sam/utils/cmsis/sam4s/source/templates/gcc/startup_sam4s.o
                                                  c:/program files (x86)/atmel/studio/7.0/toolchain/arm/arm-gnu-toolchain/bin/../lib/gcc/arm-none-eabi/4.9.3/../../../../arm-none-eabi/lib/armv7e-m/crt0.o
__locale_charset                                  c:/program files (x86)/atmel/studio/7.0/toolchain/arm/arm-gnu-toolchain/bin/../lib/gcc/arm-none-eabi/4.9.3/../../../../arm-none-eabi/lib/armv7e-m\libc.a(lib_a-locale.o)
                                                  c:/program files (x86)/atmel/studio/7.0/toolchain/arm/arm-gnu-toolchain/bin/../lib/gcc/arm-none-eabi/4.9.3/../../../../arm-none-eabi/lib/armv7e-m\libc.a(lib_a-wctomb_r.o)
                                                  c:/program files (x86)/atmel/studio/7.0/toolchain/arm/arm-gnu-toolchain/bin/../lib/gcc/arm-none-eabi/4.9.3/../../../../arm-none-eabi/lib/armv7e-m\libc.a(lib_a-wcrtomb.o)
__locale_cjk_lang                                 c:/program files (x86)/atmel/studio/7.0/toolchain/arm/arm-gnu-toolchain/bin/../lib/gcc/arm-none-eabi/4.9.3/../../../../arm-none-eabi/lib/armv7e-m\libc.a(lib_a-locale.o)
__locale_mb_cur_max                               c:/program files (x86)/atmel/studio/7.0/toolchain/arm/arm-gnu-toolchain/bin/../lib/gcc/arm-none-eabi/4.9.3/../../../../arm-none-eabi/lib/armv7e-m\libc.a(lib_a-locale.o)
                                                  c:/program files (x86)/atmel/studio/7.0/toolchain/arm/arm-gnu-toolchain/bin/../lib/gcc/arm-none-eabi/4.9.3/../../../../arm-none-eabi/lib/armv7e-m\libc.a(lib_a-fputwc.o)
__locale_msgcharset                               c:/program files (x86)/atmel/studio/7.0/toolchain/arm/arm-gnu-toolchain/bin/../lib/gcc/arm-none-eabi/4.9.3/../../../../arm-none-eabi/lib/armv7e-m\libc.a(lib_a-locale.o)
__malloc_av_                                      c:/program files (x86)/atmel/studio/7.0/toolchain/arm/arm-gnu-toolchain/bin/../lib/gcc/arm-none-eabi/4.9.3/../../../../arm-none-eabi/lib/armv7e-m\libc.a(lib_a-mallocr.o)
                                                  c:/program files (x86)/atmel/studio/7.0/toolchain/arm/arm-gnu-toolchain/bin/../lib/gcc/arm-none-eabi/4.9.3/../../../../arm-none-eabi/lib/armv7e-m\libc.a(lib_a-reallocr.o)
                                                  c:/program files (x86)/atmel/studio/7.0/toolchain/arm/arm-gnu-toolchain/bin/../lib/gcc/arm-none-eabi/4.9.3/../../../../arm-none-eabi/lib/armv7e-m\libc.a(lib_a-freer.o)
__malloc_current_mallinfo                         c:/program files (x86)/atmel/studio/7.0/toolchain/arm/arm-gnu-toolchain/bin/../lib/gcc/arm-none-eabi/4.9.3/../../../../arm-none-eabi/lib/armv7e-m\libc.a(lib_a-mallocr.o)
                                                  c:/program files (x86)/atmel/studio/7.0/toolchain/arm/arm-gnu-toolchain/bin/../lib/gcc/arm-none-eabi/4.9.3/../../../../arm-none-eabi/lib/armv7e-m\libc.a(lib_a-freer.o)
__malloc_lock                                     c:/program files (x86)/atmel/studio/7.0/toolchain/arm/arm-gnu-toolchain/bin/../lib/gcc/arm-none-eabi/4.9.3/../../../../arm-none-eabi/lib/armv7e-m\libc.a(lib_a-mlock.o)
                                                  c:/program files (x86)/atmel/studio/7.0/toolchain/arm/arm-gnu-toolchain/bin/../lib/gcc/arm-none-eabi/4.9.3/../../../../arm-none-eabi/lib/armv7e-m\libc.a(lib_a-reallocr.o)
                                                  c:/program files (x86)/atmel/studio/7.0/toolchain/arm/arm-gnu-toolchain/bin/../lib/gcc/arm-none-eabi/4.9.3/../../../../arm-none-eabi/lib/armv7e-m\libc.a(lib_a-mallocr.o)
                                                  c:/program files (x86)/atmel/studio/7.0/toolchain/arm/arm-gnu-toolchain/bin/../lib/gcc/arm-none-eabi/4.9.3/../../../../arm-none-eabi/lib/armv7e-m\libc.a(lib_a-freer.o)
__malloc_max_sbrked_mem                           c:/program files (x86)/atmel/studio/7.0/toolchain/arm/arm-gnu-toolchain/bin/../lib/gcc/arm-none-eabi/4.9.3/../../../../arm-none-eabi/lib/armv7e-m\libc.a(lib_a-mallocr.o)
__malloc_max_total_mem                            c:/program files (x86)/atmel/studio/7.0/toolchain/arm/arm-gnu-toolchain/bin/../lib/gcc/arm-none-eabi/4.9.3/../../../../arm-none-eabi/lib/armv7e-m\libc.a(lib_a-mallocr.o)
__malloc_sbrk_base                                c:/program files (x86)/atmel/studio/7.0/toolchain/arm/arm-gnu-toolchain/bin/../lib/gcc/arm-none-eabi/4.9.3/../../../../arm-none-eabi/lib/armv7e-m\libc.a(lib_a-mallocr.o)
                                                  c:/program files (x86)/atmel/studio/7.0/toolchain/arm/arm-gnu-toolchain/bin/../lib/gcc/arm-none-eabi/4.9.3/../../../../arm-none-eabi/lib/armv7e-m\libc.a(lib_a-freer.o)
__malloc_top_pad                                  c:/program files (x86)/atmel/studio/7.0/toolchain/arm/arm-gnu-toolchain/bin/../lib/gcc/arm-none-eabi/4.9.3/../../../../arm-none-eabi/lib/armv7e-m\libc.a(lib_a-mallocr.o)
                                                  c:/program files (x86)/atmel/studio/7.0/toolchain/arm/arm-gnu-toolchain/bin/../lib/gcc/arm-none-eabi/4.9.3/../../../../arm-none-eabi/lib/armv7e-m\libc.a(lib_a-freer.o)
__malloc_trim_threshold                           c:/program files (x86)/atmel/studio/7.0/toolchain/arm/arm-gnu-toolchain/bin/../lib/gcc/arm-none-eabi/4.9.3/../../../../arm-none-eabi/lib/armv7e-m\libc.a(lib_a-mallocr.o)
                                                  c:/program files (x86)/atmel/studio/7.0/toolchain/arm/arm-gnu-toolchain/bin/../lib/gcc/arm-none-eabi/4.9.3/../../../../arm-none-eabi/lib/armv7e-m\libc.a(lib_a-freer.o)
__malloc_unlock                                   c:/program files (x86)/atmel/studio/7.0/toolchain/arm/arm-gnu-toolchain/bin/../lib/gcc/arm-none-eabi/4.9.3/../../../../arm-none-eabi/lib/armv7e-m\libc.a(lib_a-mlock.o)
                                                  c:/program files (x86)/atmel/studio/7.0/toolchain/arm/arm-gnu-toolchain/bin/../lib/gcc/arm-none-eabi/4.9.3/../../../../arm-none-eabi/lib/armv7e-m\libc.a(lib_a-reallocr.o)
                                                  c:/program files (x86)/atmel/studio/7.0/toolchain/arm/arm-gnu-toolchain/bin/../lib/gcc/arm-none-eabi/4.9.3/../../../../arm-none-eabi/lib/armv7e-m\libc.a(lib_a-mallocr.o)
                                                  c:/program files (x86)/atmel/studio/7.0/toolchain/arm/arm-gnu-toolchain/bin/../lib/gcc/arm-none-eabi/4.9.3/../../../../arm-none-eabi/lib/armv7e-m\libc.a(lib_a-freer.o)
__mb_cur_max                                      c:/program files (x86)/atmel/studio/7.0/toolchain/arm/arm-gnu-toolchain/bin/../lib/gcc/arm-none-eabi/4.9.3/../../../../arm-none-eabi/lib/armv7e-m\libc.a(lib_a-locale.o)
__mlocale_changed                                 c:/program files (x86)/atmel/studio/7.0/toolchain/arm/arm-gnu-toolchain/bin/../lib/gcc/arm-none-eabi/4.9.3/../../../../arm-none-eabi/lib/armv7e-m\libc.a(lib_a-locale.o)
__nlocale_changed                                 c:/program files (x86)/atmel/studio/7.0/toolchain/arm/arm-gnu-toolchain/bin/../lib/gcc/arm-none-eabi/4.9.3/../../../../arm-none-eabi/lib/armv7e-m\libc.a(lib_a-locale.o)
__preinit_array_end                               c:/program files (x86)/atmel/studio/7.0/toolchain/arm/arm-gnu-toolchain/bin/../lib/gcc/arm-none-eabi/4.9.3/../../../../arm-none-eabi/lib/armv7e-m\libc.a(lib_a-init.o)
__preinit_array_start                             c:/program files (x86)/atmel/studio/7.0/toolchain/arm/arm-gnu-toolchain/bin/../lib/gcc/arm-none-eabi/4.9.3/../../../../arm-none-eabi/lib/armv7e-m\libc.a(lib_a-init.o)
__ram_end__                                       src/ASF/sam/utils/syscalls/gcc/syscalls.o
__register_exitproc                               c:/program files (x86)/atmel/studio/7.0/toolchain/arm/arm-gnu-toolchain/bin/../lib/gcc/arm-none-eabi/4.9.3/../../../../arm-none-eabi/lib/armv7e-m\libc.a(lib_a-__atexit.o)
                                                  c:/program files (x86)/atmel/studio/7.0/toolchain/arm/arm-gnu-toolchain/bin/../lib/gcc/arm-none-eabi/4.9.3/../../../../arm-none-eabi/lib/armv7e-m\libc.a(lib_a-atexit.o)
__register_frame_info                             c:/program files (x86)/atmel/studio/7.0/toolchain/arm/arm-gnu-toolchain/bin/../lib/gcc/arm-none-eabi/4.9.3/armv7e-m/crtbegin.o
__sclose                                          c:/program files (x86)/atmel/studio/7.0/toolchain/arm/arm-gnu-toolchain/bin/../lib/gcc/arm-none-eabi/4.9.3/../../../../arm-none-eabi/lib/armv7e-m\libc.a(lib_a-stdio.o)
                                                  c:/program files (x86)/atmel/studio/7.0/toolchain/arm/arm-gnu-toolchain/bin/../lib/gcc/arm-none-eabi/4.9.3/../../../../arm-none-eabi/lib/armv7e-m\libc.a(lib_a-findfp.o)
__seofread                                        c:/program files (x86)/atmel/studio/7.0/toolchain/arm/arm-gnu-toolchain/bin/../lib/gcc/arm-none-eabi/4.9.3/../../../../arm-none-eabi/lib/armv7e-m\libc.a(lib_a-stdio.o)
__sflush_r                                        c:/program files (x86)/atmel/studio/7.0/toolchain/arm/arm-gnu-toolchain/bin/../lib/gcc/arm-none-eabi/4.9.3/../../../../arm-none-eabi/lib/armv7e-m\libc.a(lib_a-fflush.o)
                                                  c:/program files (x86)/atmel/studio/7.0/toolchain/arm/arm-gnu-toolchain/bin/../lib/gcc/arm-none-eabi/4.9.3/../../../../arm-none-eabi/lib/armv7e-m\libc.a(lib_a-fclose.o)
__sfmoreglue                                      c:/program files (x86)/atmel/studio/7.0/toolchain/arm/arm-gnu-toolchain/bin/../lib/gcc/arm-none-eabi/4.9.3/../../../../arm-none-eabi/lib/armv7e-m\libc.a(lib_a-findfp.o)
__sfp                                             c:/program files (x86)/atmel/studio/7.0/toolchain/arm/arm-gnu-toolchain/bin/../lib/gcc/arm-none-eabi/4.9.3/../../../../arm-none-eabi/lib/armv7e-m\libc.a(lib_a-findfp.o)
__sfp_lock_acquire                                c:/program files (x86)/atmel/studio/7.0/toolchain/arm/arm-gnu-toolchain/bin/../lib/gcc/arm-none-eabi/4.9.3/../../../../arm-none-eabi/lib/armv7e-m\libc.a(lib_a-findfp.o)
                                                  c:/program files (x86)/atmel/studio/7.0/toolchain/arm/arm-gnu-toolchain/bin/../lib/gcc/arm-none-eabi/4.9.3/../../../../arm-none-eabi/lib/armv7e-m\libc.a(lib_a-fclose.o)
__sfp_lock_release                                c:/program files (x86)/atmel/studio/7.0/toolchain/arm/arm-gnu-toolchain/bin/../lib/gcc/arm-none-eabi/4.9.3/../../../../arm-none-eabi/lib/armv7e-m\libc.a(lib_a-findfp.o)
                                                  c:/program files (x86)/atmel/studio/7.0/toolchain/arm/arm-gnu-toolchain/bin/../lib/gcc/arm-none-eabi/4.9.3/../../../../arm-none-eabi/lib/armv7e-m\libc.a(lib_a-fclose.o)
__sfvwrite_r                                      c:/program files (x86)/atmel/studio/7.0/toolchain/arm/arm-gnu-toolchain/bin/../lib/gcc/arm-none-eabi/4.9.3/../../../../arm-none-eabi/lib/armv7e-m\libc.a(lib_a-fvwrite.o)
                                                  c:/program files (x86)/atmel/studio/7.0/toolchain/arm/arm-gnu-toolchain/bin/../lib/gcc/arm-none-eabi/4.9.3/../../../../arm-none-eabi/lib/armv7e-m\libc.a(lib_a-vfiprintf.o)
__sinit                                           c:/program files (x86)/atmel/studio/7.0/toolchain/arm/arm-gnu-toolchain/bin/../lib/gcc/arm-none-eabi/4.9.3/../../../../arm-none-eabi/lib/armv7e-m\libc.a(lib_a-findfp.o)
                                                  c:/program files (x86)/atmel/studio/7.0/toolchain/arm/arm-gnu-toolchain/bin/../lib/gcc/arm-none-eabi/4.9.3/../../../../arm-none-eabi/lib/armv7e-m\libc.a(lib_a-fclose.o)
                                                  c:/program files (x86)/atmel/studio/7.0/toolchain/arm/arm-gnu-toolchain/bin/../lib/gcc/arm-none-eabi/4.9.3/../../../../arm-none-eabi/lib/armv7e-m\libc.a(lib_a-wbuf.o)
                                                  c:/program files (x86)/atmel/studio/7.0/toolchain/arm/arm-gnu-toolchain/bin/../lib/gcc/arm-none-eabi/4.9.3/../../../../arm-none-eabi/lib/armv7e-m\libc.a(lib_a-fputwc.o)
                                                  c:/program files (x86)/atmel/studio/7.0/toolchain/arm/arm-gnu-toolchain/bin/../lib/gcc/arm-none-eabi/4.9.3/../../../../arm-none-eabi/lib/armv7e-m\libc.a(lib_a-fflush.o)
                                                  c:/program files (x86)/atmel/studio/7.0/toolchain/arm/arm-gnu-toolchain/bin/../lib/gcc/arm-none-eabi/4.9.3/../../../../arm-none-eabi/lib/armv7e-m\libc.a(lib_a-wsetup.o)
                                                  c:/program files (x86)/atmel/studio/7.0/toolchain/arm/arm-gnu-toolchain/bin/../lib/gcc/arm-none-eabi/4.9.3/../../../../arm-none-eabi/lib/armv7e-m\libc.a(lib_a-vfiprintf.o)
__sinit_lock_acquire                              c:/program files (x86)/atmel/studio/7.0/toolchain/arm/arm-gnu-toolchain/bin/../lib/gcc/arm-none-eabi/4.9.3/../../../../arm-none-eabi/lib/armv7e-m\libc.a(lib_a-findfp.o)
__sinit_lock_release                              c:/program files (x86)/atmel/studio/7.0/toolchain/arm/arm-gnu-toolchain/bin/../lib/gcc/arm-none-eabi/4.9.3/../../../../arm-none-eabi/lib/armv7e-m\libc.a(lib_a-findfp.o)
__smakebuf_r                                      c:/program files (x86)/atmel/studio/7.0/toolchain/arm/arm-gnu-toolchain/bin/../lib/gcc/arm-none-eabi/4.9.3/../../../../arm-none-eabi/lib/armv7e-m\libc.a(lib_a-makebuf.o)
                                                  c:/program files (x86)/atmel/studio/7.0/toolchain/arm/arm-gnu-toolchain/bin/../lib/gcc/arm-none-eabi/4.9.3/../../../../arm-none-eabi/lib/armv7e-m\libc.a(lib_a-wsetup.o)
__sprint_r                                        c:/program files (x86)/atmel/studio/7.0/toolchain/arm/arm-gnu-toolchain/bin/../lib/gcc/arm-none-eabi/4.9.3/../../../../arm-none-eabi/lib/armv7e-m\libc.a(lib_a-vfiprintf.o)
__sread                                           c:/program files (x86)/atmel/studio/7.0/toolchain/arm/arm-gnu-toolchain/bin/../lib/gcc/arm-none-eabi/4.9.3/../../../../arm-none-eabi/lib/armv7e-m\libc.a(lib_a-stdio.o)
                                                  c:/program files (x86)/atmel/studio/7.0/toolchain/arm/arm-gnu-toolchain/bin/../lib/gcc/arm-none-eabi/4.9.3/../../../../arm-none-eabi/lib/armv7e-m\libc.a(lib_a-findfp.o)
__sseek                                           c:/program files (x86)/atmel/studio/7.0/toolchain/arm/arm-gnu-toolchain/bin/../lib/gcc/arm-none-eabi/4.9.3/../../../../arm-none-eabi/lib/armv7e-m\libc.a(lib_a-stdio.o)
                                                  c:/program files (x86)/atmel/studio/7.0/toolchain/arm/arm-gnu-toolchain/bin/../lib/gcc/arm-none-eabi/4.9.3/../../../../arm-none-eabi/lib/armv7e-m\libc.a(lib_a-makebuf.o)
                                                  c:/program files (x86)/atmel/studio/7.0/toolchain/arm/arm-gnu-toolchain/bin/../lib/gcc/arm-none-eabi/4.9.3/../../../../arm-none-eabi/lib/armv7e-m\libc.a(lib_a-findfp.o)
__stack                                           c:/program files (x86)/atmel/studio/7.0/toolchain/arm/arm-gnu-toolchain/bin/../lib/gcc/arm-none-eabi/4.9.3/../../../../arm-none-eabi/lib/armv7e-m/crt0.o
__swbuf                                           c:/program files (x86)/atmel/studio/7.0/toolchain/arm/arm-gnu-toolchain/bin/../lib/gcc/arm-none-eabi/4.9.3/../../../../arm-none-eabi/lib/armv7e-m\libc.a(lib_a-wbuf.o)
__swbuf_r                                         c:/program files (x86)/atmel/studio/7.0/toolchain/arm/arm-gnu-toolchain/bin/../lib/gcc/arm-none-eabi/4.9.3/../../../../arm-none-eabi/lib/armv7e-m\libc.a(lib_a-wbuf.o)
                                                  c:/program files (x86)/atmel/studio/7.0/toolchain/arm/arm-gnu-toolchain/bin/../lib/gcc/arm-none-eabi/4.9.3/../../../../arm-none-eabi/lib/armv7e-m\libc.a(lib_a-fputwc.o)
__swrite                                          c:/program files (x86)/atmel/studio/7.0/toolchain/arm/arm-gnu-toolchain/bin/../lib/gcc/arm-none-eabi/4.9.3/../../../../arm-none-eabi/lib/armv7e-m\libc.a(lib_a-stdio.o)
                                                  c:/program files (x86)/atmel/studio/7.0/toolchain/arm/arm-gnu-toolchain/bin/../lib/gcc/arm-none-eabi/4.9.3/../../../../arm-none-eabi/lib/armv7e-m\libc.a(lib_a-findfp.o)
__swsetup_r                                       c:/program files (x86)/atmel/studio/7.0/toolchain/arm/arm-gnu-toolchain/bin/../lib/gcc/arm-none-eabi/4.9.3/../../../../arm-none-eabi/lib/armv7e-m\libc.a(lib_a-wsetup.o)
                                                  c:/program files (x86)/atmel/studio/7.0/toolchain/arm/arm-gnu-toolchain/bin/../lib/gcc/arm-none-eabi/4.9.3/../../../../arm-none-eabi/lib/armv7e-m\libc.a(lib_a-wbuf.o)
                                                  c:/program files (x86)/atmel/studio/7.0/toolchain/arm/arm-gnu-toolchain/bin/../lib/gcc/arm-none-eabi/4.9.3/../../../../arm-none-eabi/lib/armv7e-m\libc.a(lib_a-fvwrite.o)
                                                  c:/program files (x86)/atmel/studio/7.0/toolchain/arm/arm-gnu-toolchain/bin/../lib/gcc/arm-none-eabi/4.9.3/../../../../arm-none-eabi/lib/armv7e-m\libc.a(lib_a-vfiprintf.o)
__udivdi3                                         c:/program files (x86)/atmel/studio/7.0/toolchain/arm/arm-gnu-toolchain/bin/../lib/gcc/arm-none-eabi/4.9.3/armv7e-m\libgcc.a(_udivdi3.o)
                                                  c:/program files (x86)/atmel/studio/7.0/toolchain/arm/arm-gnu-toolchain/bin/../lib/gcc/arm-none-eabi/4.9.3/armv7e-m\libgcc.a(bpabi.o)
__wctomb                                          c:/program files (x86)/atmel/studio/7.0/toolchain/arm/arm-gnu-toolchain/bin/../lib/gcc/arm-none-eabi/4.9.3/../../../../arm-none-eabi/lib/armv7e-m\libc.a(lib_a-wctomb_r.o)
                                                  c:/program files (x86)/atmel/studio/7.0/toolchain/arm/arm-gnu-toolchain/bin/../lib/gcc/arm-none-eabi/4.9.3/../../../../arm-none-eabi/lib/armv7e-m\libc.a(lib_a-wcrtomb.o)
_cleanup                                          c:/program files (x86)/atmel/studio/7.0/toolchain/arm/arm-gnu-toolchain/bin/../lib/gcc/arm-none-eabi/4.9.3/../../../../arm-none-eabi/lib/armv7e-m\libc.a(lib_a-findfp.o)
_cleanup_r                                        c:/program files (x86)/atmel/studio/7.0/toolchain/arm/arm-gnu-toolchain/bin/../lib/gcc/arm-none-eabi/4.9.3/../../../../arm-none-eabi/lib/armv7e-m\libc.a(lib_a-findfp.o)
                                                  c:/program files (x86)/atmel/studio/7.0/toolchain/arm/arm-gnu-toolchain/bin/../lib/gcc/arm-none-eabi/4.9.3/../../../../arm-none-eabi/lib/armv7e-m\libc.a(lib_a-makebuf.o)
_close                                            src/ASF/sam/utils/syscalls/gcc/syscalls.o
                                                  c:/program files (x86)/atmel/studio/7.0/toolchain/arm/arm-gnu-toolchain/bin/../lib/gcc/arm-none-eabi/4.9.3/../../../../arm-none-eabi/lib/armv7e-m\libc.a(lib_a-closer.o)
_close_r                                          c:/program files (x86)/atmel/studio/7.0/toolchain/arm/arm-gnu-toolchain/bin/../lib/gcc/arm-none-eabi/4.9.3/../../../../arm-none-eabi/lib/armv7e-m\libc.a(lib_a-closer.o)
                                                  c:/program files (x86)/atmel/studio/7.0/toolchain/arm/arm-gnu-toolchain/bin/../lib/gcc/arm-none-eabi/4.9.3/../../../../arm-none-eabi/lib/armv7e-m\libc.a(lib_a-stdio.o)
_end                                              src/ASF/sam/utils/syscalls/gcc/syscalls.o
_erelocate                                        src/ASF/sam/utils/cmsis/sam4s/source/templates/gcc/startup_sam4s.o
_estack                                           src/ASF/sam/utils/cmsis/sam4s/source/templates/gcc/startup_sam4s.o
_etext                                            src/ASF/sam/utils/cmsis/sam4s/source/templates/gcc/startup_sam4s.o
_exit                                             src/ASF/sam/utils/syscalls/gcc/syscalls.o
                                                  c:/program files (x86)/atmel/studio/7.0/toolchain/arm/arm-gnu-toolchain/bin/../lib/gcc/arm-none-eabi/4.9.3/../../../../arm-none-eabi/lib/armv7e-m\libc.a(lib_a-exit.o)
_ezero                                            src/ASF/sam/utils/cmsis/sam4s/source/templates/gcc/startup_sam4s.o
_fclose_r                                         c:/program files (x86)/atmel/studio/7.0/toolchain/arm/arm-gnu-toolchain/bin/../lib/gcc/arm-none-eabi/4.9.3/../../../../arm-none-eabi/lib/armv7e-m\libc.a(lib_a-fclose.o)
                                                  c:/program files (x86)/atmel/studio/7.0/toolchain/arm/arm-gnu-toolchain/bin/../lib/gcc/arm-none-eabi/4.9.3/../../../../arm-none-eabi/lib/armv7e-m\libc.a(lib_a-findfp.o)
_fflush_r                                         c:/program files (x86)/atmel/studio/7.0/toolchain/arm/arm-gnu-toolchain/bin/../lib/gcc/arm-none-eabi/4.9.3/../../../../arm-none-eabi/lib/armv7e-m\libc.a(lib_a-fflush.o)