Archive member included because of file (symbol)

c:/program files (x86)/atmel/studio/7.0/toolchain/arm/arm-gnu-toolchain/bin/../lib/gcc/arm-none-eabi/4.9.3/../../../../arm-none-eabi/lib/armv7e-m\libc.a(lib_a-exit.o)
                              c:/program files (x86)/atmel/studio/7.0/toolchain/arm/arm-gnu-toolchain/bin/../lib/gcc/arm-none-eabi/4.9.3/../../../../arm-none-eabi/lib/armv7e-m/crt0.o (exit)
c:/program files (x86)/atmel/studio/7.0/toolchain/arm/arm-gnu-toolchain/bin/../lib/gcc/arm-none-eabi/4.9.3/../../../../arm-none-eabi/lib/armv7e-m\libc.a(lib_a-impure.o)
                              c:/program files (x86)/atmel/studio/7.0/toolchain/arm/arm-gnu-toolchain/bin/../lib/gcc/arm-none-eabi/4.9.3/../../../../arm-none-eabi/lib/armv7e-m\libc.a(lib_a-exit.o) (_global_impure_ptr)
c:/program files (x86)/atmel/studio/7.0/toolchain/arm/arm-gnu-toolchain/bin/../lib/gcc/arm-none-eabi/4.9.3/../../../../arm-none-eabi/lib/armv7e-m\libc.a(lib_a-init.o)
                              c:/program files (x86)/atmel/studio/7.0/toolchain/arm/arm-gnu-toolchain/bin/../lib/gcc/arm-none-eabi/4.9.3/../../../../arm-none-eabi/lib/armv7e-m/crt0.o (__libc_init_array)
c:/program files (x86)/atmel/studio/7.0/toolchain/arm/arm-gnu-toolchain/bin/../lib/gcc/arm-none-eabi/4.9.3/../../../../arm-none-eabi/lib/armv7e-m\libc.a(lib_a-iprintf.o)
                              src/ASF/sam/utils/syscalls/gcc/syscalls.o (iprintf)
c:/program files (x86)/atmel/studio/7.0/toolchain/arm/arm-gnu-toolchain/bin/../lib/gcc/arm-none-eabi/4.9.3/../../../../arm-none-eabi/lib/armv7e-m\libc.a(lib_a-memset.o)
                              c:/program files (x86)/atmel/studio/7.0/toolchain/arm/arm-gnu-toolchain/bin/../lib/gcc/arm-none-eabi/4.9.3/../../../../arm-none-eabi/lib/armv7e-m/crt0.o (memset)
c:/program files (x86)/atmel/studio/7.0/toolchain/arm/arm-gnu-toolchain/bin/../lib/gcc/arm-none-eabi/4.9.3/../../../../arm-none-eabi/lib/armv7e-m\libc.a(lib_a-vfiprintf.o)
                              c:/program files (x86)/atmel/studio/7.0/toolchain/arm/arm-gnu-toolchain/bin/../lib/gcc/arm-none-eabi/4.9.3/../../../../arm-none-eabi/lib/armv7e-m\libc.a(lib_a-iprintf.o) (_vfiprintf_r)
c:/program files (x86)/atmel/studio/7.0/toolchain/arm/arm-gnu-toolchain/bin/../lib/gcc/arm-none-eabi/4.9.3/../../../../arm-none-eabi/lib/armv7e-m\libc.a(lib_a-wsetup.o)
                              c:/program files (x86)/atmel/studio/7.0/toolchain/arm/arm-gnu-toolchain/bin/../lib/gcc/arm-none-eabi/4.9.3/../../../../arm-none-eabi/lib/armv7e-m\libc.a(lib_a-vfiprintf.o) (__swsetup_r)
c:/program files (x86)/atmel/studio/7.0/toolchain/arm/arm-gnu-toolchain/bin/../lib/gcc/arm-none-eabi/4.9.3/../../../../arm-none-eabi/lib/armv7e-m\libc.a(lib_a-__call_atexit.o)
                              c:/program files (x86)/atmel/studio/7.0/toolchain/arm/arm-gnu-toolchain/bin/../lib/gcc/arm-none-eabi/4.9.3/../../../../arm-none-eabi/lib/armv7e-m\libc.a(lib_a-exit.o) (__call_exitprocs)
c:/program files (x86)/atmel/studio/7.0/toolchain/arm/arm-gnu-toolchain/bin/../lib/gcc/arm-none-eabi/4.9.3/../../../../arm-none-eabi/lib/armv7e-m\libc.a(lib_a-atexit.o)
                              c:/program files (x86)/atmel/studio/7.0/toolchain/arm/arm-gnu-toolchain/bin/../lib/gcc/arm-none-eabi/4.9.3/../../../../arm-none-eabi/lib/armv7e-m\libc.a(lib_a-__call_atexit.o) (atexit)
c:/program files (x86)/atmel/studio/7.0/toolchain/arm/arm-gnu-toolchain/bin/../lib/gcc/arm-none-eabi/4.9.3/../../../../arm-none-eabi/lib/armv7e-m\libc.a(lib_a-fflush.o)
                              c:/program files (x86)/atmel/studio/7.0/toolchain/arm/arm-gnu-toolchain/bin/../lib/gcc/arm-none-eabi/4.9.3/../../../../arm-none-eabi/lib/armv7e-m\libc.a(lib_a-vfiprintf.o) (_fflush_r)
c:/program files (x86)/atmel/studio/7.0/toolchain/arm/arm-gnu-toolchain/bin/../lib/gcc/arm-none-eabi/4.9.3/../../../../arm-none-eabi/lib/armv7e-m\libc.a(lib_a-findfp.o)
                              c:/program files (x86)/atmel/studio/7.0/toolchain/arm/arm-gnu-toolchain/bin/../lib/gcc/arm-none-eabi/4.9.3/../../../../arm-none-eabi/lib/armv7e-m\libc.a(lib_a-vfiprintf.o) (__sinit)
c:/program files (x86)/atmel/studio/7.0/toolchain/arm/arm-gnu-toolchain/bin/../lib/gcc/arm-none-eabi/4.9.3/../../../../arm-none-eabi/lib/armv7e-m\libc.a(lib_a-fini.o)
                              c:/program files (x86)/atmel/studio/7.0/toolchain/arm/arm-gnu-toolchain/bin/../lib/gcc/arm-none-eabi/4.9.3/../../../../arm-none-eabi/lib/armv7e-m\libc.a(lib_a-__call_atexit.o) (__libc_fini_array)
c:/program files (x86)/atmel/studio/7.0/toolchain/arm/arm-gnu-toolchain/bin/../lib/gcc/arm-none-eabi/4.9.3/../../../../arm-none-eabi/lib/armv7e-m\libc.a(lib_a-fputwc.o)
                              c:/program files (x86)/atmel/studio/7.0/toolchain/arm/arm-gnu-toolchain/bin/../lib/gcc/arm-none-eabi/4.9.3/../../../../arm-none-eabi/lib/armv7e-m\libc.a(lib_a-vfiprintf.o) (_fputwc_r)
[...]
Memory Configuration

Name             Origin             Length             Attributes
rom              0x00400000         0x00200000         xr
ram              0x20000000         0x00028000         xrw
*default*        0x00000000         0xffffffff

Linker script and memory map

LOAD c:/program files (x86)/atmel/studio/7.0/toolchain/arm/arm-gnu-toolchain/bin/../lib/gcc/arm-none-eabi/4.9.3/armv7e-m/crti.o
LOAD c:/program files (x86)/atmel/studio/7.0/toolchain/arm/arm-gnu-toolchain/bin/../lib/gcc/arm-none-eabi/4.9.3/armv7e-m/crtbegin.o
LOAD c:/program files (x86)/atmel/studio/7.0/toolchain/arm/arm-gnu-toolchain/bin/../lib/gcc/arm-none-eabi/4.9.3/../../../../arm-none-eabi/lib/armv7e-m/crt0.o
LOAD src/ASF/sam/drivers/uart/uart.o
LOAD src/ASF/common/services/clock/sam4s/sysclk.o
LOAD src/ASF/common/utils/interrupt/interrupt_sam_nvic.o
LOAD src/ASF/sam/boards/sam4s_xplained_pro/init.o
LOAD src/ASF/sam/drivers/pio/pio.o
LOAD src/ASF/sam/drivers/pio/pio_handler.o
LOAD src/ASF/sam/drivers/pmc/pmc.o
LOAD src/ASF/sam/drivers/pmc/sleep.o
LOAD src/ASF/sam/drivers/wdt/wdt.o
LOAD src/ASF/sam/utils/cmsis/sam4s/source/templates/gcc/startup_sam4s.o
LOAD src/ASF/sam/utils/cmsis/sam4s/source/templates/system_sam4s.o
LOAD src/ASF/sam/utils/syscalls/gcc/syscalls.o
LOAD src/main.o
START GROUP
LOAD ../src/ASF/thirdparty/CMSIS/Lib/GCC\libarm_cortexM4l_math.a
LOAD c:/program files (x86)/atmel/studio/7.0/toolchain/arm/arm-gnu-toolchain/bin/../lib/gcc/arm-none-eabi/4.9.3/../../../../arm-none-eabi/lib/armv7e-m\libm.a
END GROUP
START GROUP
LOAD c:/program files (x86)/atmel/studio/7.0/toolchain/arm/arm-gnu-toolchain/bin/../lib/gcc/arm-none-eabi/4.9.3/armv7e-m\libgcc.a
LOAD c:/program files (x86)/atmel/studio/7.0/toolchain/arm/arm-gnu-toolchain/bin/../lib/gcc/arm-none-eabi/4.9.3/../../../../arm-none-eabi/lib/armv7e-m\libc.a
END GROUP
LOAD c:/program files (x86)/atmel/studio/7.0/toolchain/arm/arm-gnu-toolchain/bin/../lib/gcc/arm-none-eabi/4.9.3/armv7e-m/crtend.o
LOAD c:/program files (x86)/atmel/studio/7.0/toolchain/arm/arm-gnu-toolchain/bin/../lib/gcc/arm-none-eabi/4.9.3/armv7e-m/crtn.o
                0x00003000                __stack_size__ = DEFINED (__stack_size__)?__stack_size__:0x3000
                0x20027ffc                __ram_end__ = ((ORIGIN (ram) + 0x28000) - 0x4)

.text           0x00400000      0x51c
                0x00400000                . = ALIGN (0x4)
                0x00400000                _sfixed = .
 *(.vectors .vectors.*)
 .vectors       0x00400000       0xcc src/ASF/sam/utils/cmsis/sam4s/source/templates/gcc/startup_sam4s.o
                0x00400000                exception_table
 *(.text .text.* .gnu.linkonce.t.*)
 .text          0x004000cc       0x5c c:/program files (x86)/atmel/studio/7.0/toolchain/arm/arm-gnu-toolchain/bin/../lib/gcc/arm-none-eabi/4.9.3/armv7e-m/crtbegin.o
 .text.board_init
                0x00400128       0xa4 src/ASF/sam/boards/sam4s_xplained_pro/init.o
                0x00400128                board_init
 .text.pio_get_interrupt_status
                0x004001cc        0x4 src/ASF/sam/drivers/pio/pio.o
                0x004001cc                pio_get_interrupt_status
 .text.pio_get_interrupt_mask
                0x004001d0        0x4 src/ASF/sam/drivers/pio/pio.o
                0x004001d0                pio_get_interrupt_mask
 .text.pio_handler_process
                0x004001d4       0x68 src/ASF/sam/drivers/pio/pio_handler.o
                0x004001d4                pio_handler_process
 .text.PIOA_Handler
                0x0040023c       0x14 src/ASF/sam/drivers/pio/pio_handler.o
                0x0040023c                PIOA_Handler
 .text.PIOB_Handler
                0x00400250       0x14 src/ASF/sam/drivers/pio/pio_handler.o
                0x00400250                PIOB_Handler
 .text.PIOC_Handler
                0x00400264       0x14 src/ASF/sam/drivers/pio/pio_handler.o
                0x00400264                PIOC_Handler
 .text.pmc_enable_periph_clk
                0x00400278       0x54 src/ASF/sam/drivers/pmc/pmc.o
                0x00400278                pmc_enable_periph_clk
 .text.wdt_disable
                0x004002cc        0x8 src/ASF/sam/drivers/wdt/wdt.o
                0x004002cc                wdt_disable
 .text.Dummy_Handler
                0x004002d4        0x4 src/ASF/sam/utils/cmsis/sam4s/source/templates/gcc/startup_sam4s.o
                0x004002d4                DACC_Handler
                0x004002d4                DebugMon_Handler
                0x004002d4                HardFault_Handler
                0x004002d4                TC2_Handler
                0x004002d4                SPI_Handler
                0x004002d4                SysTick_Handler
                0x004002d4                TWI1_Handler
                0x004002d4                PendSV_Handler
                0x004002d4                NMI_Handler
                0x004002d4                ADC_Handler
                0x004002d4                CRCCU_Handler
                0x004002d4                USART0_Handler
                0x004002d4                RTT_Handler
                0x004002d4                EFC1_Handler
                0x004002d4                RTC_Handler
                0x004002d4                UsageFault_Handler
                0x004002d4                WDT_Handler
                0x004002d4                TC4_Handler
                0x004002d4                TC1_Handler
                0x004002d4                HSMCI_Handler
                0x004002d4                UART1_Handler
                0x004002d4                TC3_Handler
                0x004002d4                Dummy_Handler
                0x004002d4                TWI0_Handler
                0x004002d4                USART1_Handler
                0x004002d4                SSC_Handler
                0x004002d4                EFC0_Handler
                0x004002d4                ACC_Handler
                0x004002d4                PMC_Handler
                0x004002d4                PWM_Handler
                0x004002d4                MemManage_Handler
                0x004002d4                SUPC_Handler
                0x004002d4                SVC_Handler
                0x004002d4                UART0_Handler
                0x004002d4                UDP_Handler
                0x004002d4                BusFault_Handler
                0x004002d4                RSTC_Handler
                0x004002d4                TC0_Handler
                0x004002d4                TC5_Handler
 .text.Reset_Handler
                0x004002d8       0xb0 src/ASF/sam/utils/cmsis/sam4s/source/templates/gcc/startup_sam4s.o
                0x004002d8                Reset_Handler
 .text.main     0x00400388       0x28 src/main.o
                0x00400388                main
 .text.__libc_init_array
                0x004003b0       0x50 c:/program files (x86)/atmel/studio/7.0/toolchain/arm/arm-gnu-toolchain/bin/../lib/gcc/arm-none-eabi/4.9.3/../../../../arm-none-eabi/lib/armv7e-m\libc.a(lib_a-init.o)
                0x004003b0                __libc_init_array
 .text.startup.register_fini
                0x00400400       0x14 c:/program files (x86)/atmel/studio/7.0/toolchain/arm/arm-gnu-toolchain/bin/../lib/gcc/arm-none-eabi/4.9.3/../../../../arm-none-eabi/lib/armv7e-m\libc.a(lib_a-__call_atexit.o)
 .text.atexit   0x00400414        0xc c:/program files (x86)/atmel/studio/7.0/toolchain/arm/arm-gnu-toolchain/bin/../lib/gcc/arm-none-eabi/4.9.3/../../../../arm-none-eabi/lib/armv7e-m\libc.a(lib_a-atexit.o)
                0x00400414                atexit
 .text.__libc_fini_array
                0x00400420       0x2c c:/program files (x86)/atmel/studio/7.0/toolchain/arm/arm-gnu-toolchain/bin/../lib/gcc/arm-none-eabi/4.9.3/../../../../arm-none-eabi/lib/armv7e-m\libc.a(lib_a-fini.o)
                0x00400420                __libc_fini_array
 .text.__register_exitproc
                0x0040044c       0xa4 c:/program files (x86)/atmel/studio/7.0/toolchain/arm/arm-gnu-toolchain/bin/../lib/gcc/arm-none-eabi/4.9.3/../../../../arm-none-eabi/lib/armv7e-m\libc.a(lib_a-__atexit.o)
                0x0040044c                __register_exitproc
 *(.glue_7t)
 .glue_7t       0x00000000        0x0 linker stubs
 *(.glue_7)
 .glue_7        0x00000000        0x0 linker stubs
 *(.rodata .rodata* .gnu.linkonce.r.*)
 .rodata.str1.4
                0x004004f0        0x4 c:/program files (x86)/atmel/studio/7.0/toolchain/arm/arm-gnu-toolchain/bin/../lib/gcc/arm-none-eabi/4.9.3/../../../../arm-none-eabi/lib/armv7e-m\libc.a(lib_a-impure.o)
                                  0x2 (size before relaxing)
 .rodata._global_impure_ptr
                0x004004f4        0x4 c:/program files (x86)/atmel/studio/7.0/toolchain/arm/arm-gnu-toolchain/bin/../lib/gcc/arm-none-eabi/4.9.3/../../../../arm-none-eabi/lib/armv7e-m\libc.a(lib_a-impure.o)
                0x004004f4                _global_impure_ptr
 *(.ARM.extab* .gnu.linkonce.armextab.*)
                0x004004f8                . = ALIGN (0x4)
 *(.init)
 .init          0x004004f8        0x4 c:/program files (x86)/atmel/studio/7.0/toolchain/arm/arm-gnu-toolchain/bin/../lib/gcc/arm-none-eabi/4.9.3/armv7e-m/crti.o
                0x004004f8                _init
 .init          0x004004fc        0x8 c:/program files (x86)/atmel/studio/7.0/toolchain/arm/arm-gnu-toolchain/bin/../lib/gcc/arm-none-eabi/4.9.3/armv7e-m/crtn.o
                0x00400504                . = ALIGN (0x4)
                0x00400504                __preinit_array_start = .
 *(.preinit_array)
                0x00400504                __preinit_array_end = .
                0x00400504                . = ALIGN (0x4)
                0x00400504                __init_array_start = .
 *(SORT(.init_array.*))
 .init_array.00000
                0x00400504        0x4 c:/program files (x86)/atmel/studio/7.0/toolchain/arm/arm-gnu-toolchain/bin/../lib/gcc/arm-none-eabi/4.9.3/../../../../arm-none-eabi/lib/armv7e-m\libc.a(lib_a-__call_atexit.o)
 *(.init_array)
 .init_array    0x00400508        0x4 c:/program files (x86)/atmel/studio/7.0/toolchain/arm/arm-gnu-toolchain/bin/../lib/gcc/arm-none-eabi/4.9.3/armv7e-m/crtbegin.o
                0x0040050c                __init_array_end = .
                0x0040050c                . = ALIGN (0x4)
 *crtbegin.o(.ctors)
 *(EXCLUDE_FILE(*crtend.o) .ctors)
 *(SORT(.ctors.*))
 *crtend.o(.ctors)
                0x0040050c                . = ALIGN (0x4)
 *(.fini)
 .fini          0x0040050c        0x4 c:/program files (x86)/atmel/studio/7.0/toolchain/arm/arm-gnu-toolchain/bin/../lib/gcc/arm-none-eabi/4.9.3/armv7e-m/crti.o
                0x0040050c                _fini
 .fini          0x00400510        0x8 c:/program files (x86)/atmel/studio/7.0/toolchain/arm/arm-gnu-toolchain/bin/../lib/gcc/arm-none-eabi/4.9.3/armv7e-m/crtn.o
                0x00400518                . = ALIGN (0x4)
                0x00400518                __fini_array_start = .
 *(.fini_array)
 .fini_array    0x00400518        0x4 c:/program files (x86)/atmel/studio/7.0/toolchain/arm/arm-gnu-toolchain/bin/../lib/gcc/arm-none-eabi/4.9.3/armv7e-m/crtbegin.o
 *(SORT(.fini_array.*))
                0x0040051c                __fini_array_end = .
 *crtbegin.o(.dtors)
 *(EXCLUDE_FILE(*crtend.o) .dtors)
 *(SORT(.dtors.*))
 *crtend.o(.dtors)
                0x0040051c                . = ALIGN (0x4)
                0x0040051c                _efixed = .
                0x0040051c                PROVIDE (__exidx_start, .)

.vfp11_veneer   0x0040051c        0x0
 .vfp11_veneer  0x00000000        0x0 linker stubs

.v4_bx          0x0040051c        0x0
 .v4_bx         0x00000000        0x0 linker stubs

.iplt           0x0040051c        0x0
 .iplt          0x00000000        0x0 c:/program files (x86)/atmel/studio/7.0/toolchain/arm/arm-gnu-toolchain/bin/../lib/gcc/arm-none-eabi/4.9.3/armv7e-m/crtbegin.o

.eh_frame       0x0040051c        0x0
 .eh_frame      0x0040051c        0x0 c:/program files (x86)/atmel/studio/7.0/toolchain/arm/arm-gnu-toolchain/bin/../lib/gcc/arm-none-eabi/4.9.3/armv7e-m/crtbegin.o

.rel.dyn        0x0040051c        0x0
 .rel.iplt      0x00000000        0x0 c:/program files (x86)/atmel/studio/7.0/toolchain/arm/arm-gnu-toolchain/bin/../lib/gcc/arm-none-eabi/4.9.3/armv7e-m/crtbegin.o

.jcr            0x0040051c        0x0
 .jcr           0x0040051c        0x0 c:/program files (x86)/atmel/studio/7.0/toolchain/arm/arm-gnu-toolchain/bin/../lib/gcc/arm-none-eabi/4.9.3/armv7e-m/crtbegin.o

.igot.plt       0x0040051c        0x0
 .igot.plt      0x00000000        0x0 c:/program files (x86)/atmel/studio/7.0/toolchain/arm/arm-gnu-toolchain/bin/../lib/gcc/arm-none-eabi/4.9.3/armv7e-m/crtbegin.o

.ARM.exidx
 *(.ARM.exidx* .gnu.linkonce.armexidx.*)
                0x0040051c                PROVIDE (__exidx_end, .)
                0x0040051c                . = ALIGN (0x4)
                0x0040051c                _etext = .

.relocate       0x20000000      0x428 load address 0x0040051c
                0x20000000                . = ALIGN (0x4)
                0x20000000                _srelocate = .
 *(.ramfunc .ramfunc.*)
 *(.data .data.*)
 .data.impure_data
                0x20000000      0x428 c:/program files (x86)/atmel/studio/7.0/toolchain/arm/arm-gnu-toolchain/bin/../lib/gcc/arm-none-eabi/4.9.3/../../../../arm-none-eabi/lib/armv7e-m\libc.a(lib_a-impure.o)
                0x20000428                . = ALIGN (0x4)
                0x20000428                _erelocate = .

.bss            0x20000428       0x94 load address 0x00400944
                0x20000428                . = ALIGN (0x4)
                0x20000428                _sbss = .
                0x20000428                _szero = .
 *(.bss .bss.*)
 .bss           0x20000428       0x1c c:/program files (x86)/atmel/studio/7.0/toolchain/arm/arm-gnu-toolchain/bin/../lib/gcc/arm-none-eabi/4.9.3/armv7e-m/crtbegin.o
 .bss.pio_capture_handler
                0x20000444        0x4 src/ASF/sam/drivers/pio/pio_handler.o
 .bss.gs_interrupt_sources
                0x20000448       0x70 src/ASF/sam/drivers/pio/pio_handler.o
 *(COMMON)
 COMMON         0x200004b8        0x4 src/ASF/sam/drivers/pio/pio.o
                0x200004b8                pio_capture_enable_flag
                0x200004bc                . = ALIGN (0x4)
                0x200004bc                _ebss = .
                0x200004bc                _ezero = .

.stack          0x200004bc     0x3004 load address 0x004009d8
                0x200004c0                . = ALIGN (0x8)
 *fill*         0x200004bc        0x4 
                0x200004c0                _sstack = .
                0x200034c0                . = (. + __stack_size__)
 *fill*         0x200004c0     0x3000 
                0x200034c0                . = ALIGN (0x8)
                0x200034c0                _estack = .
                0x200034c0                . = ALIGN (0x4)
                0x200034c0                _end = .
OUTPUT(Hello_ATSAM4S_ASF.elf elf32-littlearm)

.ARM.attributes
                0x00000000       0x2a
 .ARM.attributes
                0x00000000       0x1e c:/program files (x86)/atmel/studio/7.0/toolchain/arm/arm-gnu-toolchain/bin/../lib/gcc/arm-none-eabi/4.9.3/armv7e-m/crti.o
 .ARM.attributes
                0x0000001e       0x2e c:/program files (x86)/atmel/studio/7.0/toolchain/arm/arm-gnu-toolchain/bin/../lib/gcc/arm-none-eabi/4.9.3/armv7e-m/crtbegin.o
 .ARM.attributes
                0x0000004c       0x33 src/ASF/sam/boards/sam4s_xplained_pro/init.o
 .ARM.attributes
                0x0000007f       0x33 src/ASF/sam/drivers/pio/pio.o
 .ARM.attributes
                0x000000b2       0x33 src/ASF/sam/drivers/pio/pio_handler.o
 .ARM.attributes
                0x000000e5       0x33 src/ASF/sam/drivers/pmc/pmc.o
 .ARM.attributes
                0x00000118       0x33 src/ASF/sam/drivers/wdt/wdt.o
 .ARM.attributes
                0x0000014b       0x33 src/ASF/sam/utils/cmsis/sam4s/source/templates/gcc/startup_sam4s.o
 .ARM.attributes
                0x0000017e       0x33 src/main.o
 .ARM.attributes
                0x000001b1       0x2e c:/program files (x86)/atmel/studio/7.0/toolchain/arm/arm-gnu-toolchain/bin/../lib/gcc/arm-none-eabi/4.9.3/../../../../arm-none-eabi/lib/armv7e-m\libc.a(lib_a-impure.o)
 .ARM.attributes
                0x000001df       0x2e c:/program files (x86)/atmel/studio/7.0/toolchain/arm/arm-gnu-toolchain/bin/../lib/gcc/arm-none-eabi/4.9.3/../../../../arm-none-eabi/lib/armv7e-m\libc.a(lib_a-init.o)
 .ARM.attributes
                0x0000020d       0x2e c:/program files (x86)/atmel/studio/7.0/toolchain/arm/arm-gnu-toolchain/bin/../lib/gcc/arm-none-eabi/4.9.3/../../../../arm-none-eabi/lib/armv7e-m\libc.a(lib_a-__call_atexit.o)
 .ARM.attributes
                0x0000023b       0x2e c:/program files (x86)/atmel/studio/7.0/toolchain/arm/arm-gnu-toolchain/bin/../lib/gcc/arm-none-eabi/4.9.3/../../../../arm-none-eabi/lib/armv7e-m\libc.a(lib_a-atexit.o)
 .ARM.attributes
                0x00000269       0x2e c:/program files (x86)/atmel/studio/7.0/toolchain/arm/arm-gnu-toolchain/bin/../lib/gcc/arm-none-eabi/4.9.3/../../../../arm-none-eabi/lib/armv7e-m\libc.a(lib_a-fini.o)
 .ARM.attributes
                0x00000297       0x2e c:/program files (x86)/atmel/studio/7.0/toolchain/arm/arm-gnu-toolchain/bin/../lib/gcc/arm-none-eabi/4.9.3/../../../../arm-none-eabi/lib/armv7e-m\libc.a(lib_a-__atexit.o)
 .ARM.attributes
                0x000002c5       0x1e c:/program files (x86)/atmel/studio/7.0/toolchain/arm/arm-gnu-toolchain/bin/../lib/gcc/arm-none-eabi/4.9.3/armv7e-m/crtn.o

.comment        0x00000000       0x5b
 .comment       0x00000000       0x5b src/ASF/sam/boards/sam4s_xplained_pro/init.o
                                 0x5c (size before relaxing)
 .comment       0x00000000       0x5c src/ASF/sam/drivers/pio/pio.o
 .comment       0x00000000       0x5c src/ASF/sam/drivers/pio/pio_handler.o
 .comment       0x00000000       0x5c src/ASF/sam/drivers/pmc/pmc.o
 .comment       0x00000000       0x5c src/ASF/sam/drivers/wdt/wdt.o
 .comment       0x00000000       0x5c src/ASF/sam/utils/cmsis/sam4s/source/templates/gcc/startup_sam4s.o
 .comment       0x00000000       0x5c src/main.o

.debug_info     0x00000000     0x5867
 .debug_info    0x00000000      0xcfc src/ASF/sam/boards/sam4s_xplained_pro/init.o
 .debug_info    0x00000cfc     0x1951 src/ASF/sam/drivers/pio/pio.o
 .debug_info    0x0000264d      0xf77 src/ASF/sam/drivers/pio/pio_handler.o
 .debug_info    0x000035c4     0x10d2 src/ASF/sam/drivers/pmc/pmc.o
 .debug_info    0x00004696      0x2d6 src/ASF/sam/drivers/wdt/wdt.o
 .debug_info    0x0000496c      0x68d src/ASF/sam/utils/cmsis/sam4s/source/templates/gcc/startup_sam4s.o
 .debug_info    0x00004ff9      0x86e src/main.o

.debug_abbrev   0x00000000      0xe49
 .debug_abbrev  0x00000000      0x1f9 src/ASF/sam/boards/sam4s_xplained_pro/init.o
 .debug_abbrev  0x000001f9      0x30b src/ASF/sam/drivers/pio/pio.o
 .debug_abbrev  0x00000504      0x280 src/ASF/sam/drivers/pio/pio_handler.o
 .debug_abbrev  0x00000784      0x277 src/ASF/sam/drivers/pmc/pmc.o
 .debug_abbrev  0x000009fb      0x12a src/ASF/sam/drivers/wdt/wdt.o
 .debug_abbrev  0x00000b25      0x168 src/ASF/sam/utils/cmsis/sam4s/source/templates/gcc/startup_sam4s.o
 .debug_abbrev  0x00000c8d      0x1bc src/main.o

.debug_loc      0x00000000     0x231e
 .debug_loc     0x00000000       0x20 src/ASF/sam/boards/sam4s_xplained_pro/init.o
 .debug_loc     0x00000020      0xdd7 src/ASF/sam/drivers/pio/pio.o
 .debug_loc     0x00000df7      0x553 src/ASF/sam/drivers/pio/pio_handler.o
 .debug_loc     0x0000134a      0xd88 src/ASF/sam/drivers/pmc/pmc.o
 .debug_loc     0x000020d2      0x166 src/ASF/sam/drivers/wdt/wdt.o
 .debug_loc     0x00002238       0xc6 src/ASF/sam/utils/cmsis/sam4s/source/templates/gcc/startup_sam4s.o
 .debug_loc     0x000022fe       0x20 src/main.o

.debug_aranges  0x00000000      0x4b8
 .debug_aranges
                0x00000000       0x20 src/ASF/sam/boards/sam4s_xplained_pro/init.o
 .debug_aranges
                0x00000020      0x1a8 src/ASF/sam/drivers/pio/pio.o
 .debug_aranges
                0x000001c8       0x58 src/ASF/sam/drivers/pio/pio_handler.o
 .debug_aranges
                0x00000220      0x208 src/ASF/sam/drivers/pmc/pmc.o
 .debug_aranges
                0x00000428       0x48 src/ASF/sam/drivers/wdt/wdt.o
 .debug_aranges
                0x00000470       0x28 src/ASF/sam/utils/cmsis/sam4s/source/templates/gcc/startup_sam4s.o
 .debug_aranges
                0x00000498       0x20 src/main.o

.debug_ranges   0x00000000      0x478
 .debug_ranges  0x00000000       0x10 src/ASF/sam/boards/sam4s_xplained_pro/init.o
 .debug_ranges  0x00000010      0x198 src/ASF/sam/drivers/pio/pio.o
 .debug_ranges  0x000001a8       0x48 src/ASF/sam/drivers/pio/pio_handler.o
 .debug_ranges  0x000001f0      0x1f8 src/ASF/sam/drivers/pmc/pmc.o
 .debug_ranges  0x000003e8       0x38 src/ASF/sam/drivers/wdt/wdt.o
 .debug_ranges  0x00000420       0x18 src/ASF/sam/utils/cmsis/sam4s/source/templates/gcc/startup_sam4s.o
 .debug_ranges  0x00000438       0x40 src/main.o

.debug_macro    0x00000000     0x23ac
 .debug_macro   0x00000000      0x56d src/ASF/sam/boards/sam4s_xplained_pro/init.o
 .debug_macro   0x0000056d       0x94 src/ASF/sam/boards/sam4s_xplained_pro/init.o
 .debug_macro   0x00000601       0x40 src/ASF/sam/boards/sam4s_xplained_pro/init.o
 .debug_macro   0x00000641       0x82 src/ASF/sam/boards/sam4s_xplained_pro/init.o
 .debug_macro   0x000006c3       0x10 src/ASF/sam/boards/sam4s_xplained_pro/init.o
 .debug_macro   0x000006d3      0x4bd src/ASF/sam/drivers/pio/pio.o
 .debug_macro   0x00000b90       0x8e src/ASF/sam/drivers/pio/pio.o
 .debug_macro   0x00000c1e      0x4c7 src/ASF/sam/drivers/pio/pio_handler.o
 .debug_macro   0x000010e5      0x4bd src/ASF/sam/drivers/pmc/pmc.o
 .debug_macro   0x000015a2       0x52 src/ASF/sam/drivers/pmc/pmc.o
 .debug_macro   0x000015f4      0x4ca src/ASF/sam/drivers/wdt/wdt.o
 .debug_macro   0x00001abe      0x316 src/ASF/sam/utils/cmsis/sam4s/source/templates/gcc/startup_sam4s.o
 .debug_macro   0x00001dd4      0x5a0 src/main.o
 .debug_macro   0x00002374       0x1c src/main.o
 .debug_macro   0x00002390       0x1c src/main.o

.debug_line     0x00000000     0x55b3
 .debug_line    0x00000000      0xc7f src/ASF/sam/boards/sam4s_xplained_pro/init.o
 .debug_line    0x00000c7f      0xeb9 src/ASF/sam/drivers/pio/pio.o
 .debug_line    0x00001b38      0xade src/ASF/sam/drivers/pio/pio_handler.o
 .debug_line    0x00002616      0xfe5 src/ASF/sam/drivers/pmc/pmc.o
 .debug_line    0x000035fb      0xa7d src/ASF/sam/drivers/wdt/wdt.o
 .debug_line    0x00004078      0x87d src/ASF/sam/utils/cmsis/sam4s/source/templates/gcc/startup_sam4s.o
 .debug_line    0x000048f5      0xcbe src/main.o

.debug_str      0x00000000    0x4f4df
 .debug_str     0x00000000    0x4dbb9 src/ASF/sam/boards/sam4s_xplained_pro/init.o
                              0x4df96 (size before relaxing)
 .debug_str     0x0004dbb9      0x638 src/ASF/sam/drivers/pio/pio.o
                              0x4a7ea (size before relaxing)
 .debug_str     0x0004e1f1      0x415 src/ASF/sam/drivers/pio/pio_handler.o
                              0x4a665 (size before relaxing)
 .debug_str     0x0004e606      0x7d4 src/ASF/sam/drivers/pmc/pmc.o
                              0x4a639 (size before relaxing)
 .debug_str     0x0004edda       0xf4 src/ASF/sam/drivers/wdt/wdt.o
                              0x49cd1 (size before relaxing)
 .debug_str     0x0004eece      0x40e src/ASF/sam/utils/cmsis/sam4s/source/templates/gcc/startup_sam4s.o
                              0x3b4b5 (size before relaxing)
 .debug_str     0x0004f2dc      0x203 src/main.o
                              0x4e076 (size before relaxing)

.debug_frame    0x00000000      0xaf4
 .debug_frame   0x00000000       0x28 src/ASF/sam/boards/sam4s_xplained_pro/init.o
 .debug_frame   0x00000028      0x38c src/ASF/sam/drivers/pio/pio.o
 .debug_frame   0x000003b4       0xf4 src/ASF/sam/drivers/pio/pio_handler.o
 .debug_frame   0x000004a8      0x46c src/ASF/sam/drivers/pmc/pmc.o
 .debug_frame   0x00000914       0x7c src/ASF/sam/drivers/wdt/wdt.o
 .debug_frame   0x00000990       0x38 src/ASF/sam/utils/cmsis/sam4s/source/templates/gcc/startup_sam4s.o
 .debug_frame   0x000009c8       0x28 src/main.o
 .debug_frame   0x000009f0       0x2c c:/program files (x86)/atmel/studio/7.0/toolchain/arm/arm-gnu-toolchain/bin/../lib/gcc/arm-none-eabi/4.9.3/../../../../arm-none-eabi/lib/armv7e-m\libc.a(lib_a-init.o)
 .debug_frame   0x00000a1c       0x50 c:/program files (x86)/atmel/studio/7.0/toolchain/arm/arm-gnu-toolchain/bin/../lib/gcc/arm-none-eabi/4.9.3/../../../../arm-none-eabi/lib/armv7e-m\libc.a(lib_a-__call_atexit.o)
 .debug_frame   0x00000a6c       0x20 c:/program files (x86)/atmel/studio/7.0/toolchain/arm/arm-gnu-toolchain/bin/../lib/gcc/arm-none-eabi/4.9.3/../../../../arm-none-eabi/lib/armv7e-m\libc.a(lib_a-atexit.o)
 .debug_frame   0x00000a8c       0x34 c:/program files (x86)/atmel/studio/7.0/toolchain/arm/arm-gnu-toolchain/bin/../lib/gcc/arm-none-eabi/4.9.3/../../../../arm-none-eabi/lib/armv7e-m\libc.a(lib_a-fini.o)
 .debug_frame   0x00000ac0       0x34 c:/program files (x86)/atmel/studio/7.0/toolchain/arm/arm-gnu-toolchain/bin/../lib/gcc/arm-none-eabi/4.9.3/../../../../arm-none-eabi/lib/armv7e-m\libc.a(lib_a-__atexit.o)

Cross Reference Table

Symbol                                            File
ACC_Handler                                       src/ASF/sam/utils/cmsis/sam4s/source/templates/gcc/startup_sam4s.o
ADC_Handler                                       src/ASF/sam/utils/cmsis/sam4s/source/templates/gcc/startup_sam4s.o
BusFault_Handler                                  src/ASF/sam/utils/cmsis/sam4s/source/templates/gcc/startup_sam4s.o
CRCCU_Handler                                     src/ASF/sam/utils/cmsis/sam4s/source/templates/gcc/startup_sam4s.o
DACC_Handler                                      src/ASF/sam/utils/cmsis/sam4s/source/templates/gcc/startup_sam4s.o
DebugMon_Handler                                  src/ASF/sam/utils/cmsis/sam4s/source/templates/gcc/startup_sam4s.o
Dummy_Handler                                     src/ASF/sam/utils/cmsis/sam4s/source/templates/gcc/startup_sam4s.o
EFC0_Handler                                      src/ASF/sam/utils/cmsis/sam4s/source/templates/gcc/startup_sam4s.o
EFC1_Handler                                      src/ASF/sam/utils/cmsis/sam4s/source/templates/gcc/startup_sam4s.o
HSMCI_Handler                                     src/ASF/sam/utils/cmsis/sam4s/source/templates/gcc/startup_sam4s.o
HardFault_Handler                                 src/ASF/sam/utils/cmsis/sam4s/source/templates/gcc/startup_sam4s.o
MemManage_Handler                                 src/ASF/sam/utils/cmsis/sam4s/source/templates/gcc/startup_sam4s.o
NMI_Handler                                       src/ASF/sam/utils/cmsis/sam4s/source/templates/gcc/startup_sam4s.o
PIOA_Handler                                      src/ASF/sam/drivers/pio/pio_handler.o
PIOB_Handler                                      src/ASF/sam/drivers/pio/pio_handler.o
PIOC_Handler                                      src/ASF/sam/drivers/pio/pio_handler.o
PMC_Handler                                       src/ASF/sam/utils/cmsis/sam4s/source/templates/gcc/startup_sam4s.o
PWM_Handler                                       src/ASF/sam/utils/cmsis/sam4s/source/templates/gcc/startup_sam4s.o
PendSV_Handler                                    src/ASF/sam/utils/cmsis/sam4s/source/templates/gcc/startup_sam4s.o
RSTC_Handler                                      src/ASF/sam/utils/cmsis/sam4s/source/templates/gcc/startup_sam4s.o
RTC_Handler                                       src/ASF/sam/utils/cmsis/sam4s/source/templates/gcc/startup_sam4s.o
RTT_Handler                                       src/ASF/sam/utils/cmsis/sam4s/source/templates/gcc/startup_sam4s.o
Reset_Handler                                     src/ASF/sam/utils/cmsis/sam4s/source/templates/gcc/startup_sam4s.o
SPI_Handler                                       src/ASF/sam/utils/cmsis/sam4s/source/templates/gcc/startup_sam4s.o
SSC_Handler                                       src/ASF/sam/utils/cmsis/sam4s/source/templates/gcc/startup_sam4s.o
SUPC_Handler                                      src/ASF/sam/utils/cmsis/sam4s/source/templates/gcc/startup_sam4s.o
SVC_Handler                                       src/ASF/sam/utils/cmsis/sam4s/source/templates/gcc/startup_sam4s.o
SysTick_Handler                                   src/ASF/sam/utils/cmsis/sam4s/source/templates/gcc/startup_sam4s.o
SystemCoreClock                                   src/ASF/sam/utils/cmsis/sam4s/source/templates/system_sam4s.o
SystemCoreClockUpdate                             src/ASF/sam/utils/cmsis/sam4s/source/templates/system_sam4s.o
                                                  src/ASF/common/services/clock/sam4s/sysclk.o
SystemInit                                        src/ASF/sam/utils/cmsis/sam4s/source/templates/system_sam4s.o
TC0_Handler                                       src/ASF/sam/utils/cmsis/sam4s/source/templates/gcc/startup_sam4s.o
TC1_Handler                                       src/ASF/sam/utils/cmsis/sam4s/source/templates/gcc/startup_sam4s.o
TC2_Handler                                       src/ASF/sam/utils/cmsis/sam4s/source/templates/gcc/startup_sam4s.o
TC3_Handler                                       src/ASF/sam/utils/cmsis/sam4s/source/templates/gcc/startup_sam4s.o
TC4_Handler                                       src/ASF/sam/utils/cmsis/sam4s/source/templates/gcc/startup_sam4s.o
TC5_Handler                                       src/ASF/sam/utils/cmsis/sam4s/source/templates/gcc/startup_sam4s.o
TWI0_Handler                                      src/ASF/sam/utils/cmsis/sam4s/source/templates/gcc/startup_sam4s.o
TWI1_Handler                                      src/ASF/sam/utils/cmsis/sam4s/source/templates/gcc/startup_sam4s.o
UART0_Handler                                     src/ASF/sam/utils/cmsis/sam4s/source/templates/gcc/startup_sam4s.o
UART1_Handler                                     src/ASF/sam/utils/cmsis/sam4s/source/templates/gcc/startup_sam4s.o
UDP_Handler                                       src/ASF/sam/utils/cmsis/sam4s/source/templates/gcc/startup_sam4s.o
USART0_Handler                                    src/ASF/sam/utils/cmsis/sam4s/source/templates/gcc/startup_sam4s.o
USART1_Handler                                    src/ASF/sam/utils/cmsis/sam4s/source/templates/gcc/startup_sam4s.o
UsageFault_Handler                                src/ASF/sam/utils/cmsis/sam4s/source/templates/gcc/startup_sam4s.o
WDT_Handler                                       src/ASF/sam/utils/cmsis/sam4s/source/templates/gcc/startup_sam4s.o
_Jv_RegisterClasses                               c:/program files (x86)/atmel/studio/7.0/toolchain/arm/arm-gnu-toolchain/bin/../lib/gcc/arm-none-eabi/4.9.3/armv7e-m/crtbegin.o
_PathLocale                                       c:/program files (x86)/atmel/studio/7.0/toolchain/arm/arm-gnu-toolchain/bin/../lib/gcc/arm-none-eabi/4.9.3/../../../../arm-none-eabi/lib/armv7e-m\libc.a(lib_a-locale.o)
__aeabi_idiv0                                     c:/program files (x86)/atmel/studio/7.0/toolchain/arm/arm-gnu-toolchain/bin/../lib/gcc/arm-none-eabi/4.9.3/armv7e-m\libgcc.a(_dvmd_tls.o)
__aeabi_ldiv0                                     c:/program files (x86)/atmel/studio/7.0/toolchain/arm/arm-gnu-toolchain/bin/../lib/gcc/arm-none-eabi/4.9.3/armv7e-m\libgcc.a(_dvmd_tls.o)
                                                  c:/program files (x86)/atmel/studio/7.0/toolchain/arm/arm-gnu-toolchain/bin/../lib/gcc/arm-none-eabi/4.9.3/armv7e-m\libgcc.a(_aeabi_uldivmod.o)
__aeabi_uldivmod                                  c:/program files (x86)/atmel/studio/7.0/toolchain/arm/arm-gnu-toolchain/bin/../lib/gcc/arm-none-eabi/4.9.3/armv7e-m\libgcc.a(_aeabi_uldivmod.o)
                                                  c:/program files (x86)/atmel/studio/7.0/toolchain/arm/arm-gnu-toolchain/bin/../lib/gcc/arm-none-eabi/4.9.3/../../../../arm-none-eabi/lib/armv7e-m\libc.a(lib_a-vfiprintf.o)
__ascii_wctomb                                    c:/program files (x86)/atmel/studio/7.0/toolchain/arm/arm-gnu-toolchain/bin/../lib/gcc/arm-none-eabi/4.9.3/../../../../arm-none-eabi/lib/armv7e-m\libc.a(lib_a-wctomb_r.o)
__bss_end__                                       c:/program files (x86)/atmel/studio/7.0/toolchain/arm/arm-gnu-toolchain/bin/../lib/gcc/arm-none-eabi/4.9.3/../../../../arm-none-eabi/lib/armv7e-m/crt0.o
__bss_start__                                     c:/program files (x86)/atmel/studio/7.0/toolchain/arm/arm-gnu-toolchain/bin/../lib/gcc/arm-none-eabi/4.9.3/../../../../arm-none-eabi/lib/armv7e-m/crt0.o
__call_exitprocs                                  c:/program files (x86)/atmel/studio/7.0/toolchain/arm/arm-gnu-toolchain/bin/../lib/gcc/arm-none-eabi/4.9.3/../../../../arm-none-eabi/lib/armv7e-m\libc.a(lib_a-__call_atexit.o)
                                                  c:/program files (x86)/atmel/studio/7.0/toolchain/arm/arm-gnu-toolchain/bin/../lib/gcc/arm-none-eabi/4.9.3/../../../../arm-none-eabi/lib/armv7e-m\libc.a(lib_a-exit.o)
__deregister_frame_info                           c:/program files (x86)/atmel/studio/7.0/toolchain/arm/arm-gnu-toolchain/bin/../lib/gcc/arm-none-eabi/4.9.3/armv7e-m/crtbegin.o
__divdi3                                          c:/program files (x86)/atmel/studio/7.0/toolchain/arm/arm-gnu-toolchain/bin/../lib/gcc/arm-none-eabi/4.9.3/armv7e-m\libgcc.a(_divdi3.o)
                                                  c:/program files (x86)/atmel/studio/7.0/toolchain/arm/arm-gnu-toolchain/bin/../lib/gcc/arm-none-eabi/4.9.3/armv7e-m\libgcc.a(bpabi.o)
__dso_handle                                      c:/program files (x86)/atmel/studio/7.0/toolchain/arm/arm-gnu-toolchain/bin/../lib/gcc/arm-none-eabi/4.9.3/armv7e-m/crtbegin.o
__fini_array_end                                  c:/program files (x86)/atmel/studio/7.0/toolchain/arm/arm-gnu-toolchain/bin/../lib/gcc/arm-none-eabi/4.9.3/../../../../arm-none-eabi/lib/armv7e-m\libc.a(lib_a-fini.o)
__fini_array_start                                c:/program files (x86)/atmel/studio/7.0/toolchain/arm/arm-gnu-toolchain/bin/../lib/gcc/arm-none-eabi/4.9.3/../../../../arm-none-eabi/lib/armv7e-m\libc.a(lib_a-fini.o)
__fp_lock_all                                     c:/program files (x86)/atmel/studio/7.0/toolchain/arm/arm-gnu-toolchain/bin/../lib/gcc/arm-none-eabi/4.9.3/../../../../arm-none-eabi/lib/armv7e-m\libc.a(lib_a-findfp.o)
__fp_unlock_all                                   c:/program files (x86)/atmel/studio/7.0/toolchain/arm/arm-gnu-toolchain/bin/../lib/gcc/arm-none-eabi/4.9.3/../../../../arm-none-eabi/lib/armv7e-m\libc.a(lib_a-findfp.o)
__fputwc                                          c:/program files (x86)/atmel/studio/7.0/toolchain/arm/arm-gnu-toolchain/bin/../lib/gcc/arm-none-eabi/4.9.3/../../../../arm-none-eabi/lib/armv7e-m\libc.a(lib_a-fputwc.o)
__gnu_ldivmod_helper                              c:/program files (x86)/atmel/studio/7.0/toolchain/arm/arm-gnu-toolchain/bin/../lib/gcc/arm-none-eabi/4.9.3/armv7e-m\libgcc.a(bpabi.o)
__gnu_uldivmod_helper                             c:/program files (x86)/atmel/studio/7.0/toolchain/arm/arm-gnu-toolchain/bin/../lib/gcc/arm-none-eabi/4.9.3/armv7e-m\libgcc.a(bpabi.o)
                                                  c:/program files (x86)/atmel/studio/7.0/toolchain/arm/arm-gnu-toolchain/bin/../lib/gcc/arm-none-eabi/4.9.3/armv7e-m\libgcc.a(_aeabi_uldivmod.o)
__init_array_end                                  c:/program files (x86)/atmel/studio/7.0/toolchain/arm/arm-gnu-toolchain/bin/../lib/gcc/arm-none-eabi/4.9.3/../../../../arm-none-eabi/lib/armv7e-m\libc.a(lib_a-init.o)
__init_array_start                                c:/program files (x86)/atmel/studio/7.0/toolchain/arm/arm-gnu-toolchain/bin/../lib/gcc/arm-none-eabi/4.9.3/../../../../arm-none-eabi/lib/armv7e-m\libc.a(lib_a-init.o)
__libc_fini                                       c:/program files (x86)/atmel/studio/7.0/toolchain/arm/arm-gnu-toolchain/bin/../lib/gcc/arm-none-eabi/4.9.3/../../../../arm-none-eabi/lib/armv7e-m\libc.a(lib_a-__call_atexit.o)
__libc_fini_array                                 c:/program files (x86)/atmel/studio/7.0/toolchain/arm/arm-gnu-toolchain/bin/../lib/gcc/arm-none-eabi/4.9.3/../../../../arm-none-eabi/lib/armv7e-m\libc.a(lib_a-fini.o)
                                                  c:/program files (x86)/atmel/studio/7.0/toolchain/arm/arm-gnu-toolchain/bin/../lib/gcc/arm-none-eabi/4.9.3/../../../../arm-none-eabi/lib/armv7e-m\libc.a(lib_a-__call_atexit.o)
                                                  c:/program files (x86)/atmel/studio/7.0/toolchain/arm/arm-gnu-toolchain/bin/../lib/gcc/arm-none-eabi/4.9.3/../../../../arm-none-eabi/lib/armv7e-m/crt0.o
__libc_init_array                                 c:/program files (x86)/atmel/studio/7.0/toolchain/arm/arm-gnu-toolchain/bin/../lib/gcc/arm-none-eabi/4.9.3/../../../../arm-none-eabi/lib/armv7e-m\libc.a(lib_a-init.o)
                                                  src/ASF/sam/utils/cmsis/sam4s/source/templates/gcc/startup_sam4s.o
                                                  c:/program files (x86)/atmel/studio/7.0/toolchain/arm/arm-gnu-toolchain/bin/../lib/gcc/arm-none-eabi/4.9.3/../../../../arm-none-eabi/lib/armv7e-m/crt0.o
__locale_charset                                  c:/program files (x86)/atmel/studio/7.0/toolchain/arm/arm-gnu-toolchain/bin/../lib/gcc/arm-none-eabi/4.9.3/../../../../arm-none-eabi/lib/armv7e-m\libc.a(lib_a-locale.o)
                                                  c:/program files (x86)/atmel/studio/7.0/toolchain/arm/arm-gnu-toolchain/bin/../lib/gcc/arm-none-eabi/4.9.3/../../../../arm-none-eabi/lib/armv7e-m\libc.a(lib_a-wctomb_r.o)
                                                  c:/program files (x86)/atmel/studio/7.0/toolchain/arm/arm-gnu-toolchain/bin/../lib/gcc/arm-none-eabi/4.9.3/../../../../arm-none-eabi/lib/armv7e-m\libc.a(lib_a-wcrtomb.o)
__locale_cjk_lang                                 c:/program files (x86)/atmel/studio/7.0/toolchain/arm/arm-gnu-toolchain/bin/../lib/gcc/arm-none-eabi/4.9.3/../../../../arm-none-eabi/lib/armv7e-m\libc.a(lib_a-locale.o)
__locale_mb_cur_max                               c:/program files (x86)/atmel/studio/7.0/toolchain/arm/arm-gnu-toolchain/bin/../lib/gcc/arm-none-eabi/4.9.3/../../../../arm-none-eabi/lib/armv7e-m\libc.a(lib_a-locale.o)
                                                  c:/program files (x86)/atmel/studio/7.0/toolchain/arm/arm-gnu-toolchain/bin/../lib/gcc/arm-none-eabi/4.9.3/../../../../arm-none-eabi/lib/armv7e-m\libc.a(lib_a-fputwc.o)
__locale_msgcharset                               c:/program files (x86)/atmel/studio/7.0/toolchain/arm/arm-gnu-toolchain/bin/../lib/gcc/arm-none-eabi/4.9.3/../../../../arm-none-eabi/lib/armv7e-m\libc.a(lib_a-locale.o)
__malloc_av_                                      c:/program files (x86)/atmel/studio/7.0/toolchain/arm/arm-gnu-toolchain/bin/../lib/gcc/arm-none-eabi/4.9.3/../../../../arm-none-eabi/lib/armv7e-m\libc.a(lib_a-mallocr.o)
                                                  c:/program files (x86)/atmel/studio/7.0/toolchain/arm/arm-gnu-toolchain/bin/../lib/gcc/arm-none-eabi/4.9.3/../../../../arm-none-eabi/lib/armv7e-m\libc.a(lib_a-reallocr.o)
                                                  c:/program files (x86)/atmel/studio/7.0/toolchain/arm/arm-gnu-toolchain/bin/../lib/gcc/arm-none-eabi/4.9.3/../../../../arm-none-eabi/lib/armv7e-m\libc.a(lib_a-freer.o)
__malloc_current_mallinfo                         c:/program files (x86)/atmel/studio/7.0/toolchain/arm/arm-gnu-toolchain/bin/../lib/gcc/arm-none-eabi/4.9.3/../../../../arm-none-eabi/lib/armv7e-m\libc.a(lib_a-mallocr.o)
                                                  c:/program files (x86)/atmel/studio/7.0/toolchain/arm/arm-gnu-toolchain/bin/../lib/gcc/arm-none-eabi/4.9.3/../../../../arm-none-eabi/lib/armv7e-m\libc.a(lib_a-freer.o)
__malloc_lock                                     c:/program files (x86)/atmel/studio/7.0/toolchain/arm/arm-gnu-toolchain/bin/../lib/gcc/arm-none-eabi/4.9.3/../../../../arm-none-eabi/lib/armv7e-m\libc.a(lib_a-mlock.o)
                                                  c:/program files (x86)/atmel/studio/7.0/toolchain/arm/arm-gnu-toolchain/bin/../lib/gcc/arm-none-eabi/4.9.3/../../../../arm-none-eabi/lib/armv7e-m\libc.a(lib_a-reallocr.o)
                                                  c:/program files (x86)/atmel/studio/7.0/toolchain/arm/arm-gnu-toolchain/bin/../lib/gcc/arm-none-eabi/4.9.3/../../../../arm-none-eabi/lib/armv7e-m\libc.a(lib_a-mallocr.o)
                                                  c:/program files (x86)/atmel/studio/7.0/toolchain/arm/arm-gnu-toolchain/bin/../lib/gcc/arm-none-eabi/4.9.3/../../../../arm-none-eabi/lib/armv7e-m\libc.a(lib_a-freer.o)
__malloc_max_sbrked_mem                           c:/program files (x86)/atmel/studio/7.0/toolchain/arm/arm-gnu-toolchain/bin/../lib/gcc/arm-none-eabi/4.9.3/../../../../arm-none-eabi/lib/armv7e-m\libc.a(lib_a-mallocr.o)
__malloc_max_total_mem                            c:/program files (x86)/atmel/studio/7.0/toolchain/arm/arm-gnu-toolchain/bin/../lib/gcc/arm-none-eabi/4.9.3/../../../../arm-none-eabi/lib/armv7e-m\libc.a(lib_a-mallocr.o)
__malloc_sbrk_base                                c:/program files (x86)/atmel/studio/7.0/toolchain/arm/arm-gnu-toolchain/bin/../lib/gcc/arm-none-eabi/4.9.3/../../../../arm-none-eabi/lib/armv7e-m\libc.a(lib_a-mallocr.o)
                                                  c:/program files (x86)/atmel/studio/7.0/toolchain/arm/arm-gnu-toolchain/bin/../lib/gcc/arm-none-eabi/4.9.3/../../../../arm-none-eabi/lib/armv7e-m\libc.a(lib_a-freer.o)
__malloc_top_pad                                  c:/program files (x86)/atmel/studio/7.0/toolchain/arm/arm-gnu-toolchain/bin/../lib/gcc/arm-none-eabi/4.9.3/../../../../arm-none-eabi/lib/armv7e-m\libc.a(lib_a-mallocr.o)
                                                  c:/program files (x86)/atmel/studio/7.0/toolchain/arm/arm-gnu-toolchain/bin/../lib/gcc/arm-none-eabi/4.9.3/../../../../arm-none-eabi/lib/armv7e-m\libc.a(lib_a-freer.o)
__malloc_trim_threshold                           c:/program files (x86)/atmel/studio/7.0/toolchain/arm/arm-gnu-toolchain/bin/../lib/gcc/arm-none-eabi/4.9.3/../../../../arm-none-eabi/lib/armv7e-m\libc.a(lib_a-mallocr.o)
                                                  c:/program files (x86)/atmel/studio/7.0/toolchain/arm/arm-gnu-toolchain/bin/../lib/gcc/arm-none-eabi/4.9.3/../../../../arm-none-eabi/lib/armv7e-m\libc.a(lib_a-freer.o)
__malloc_unlock                                   c:/program files (x86)/atmel/studio/7.0/toolchain/arm/arm-gnu-toolchain/bin/../lib/gcc/arm-none-eabi/4.9.3/../../../../arm-none-eabi/lib/armv7e-m\libc.a(lib_a-mlock.o)
                                                  c:/program files (x86)/atmel/studio/7.0/toolchain/arm/arm-gnu-toolchain/bin/../lib/gcc/arm-none-eabi/4.9.3/../../../../arm-none-eabi/lib/armv7e-m\libc.a(lib_a-reallocr.o)
                                                  c:/program files (x86)/atmel/studio/7.0/toolchain/arm/arm-gnu-toolchain/bin/../lib/gcc/arm-none-eabi/4.9.3/../../../../arm-none-eabi/lib/armv7e-m\libc.a(lib_a-mallocr.o)
                                                  c:/program files (x86)/atmel/studio/7.0/toolchain/arm/arm-gnu-toolchain/bin/../lib/gcc/arm-none-eabi/4.9.3/../../../../arm-none-eabi/lib/armv7e-m\libc.a(lib_a-freer.o)
__mb_cur_max                                      c:/program files (x86)/atmel/studio/7.0/toolchain/arm/arm-gnu-toolchain/bin/../lib/gcc/arm-none-eabi/4.9.3/../../../../arm-none-eabi/lib/armv7e-m\libc.a(lib_a-locale.o)
__mlocale_changed                                 c:/program files (x86)/atmel/studio/7.0/toolchain/arm/arm-gnu-toolchain/bin/../lib/gcc/arm-none-eabi/4.9.3/../../../../arm-none-eabi/lib/armv7e-m\libc.a(lib_a-locale.o)
__nlocale_changed                                 c:/program files (x86)/atmel/studio/7.0/toolchain/arm/arm-gnu-toolchain/bin/../lib/gcc/arm-none-eabi/4.9.3/../../../../arm-none-eabi/lib/armv7e-m\libc.a(lib_a-locale.o)
__preinit_array_end                               c:/program files (x86)/atmel/studio/7.0/toolchain/arm/arm-gnu-toolchain/bin/../lib/gcc/arm-none-eabi/4.9.3/../../../../arm-none-eabi/lib/armv7e-m\libc.a(lib_a-init.o)
__preinit_array_start                             c:/program files (x86)/atmel/studio/7.0/toolchain/arm/arm-gnu-toolchain/bin/../lib/gcc/arm-none-eabi/4.9.3/../../../../arm-none-eabi/lib/armv7e-m\libc.a(lib_a-init.o)
__ram_end__                                       src/ASF/sam/utils/syscalls/gcc/syscalls.o
__register_exitproc                               c:/program files (x86)/atmel/studio/7.0/toolchain/arm/arm-gnu-toolchain/bin/../lib/gcc/arm-none-eabi/4.9.3/../../../../arm-none-eabi/lib/armv7e-m\libc.a(lib_a-__atexit.o)
                                                  c:/program files (x86)/atmel/studio/7.0/toolchain/arm/arm-gnu-toolchain/bin/../lib/gcc/arm-none-eabi/4.9.3/../../../../arm-none-eabi/lib/armv7e-m\libc.a(lib_a-atexit.o)
__register_frame_info                             c:/program files (x86)/atmel/studio/7.0/toolchain/arm/arm-gnu-toolchain/bin/../lib/gcc/arm-none-eabi/4.9.3/armv7e-m/crtbegin.o
__sclose                                          c:/program files (x86)/atmel/studio/7.0/toolchain/arm/arm-gnu-toolchain/bin/../lib/gcc/arm-none-eabi/4.9.3/../../../../arm-none-eabi/lib/armv7e-m\libc.a(lib_a-stdio.o)
                                                  c:/program files (x86)/atmel/studio/7.0/toolchain/arm/arm-gnu-toolchain/bin/../lib/gcc/arm-none-eabi/4.9.3/../../../../arm-none-eabi/lib/armv7e-m\libc.a(lib_a-findfp.o)
__seofread                                        c:/program files (x86)/atmel/studio/7.0/toolchain/arm/arm-gnu-toolchain/bin/../lib/gcc/arm-none-eabi/4.9.3/../../../../arm-none-eabi/lib/armv7e-m\libc.a(lib_a-stdio.o)
__sflush_r                                        c:/program files (x86)/atmel/studio/7.0/toolchain/arm/arm-gnu-toolchain/bin/../lib/gcc/arm-none-eabi/4.9.3/../../../../arm-none-eabi/lib/armv7e-m\libc.a(lib_a-fflush.o)
                                                  c:/program files (x86)/atmel/studio/7.0/toolchain/arm/arm-gnu-toolchain/bin/../lib/gcc/arm-none-eabi/4.9.3/../../../../arm-none-eabi/lib/armv7e-m\libc.a(lib_a-fclose.o)
__sfmoreglue                                      c:/program files (x86)/atmel/studio/7.0/toolchain/arm/arm-gnu-toolchain/bin/../lib/gcc/arm-none-eabi/4.9.3/../../../../arm-none-eabi/lib/armv7e-m\libc.a(lib_a-findfp.o)
__sfp                                             c:/program files (x86)/atmel/studio/7.0/toolchain/arm/arm-gnu-toolchain/bin/../lib/gcc/arm-none-eabi/4.9.3/../../../../arm-none-eabi/lib/armv7e-m\libc.a(lib_a-findfp.o)
__sfp_lock_acquire                                c:/program files (x86)/atmel/studio/7.0/toolchain/arm/arm-gnu-toolchain/bin/../lib/gcc/arm-none-eabi/4.9.3/../../../../arm-none-eabi/lib/armv7e-m\libc.a(lib_a-findfp.o)
                                                  c:/program files (x86)/atmel/studio/7.0/toolchain/arm/arm-gnu-toolchain/bin/../lib/gcc/arm-none-eabi/4.9.3/../../../../arm-none-eabi/lib/armv7e-m\libc.a(lib_a-fclose.o)
__sfp_lock_release                                c:/program files (x86)/atmel/studio/7.0/toolchain/arm/arm-gnu-toolchain/bin/../lib/gcc/arm-none-eabi/4.9.3/../../../../arm-none-eabi/lib/armv7e-m\libc.a(lib_a-findfp.o)
                                                  c:/program files (x86)/atmel/studio/7.0/toolchain/arm/arm-gnu-toolchain/bin/../lib/gcc/arm-none-eabi/4.9.3/../../../../arm-none-eabi/lib/armv7e-m\libc.a(lib_a-fclose.o)
__sfvwrite_r                                      c:/program files (x86)/atmel/studio/7.0/toolchain/arm/arm-gnu-toolchain/bin/../lib/gcc/arm-none-eabi/4.9.3/../../../../arm-none-eabi/lib/armv7e-m\libc.a(lib_a-fvwrite.o)
                                                  c:/program files (x86)/atmel/studio/7.0/toolchain/arm/arm-gnu-toolchain/bin/../lib/gcc/arm-none-eabi/4.9.3/../../../../arm-none-eabi/lib/armv7e-m\libc.a(lib_a-vfiprintf.o)
__sinit                                           c:/program files (x86)/atmel/studio/7.0/toolchain/arm/arm-gnu-toolchain/bin/../lib/gcc/arm-none-eabi/4.9.3/../../../../arm-none-eabi/lib/armv7e-m\libc.a(lib_a-findfp.o)
                                                  c:/program files (x86)/atmel/studio/7.0/toolchain/arm/arm-gnu-toolchain/bin/../lib/gcc/arm-none-eabi/4.9.3/../../../../arm-none-eabi/lib/armv7e-m\libc.a(lib_a-fclose.o)
                                                  c:/program files (x86)/atmel/studio/7.0/toolchain/arm/arm-gnu-toolchain/bin/../lib/gcc/arm-none-eabi/4.9.3/../../../../arm-none-eabi/lib/armv7e-m\libc.a(lib_a-wbuf.o)
                                                  c:/program files (x86)/atmel/studio/7.0/toolchain/arm/arm-gnu-toolchain/bin/../lib/gcc/arm-none-eabi/4.9.3/../../../../arm-none-eabi/lib/armv7e-m\libc.a(lib_a-fputwc.o)
                                                  c:/program files (x86)/atmel/studio/7.0/toolchain/arm/arm-gnu-toolchain/bin/../lib/gcc/arm-none-eabi/4.9.3/../../../../arm-none-eabi/lib/armv7e-m\libc.a(lib_a-fflush.o)
                                                  c:/program files (x86)/atmel/studio/7.0/toolchain/arm/arm-gnu-toolchain/bin/../lib/gcc/arm-none-eabi/4.9.3/../../../../arm-none-eabi/lib/armv7e-m\libc.a(lib_a-wsetup.o)
                                                  c:/program files (x86)/atmel/studio/7.0/toolchain/arm/arm-gnu-toolchain/bin/../lib/gcc/arm-none-eabi/4.9.3/../../../../arm-none-eabi/lib/armv7e-m\libc.a(lib_a-vfiprintf.o)
__sinit_lock_acquire                              c:/program files (x86)/atmel/studio/7.0/toolchain/arm/arm-gnu-toolchain/bin/../lib/gcc/arm-none-eabi/4.9.3/../../../../arm-none-eabi/lib/armv7e-m\libc.a(lib_a-findfp.o)
__sinit_lock_release                              c:/program files (x86)/atmel/studio/7.0/toolchain/arm/arm-gnu-toolchain/bin/../lib/gcc/arm-none-eabi/4.9.3/../../../../arm-none-eabi/lib/armv7e-m\libc.a(lib_a-findfp.o)
__smakebuf_r                                      c:/program files (x86)/atmel/studio/7.0/toolchain/arm/arm-gnu-toolchain/bin/../lib/gcc/arm-none-eabi/4.9.3/../../../../arm-none-eabi/lib/armv7e-m\libc.a(lib_a-makebuf.o)
                                                  c:/program files (x86)/atmel/studio/7.0/toolchain/arm/arm-gnu-toolchain/bin/../lib/gcc/arm-none-eabi/4.9.3/../../../../arm-none-eabi/lib/armv7e-m\libc.a(lib_a-wsetup.o)
__sprint_r                                        c:/program files (x86)/atmel/studio/7.0/toolchain/arm/arm-gnu-toolchain/bin/../lib/gcc/arm-none-eabi/4.9.3/../../../../arm-none-eabi/lib/armv7e-m\libc.a(lib_a-vfiprintf.o)
__sread                                           c:/program files (x86)/atmel/studio/7.0/toolchain/arm/arm-gnu-toolchain/bin/../lib/gcc/arm-none-eabi/4.9.3/../../../../arm-none-eabi/lib/armv7e-m\libc.a(lib_a-stdio.o)
                                                  c:/program files (x86)/atmel/studio/7.0/toolchain/arm/arm-gnu-toolchain/bin/../lib/gcc/arm-none-eabi/4.9.3/../../../../arm-none-eabi/lib/armv7e-m\libc.a(lib_a-findfp.o)
__sseek                                           c:/program files (x86)/atmel/studio/7.0/toolchain/arm/arm-gnu-toolchain/bin/../lib/gcc/arm-none-eabi/4.9.3/../../../../arm-none-eabi/lib/armv7e-m\libc.a(lib_a-stdio.o)
                                                  c:/program files (x86)/atmel/studio/7.0/toolchain/arm/arm-gnu-toolchain/bin/../lib/gcc/arm-none-eabi/4.9.3/../../../../arm-none-eabi/lib/armv7e-m\libc.a(lib_a-makebuf.o)
                                                  c:/program files (x86)/atmel/studio/7.0/toolchain/arm/arm-gnu-toolchain/bin/../lib/gcc/arm-none-eabi/4.9.3/../../../../arm-none-eabi/lib/armv7e-m\libc.a(lib_a-findfp.o)
__stack                                           c:/program files (x86)/atmel/studio/7.0/toolchain/arm/arm-gnu-toolchain/bin/../lib/gcc/arm-none-eabi/4.9.3/../../../../arm-none-eabi/lib/armv7e-m/crt0.o
__swbuf                                           c:/program files (x86)/atmel/studio/7.0/toolchain/arm/arm-gnu-toolchain/bin/../lib/gcc/arm-none-eabi/4.9.3/../../../../arm-none-eabi/lib/armv7e-m\libc.a(lib_a-wbuf.o)
__swbuf_r                                         c:/program files (x86)/atmel/studio/7.0/toolchain/arm/arm-gnu-toolchain/bin/../lib/gcc/arm-none-eabi/4.9.3/../../../../arm-none-eabi/lib/armv7e-m\libc.a(lib_a-wbuf.o)
                                                  c:/program files (x86)/atmel/studio/7.0/toolchain/arm/arm-gnu-toolchain/bin/../lib/gcc/arm-none-eabi/4.9.3/../../../../arm-none-eabi/lib/armv7e-m\libc.a(lib_a-fputwc.o)
__swrite                                          c:/program files (x86)/atmel/studio/7.0/toolchain/arm/arm-gnu-toolchain/bin/../lib/gcc/arm-none-eabi/4.9.3/../../../../arm-none-eabi/lib/armv7e-m\libc.a(lib_a-stdio.o)
                                                  c:/program files (x86)/atmel/studio/7.0/toolchain/arm/arm-gnu-toolchain/bin/../lib/gcc/arm-none-eabi/4.9.3/../../../../arm-none-eabi/lib/armv7e-m\libc.a(lib_a-findfp.o)
__swsetup_r                                       c:/program files (x86)/atmel/studio/7.0/toolchain/arm/arm-gnu-toolchain/bin/../lib/gcc/arm-none-eabi/4.9.3/../../../../arm-none-eabi/lib/armv7e-m\libc.a(lib_a-wsetup.o)
                                                  c:/program files (x86)/atmel/studio/7.0/toolchain/arm/arm-gnu-toolchain/bin/../lib/gcc/arm-none-eabi/4.9.3/../../../../arm-none-eabi/lib/armv7e-m\libc.a(lib_a-wbuf.o)
                                                  c:/program files (x86)/atmel/studio/7.0/toolchain/arm/arm-gnu-toolchain/bin/../lib/gcc/arm-none-eabi/4.9.3/../../../../arm-none-eabi/lib/armv7e-m\libc.a(lib_a-fvwrite.o)
                                                  c:/program files (x86)/atmel/studio/7.0/toolchain/arm/arm-gnu-toolchain/bin/../lib/gcc/arm-none-eabi/4.9.3/../../../../arm-none-eabi/lib/armv7e-m\libc.a(lib_a-vfiprintf.o)
__udivdi3                                         c:/program files (x86)/atmel/studio/7.0/toolchain/arm/arm-gnu-toolchain/bin/../lib/gcc/arm-none-eabi/4.9.3/armv7e-m\libgcc.a(_udivdi3.o)
                                                  c:/program files (x86)/atmel/studio/7.0/toolchain/arm/arm-gnu-toolchain/bin/../lib/gcc/arm-none-eabi/4.9.3/armv7e-m\libgcc.a(bpabi.o)
__wctomb                                          c:/program files (x86)/atmel/studio/7.0/toolchain/arm/arm-gnu-toolchain/bin/../lib/gcc/arm-none-eabi/4.9.3/../../../../arm-none-eabi/lib/armv7e-m\libc.a(lib_a-wctomb_r.o)
                                                  c:/program files (x86)/atmel/studio/7.0/toolchain/arm/arm-gnu-toolchain/bin/../lib/gcc/arm-none-eabi/4.9.3/../../../../arm-none-eabi/lib/armv7e-m\libc.a(lib_a-wcrtomb.o)
_cleanup                                          c:/program files (x86)/atmel/studio/7.0/toolchain/arm/arm-gnu-toolchain/bin/../lib/gcc/arm-none-eabi/4.9.3/../../../../arm-none-eabi/lib/armv7e-m\libc.a(lib_a-findfp.o)
_cleanup_r                                        c:/program files (x86)/atmel/studio/7.0/toolchain/arm/arm-gnu-toolchain/bin/../lib/gcc/arm-none-eabi/4.9.3/../../../../arm-none-eabi/lib/armv7e-m\libc.a(lib_a-findfp.o)
                                                  c:/program files (x86)/atmel/studio/7.0/toolchain/arm/arm-gnu-toolchain/bin/../lib/gcc/arm-none-eabi/4.9.3/../../../../arm-none-eabi/lib/armv7e-m\libc.a(lib_a-makebuf.o)
_close                                            src/ASF/sam/utils/syscalls/gcc/syscalls.o
                                                  c:/program files (x86)/atmel/studio/7.0/toolchain/arm/arm-gnu-toolchain/bin/../lib/gcc/arm-none-eabi/4.9.3/../../../../arm-none-eabi/lib/armv7e-m\libc.a(lib_a-closer.o)
_close_r                                          c:/program files (x86)/atmel/studio/7.0/toolchain/arm/arm-gnu-toolchain/bin/../lib/gcc/arm-none-eabi/4.9.3/../../../../arm-none-eabi/lib/armv7e-m\libc.a(lib_a-closer.o)
                                                  c:/program files (x86)/atmel/studio/7.0/toolchain/arm/arm-gnu-toolchain/bin/../lib/gcc/arm-none-eabi/4.9.3/../../../../arm-none-eabi/lib/armv7e-m\libc.a(lib_a-stdio.o)
_end                                              src/ASF/sam/utils/syscalls/gcc/syscalls.o
_erelocate                                        src/ASF/sam/utils/cmsis/sam4s/source/templates/gcc/startup_sam4s.o
_estack                                           src/ASF/sam/utils/cmsis/sam4s/source/templates/gcc/startup_sam4s.o
_etext                                            src/ASF/sam/utils/cmsis/sam4s/source/templates/gcc/startup_sam4s.o
_exit                                             src/ASF/sam/utils/syscalls/gcc/syscalls.o
                                                  c:/program files (x86)/atmel/studio/7.0/toolchain/arm/arm-gnu-toolchain/bin/../lib/gcc/arm-none-eabi/4.9.3/../../../../arm-none-eabi/lib/armv7e-m\libc.a(lib_a-exit.o)
_ezero                                            src/ASF/sam/utils/cmsis/sam4s/source/templates/gcc/startup_sam4s.o
_fclose_r                                         c:/program files (x86)/atmel/studio/7.0/toolchain/arm/arm-gnu-toolchain/bin/../lib/gcc/arm-none-eabi/4.9.3/../../../../arm-none-eabi/lib/armv7e-m\libc.a(lib_a-fclose.o)
                                                  c:/program files (x86)/atmel/studio/7.0/toolchain/arm/arm-gnu-toolchain/bin/../lib/gcc/arm-none-eabi/4.9.3/../../../../arm-none-eabi/lib/armv7e-m\libc.a(lib_a-findfp.o)
_fflush_r                                         c:/program files (x86)/atmel/studio/7.0/toolchain/arm/arm-gnu-toolchain/bin/../lib/gcc/arm-none-eabi/4.9.3/../../../../arm-none-eabi/lib/armv7e-m\libc.a(lib_a-fflush.o)
                                                  c:/program files (x86)/atmel/studio/7.0/toolchain/arm/arm-gnu-toolchain/bin/../lib/gcc/arm-none-eabi/4.9.3/../../../../arm-none-eabi/lib/armv7e-m\libc.a(lib_a-wbuf.o)
                                                  c:/program files (x86)/atmel/studio/7.0/toolchain/arm/arm-gnu-toolchain/bin/../lib/gcc/arm-none-eabi/4.9.3/../../../../arm-none-eabi/lib/armv7e-m\libc.a(lib_a-fvwrite.o)
                                                  c:/program files (x86)/atmel/studio/7.0/toolchain/arm/arm-gnu-toolchain/bin/../lib/gcc/arm-none-eabi/4.9.3/../../../../arm-none-eabi/lib/armv7e-m\libc.a(lib_a-vfiprintf.o)
_fini                                             c:/program files (x86)/atmel/studio/7.0/toolchain/arm/arm-gnu-toolchain/bin/../lib/gcc/arm-none-eabi/4.9.3/armv7e-m/crti.o
                                                  c:/program files (x86)/atmel/studio/7.0/toolchain/arm/arm-gnu-toolchain/bin/../lib/gcc/arm-none-eabi/4.9.3/../../../../arm-none-eabi/lib/armv7e-m\libc.a(lib_a-fini.o)
_fputwc_r                                         c:/program files (x86)/atmel/studio/7.0/toolchain/arm/arm-gnu-toolchain/bin/../lib/gcc/arm-none-eabi/4.9.3/../../../../arm-none-eabi/lib/armv7e-m\libc.a(lib_a-fputwc.o)
                                                  c:/program files (x86)/atmel/studio/7.0/toolchain/arm/arm-gnu-toolchain/bin/../lib/gcc/arm-none-eabi/4.9.3/../../../../arm-none-eabi/lib/armv7e-m\libc.a(lib_a-vfiprintf.o)
_free_r                                           c:/program files (x86)/atmel/studio/7.0/toolchain/arm/arm-gnu-toolchain/bin/../lib/gcc/arm-none-eabi/4.9.3/../../../../arm-none-eabi/lib/armv7e-m\libc.a(lib_a-freer.o)
                                                  c:/program files (x86)/atmel/studio/7.0/toolchain/arm/arm-gnu-toolchain/bin/../lib/gcc/arm-none-eabi/4.9.3/../../../../arm-none-eabi/lib/armv7e-m\libc.a(lib_a-reent.o)
                                                  c:/program files (x86)/atmel/studio/7.0/toolchain/arm/arm-gnu-toolchain/bin/../lib/gcc/arm-none-eabi/4.9.3/../../../../arm-none-eabi/lib/armv7e-m\libc.a(lib_a-fclose.o)
                                                  c:/program files (x86)/atmel/studio/7.0/toolchain/arm/arm-gnu-toolchain/bin/../lib/gcc/arm-none-eabi/4.9.3/../../../../arm-none-eabi/lib/armv7e-m\libc.a(lib_a-reallocr.o)
                                                  c:/program files (x86)/atmel/studio/7.0/toolchain/arm/arm-gnu-toolchain/bin/../lib/gcc/arm-none-eabi/4.9.3/../../../../arm-none-eabi/lib/armv7e-m\libc.a(lib_a-mallocr.o)
                                                  c:/program files (x86)/atmel/studio/7.0/toolchain/arm/arm-gnu-toolchain/bin/../lib/gcc/arm-none-eabi/4.9.3/../../../../arm-none-eabi/lib/armv7e-m\libc.a(lib_a-fvwrite.o)
                                                  c:/program files (x86)/atmel/studio/7.0/toolchain/arm/arm-gnu-toolchain/bin/../lib/gcc/arm-none-eabi/4.9.3/../../../../arm-none-eabi/lib/armv7e-m\libc.a(lib_a-fflush.o)
                                                  c:/program files (x86)/atmel/studio/7.0/toolchain/arm/arm-gnu-toolchain/bin/../lib/gcc/arm-none-eabi/4.9.3/../../../../arm-none-eabi/lib/armv7e-m\libc.a(lib_a-wsetup.o)
_fstat                                            src/ASF/sam/utils/syscalls/gcc/syscalls.o
                                                  c:/program files (x86)/atmel/studio/7.0/toolchain/arm/arm-gnu-toolchain/bin/../lib/gcc/arm-none-eabi/4.9.3/../../../../arm-none-eabi/lib/armv7e-m\libc.a(lib_a-fstatr.o)
_fstat_r                                          c:/program files (x86)/atmel/studio/7.0/toolchain/arm/arm-gnu-toolchain/bin/../lib/gcc/arm-none-eabi/4.9.3/../../../../arm-none-eabi/lib/armv7e-m\libc.a(lib_a-fstatr.o)
                                                  c:/program files (x86)/atmel/studio/7.0/toolchain/arm/arm-gnu-toolchain/bin/../lib/gcc/arm-none-eabi/4.9.3/../../../../arm-none-eabi/lib/armv7e-m\libc.a(lib_a-makebuf.o)
_fwalk                                            c:/program files (x86)/atmel/studio/7.0/toolchain/arm/arm-gnu-toolchain/bin/../lib/gcc/arm-none-eabi/4.9.3/../../../../arm-none-eabi/lib/armv7e-m\libc.a(lib_a-fwalk.o)
                                                  c:/program files (x86)/atmel/studio/7.0/toolchain/arm/arm-gnu-toolchain/bin/../lib/gcc/arm-none-eabi/4.9.3/../../../../arm-none-eabi/lib/armv7e-m\libc.a(lib_a-findfp.o)
_fwalk_reent                                      c:/program files (x86)/atmel/studio/7.0/toolchain/arm/arm-gnu-toolchain/bin/../lib/gcc/arm-none-eabi/4.9.3/../../../../arm-none-eabi/lib/armv7e-m\libc.a(lib_a-fwalk.o)
                                                  c:/program files (x86)/atmel/studio/7.0/toolchain/arm/arm-gnu-toolchain/bin/../lib/gcc/arm-none-eabi/4.9.3/../../../../arm-none-eabi/lib/armv7e-m\libc.a(lib_a-findfp.o)
                                                  c:/program files (x86)/atmel/studio/7.0/toolchain/arm/arm-gnu-toolchain/bin/../lib/gcc/arm-none-eabi/4.9.3/../../../../arm-none-eabi/lib/armv7e-m\libc.a(lib_a-fflush.o)
_getpid                                           src/ASF/sam/utils/syscalls/gcc/syscalls.o
_global_impure_ptr                                c:/program files (x86)/atmel/studio/7.0/toolchain/arm/arm-gnu-toolchain/bin/../lib/gcc/arm-none-eabi/4.9.3/../../../../arm-none-eabi/lib/armv7e-m\libc.a(lib_a-impure.o)
                                                  c:/program files (x86)/atmel/studio/7.0/toolchain/arm/arm-gnu-toolchain/bin/../lib/gcc/arm-none-eabi/4.9.3/../../../../arm-none-eabi/lib/armv7e-m\libc.a(lib_a-__atexit.o)
                                                  c:/program files (x86)/atmel/studio/7.0/toolchain/arm/arm-gnu-toolchain/bin/../lib/gcc/arm-none-eabi/4.9.3/../../../../arm-none-eabi/lib/armv7e-m\libc.a(lib_a-findfp.o)
                                                  c:/program files (x86)/atmel/studio/7.0/toolchain/arm/arm-gnu-toolchain/bin/../lib/gcc/arm-none-eabi/4.9.3/../../../../arm-none-eabi/lib/armv7e-m\libc.a(lib_a-fflush.o)
                                                  c:/program files (x86)/atmel/studio/7.0/toolchain/arm/arm-gnu-toolchain/bin/../lib/gcc/arm-none-eabi/4.9.3/../../../../arm-none-eabi/lib/armv7e-m\libc.a(lib_a-__call_atexit.o)
                                                  c:/program files (x86)/atmel/studio/7.0/toolchain/arm/arm-gnu-toolchain/bin/../lib/gcc/arm-none-eabi/4.9.3/../../../../arm-none-eabi/lib/armv7e-m\libc.a(lib_a-exit.o)
_impure_ptr                                       c:/program files (x86)/atmel/studio/7.0/toolchain/arm/arm-gnu-toolchain/bin/../lib/gcc/arm-none-eabi/4.9.3/../../../../arm-none-eabi/lib/armv7e-m\libc.a(lib_a-impure.o)
                                                  c:/program files (x86)/atmel/studio/7.0/toolchain/arm/arm-gnu-toolchain/bin/../lib/gcc/arm-none-eabi/4.9.3/../../../../arm-none-eabi/lib/armv7e-m\libc.a(lib_a-reent.o)
                                                  c:/program files (x86)/atmel/studio/7.0/toolchain/arm/arm-gnu-toolchain/bin/../lib/gcc/arm-none-eabi/4.9.3/../../../../arm-none-eabi/lib/armv7e-m\libc.a(lib_a-fclose.o)
                                                  c:/program files (x86)/atmel/studio/7.0/toolchain/arm/arm-gnu-toolchain/bin/../lib/gcc/arm-none-eabi/4.9.3/../../../../arm-none-eabi/lib/armv7e-m\libc.a(lib_a-wcrtomb.o)
                                                  c:/program files (x86)/atmel/studio/7.0/toolchain/arm/arm-gnu-toolchain/bin/../lib/gcc/arm-none-eabi/4.9.3/../../../../arm-none-eabi/lib/armv7e-m\libc.a(lib_a-wbuf.o)
                                                  c:/program files (x86)/atmel/studio/7.0/toolchain/arm/arm-gnu-toolchain/bin/../lib/gcc/arm-none-eabi/4.9.3/../../../../arm-none-eabi/lib/armv7e-m\libc.a(lib_a-locale.o)
                                                  c:/program files (x86)/atmel/studio/7.0/toolchain/arm/arm-gnu-toolchain/bin/../lib/gcc/arm-none-eabi/4.9.3/../../../../arm-none-eabi/lib/armv7e-m\libc.a(lib_a-fputwc.o)
                                                  c:/program files (x86)/atmel/studio/7.0/toolchain/arm/arm-gnu-toolchain/bin/../lib/gcc/arm-none-eabi/4.9.3/../../../../arm-none-eabi/lib/armv7e-m\libc.a(lib_a-findfp.o)
                                                  c:/program files (x86)/atmel/studio/7.0/toolchain/arm/arm-gnu-toolchain/bin/../lib/gcc/arm-none-eabi/4.9.3/../../../../arm-none-eabi/lib/armv7e-m\libc.a(lib_a-fflush.o)
                                                  c:/program files (x86)/atmel/studio/7.0/toolchain/arm/arm-gnu-toolchain/bin/../lib/gcc/arm-none-eabi/4.9.3/../../../../arm-none-eabi/lib/armv7e-m\libc.a(lib_a-wsetup.o)
                                                  c:/program files (x86)/atmel/studio/7.0/toolchain/arm/arm-gnu-toolchain/bin/../lib/gcc/arm-none-eabi/4.9.3/../../../../arm-none-eabi/lib/armv7e-m\libc.a(lib_a-vfiprintf.o)
                                                  c:/program files (x86)/atmel/studio/7.0/toolchain/arm/arm-gnu-toolchain/bin/../lib/gcc/arm-none-eabi/4.9.3/../../../../arm-none-eabi/lib/armv7e-m\libc.a(lib_a-iprintf.o)
_init                                             c:/program files (x86)/atmel/studio/7.0/toolchain/arm/arm-gnu-toolchain/bin/../lib/gcc/arm-none-eabi/4.9.3/armv7e-m/crti.o
                                                  c:/program files (x86)/atmel/studio/7.0/toolchain/arm/arm-gnu-toolchain/bin/../lib/gcc/arm-none-eabi/4.9.3/../../../../arm-none-eabi/lib/armv7e-m\libc.a(lib_a-init.o)
_iprintf_r                                        c:/program files (x86)/atmel/studio/7.0/toolchain/arm/arm-gnu-toolchain/bin/../lib/gcc/arm-none-eabi/4.9.3/../../../../arm-none-eabi/lib/armv7e-m\libc.a(lib_a-iprintf.o)
_isatty                                           src/ASF/sam/utils/syscalls/gcc/syscalls.o
                                                  c:/program files (x86)/atmel/studio/7.0/toolchain/arm/arm-gnu-toolchain/bin/../lib/gcc/arm-none-eabi/4.9.3/../../../../arm-none-eabi/lib/armv7e-m\libc.a(lib_a-isattyr.o)
_isatty_r                                         c:/program files (x86)/atmel/studio/7.0/toolchain/arm/arm-gnu-toolchain/bin/../lib/gcc/arm-none-eabi/4.9.3/../../../../arm-none-eabi/lib/armv7e-m\libc.a(lib_a-isattyr.o)
                                                  c:/program files (x86)/atmel/studio/7.0/toolchain/arm/arm-gnu-toolchain/bin/../lib/gcc/arm-none-eabi/4.9.3/../../../../arm-none-eabi/lib/armv7e-m\libc.a(lib_a-makebuf.o)
_kill                                             src/ASF/sam/utils/syscalls/gcc/syscalls.o
_localeconv_r                                     c:/program files (x86)/atmel/studio/7.0/toolchain/arm/arm-gnu-toolchain/bin/../lib/gcc/arm-none-eabi/4.9.3/../../../../arm-none-eabi/lib/armv7e-m\libc.a(lib_a-locale.o)
_lseek                                            src/ASF/sam/utils/syscalls/gcc/syscalls.o
                                                  c:/program files (x86)/atmel/studio/7.0/toolchain/arm/arm-gnu-toolchain/bin/../lib/gcc/arm-none-eabi/4.9.3/../../../../arm-none-eabi/lib/armv7e-m\libc.a(lib_a-lseekr.o)
_lseek_r                                          c:/program files (x86)/atmel/studio/7.0/toolchain/arm/arm-gnu-toolchain/bin/../lib/gcc/arm-none-eabi/4.9.3/../../../../arm-none-eabi/lib/armv7e-m\libc.a(lib_a-lseekr.o)
                                                  c:/program files (x86)/atmel/studio/7.0/toolchain/arm/arm-gnu-toolchain/bin/../lib/gcc/arm-none-eabi/4.9.3/../../../../arm-none-eabi/lib/armv7e-m\libc.a(lib_a-stdio.o)
_mainCRTStartup                                   c:/program files (x86)/atmel/studio/7.0/toolchain/arm/arm-gnu-toolchain/bin/../lib/gcc/arm-none-eabi/4.9.3/../../../../arm-none-eabi/lib/armv7e-m/crt0.o
_malloc_r                                         c:/program files (x86)/atmel/studio/7.0/toolchain/arm/arm-gnu-toolchain/bin/../lib/gcc/arm-none-eabi/4.9.3/../../../../arm-none-eabi/lib/armv7e-m\libc.a(lib_a-mallocr.o)
                                                  c:/program files (x86)/atmel/studio/7.0/toolchain/arm/arm-gnu-toolchain/bin/../lib/gcc/arm-none-eabi/4.9.3/../../../../arm-none-eabi/lib/armv7e-m\libc.a(lib_a-reallocr.o)
                                                  c:/program files (x86)/atmel/studio/7.0/toolchain/arm/arm-gnu-toolchain/bin/../lib/gcc/arm-none-eabi/4.9.3/../../../../arm-none-eabi/lib/armv7e-m\libc.a(lib_a-makebuf.o)
                                                  c:/program files (x86)/atmel/studio/7.0/toolchain/arm/arm-gnu-toolchain/bin/../lib/gcc/arm-none-eabi/4.9.3/../../../../arm-none-eabi/lib/armv7e-m\libc.a(lib_a-fvwrite.o)
                                                  c:/program files (x86)/atmel/studio/7.0/toolchain/arm/arm-gnu-toolchain/bin/../lib/gcc/arm-none-eabi/4.9.3/../../../../arm-none-eabi/lib/armv7e-m\libc.a(lib_a-findfp.o)
_malloc_trim_r                                    c:/program files (x86)/atmel/studio/7.0/toolchain/arm/arm-gnu-toolchain/bin/../lib/gcc/arm-none-eabi/4.9.3/../../../../arm-none-eabi/lib/armv7e-m\libc.a(lib_a-freer.o)
_read                                             c:/program files (x86)/atmel/studio/7.0/toolchain/arm/arm-gnu-toolchain/bin/../lib/gcc/arm-none-eabi/4.9.3/../../../../arm-none-eabi/lib/armv7e-m\libc.a(lib_a-readr.o)
_read_r                                           c:/program files (x86)/atmel/studio/7.0/toolchain/arm/arm-gnu-toolchain/bin/../lib/gcc/arm-none-eabi/4.9.3/../../../../arm-none-eabi/lib/armv7e-m\libc.a(lib_a-readr.o)
                                                  c:/program files (x86)/atmel/studio/7.0/toolchain/arm/arm-gnu-toolchain/bin/../lib/gcc/arm-none-eabi/4.9.3/../../../../arm-none-eabi/lib/armv7e-m\libc.a(lib_a-stdio.o)
_realloc_r                                        c:/program files (x86)/atmel/studio/7.0/toolchain/arm/arm-gnu-toolchain/bin/../lib/gcc/arm-none-eabi/4.9.3/../../../../arm-none-eabi/lib/armv7e-m\libc.a(lib_a-reallocr.o)
                                                  c:/program files (x86)/atmel/studio/7.0/toolchain/arm/arm-gnu-toolchain/bin/../lib/gcc/arm-none-eabi/4.9.3/../../../../arm-none-eabi/lib/armv7e-m\libc.a(lib_a-fvwrite.o)
_reclaim_reent                                    c:/program files (x86)/atmel/studio/7.0/toolchain/arm/arm-gnu-toolchain/bin/../lib/gcc/arm-none-eabi/4.9.3/../../../../arm-none-eabi/lib/armv7e-m\libc.a(lib_a-reent.o)
_sbrk                                             src/ASF/sam/utils/syscalls/gcc/syscalls.o
                                                  c:/program files (x86)/atmel/studio/7.0/toolchain/arm/arm-gnu-toolchain/bin/../lib/gcc/arm-none-eabi/4.9.3/../../../../arm-none-eabi/lib/armv7e-m\libc.a(lib_a-sbrkr.o)
_sbrk_r                                           c:/program files (x86)/atmel/studio/7.0/toolchain/arm/arm-gnu-toolchain/bin/../lib/gcc/arm-none-eabi/4.9.3/../../../../arm-none-eabi/lib/armv7e-m\libc.a(lib_a-sbrkr.o)
                                                  c:/program files (x86)/atmel/studio/7.0/toolchain/arm/arm-gnu-toolchain/bin/../lib/gcc/arm-none-eabi/4.9.3/../../../../arm-none-eabi/lib/armv7e-m\libc.a(lib_a-mallocr.o)
                                                  c:/program files (x86)/atmel/studio/7.0/toolchain/arm/arm-gnu-toolchain/bin/../lib/gcc/arm-none-eabi/4.9.3/../../../../arm-none-eabi/lib/armv7e-m\libc.a(lib_a-freer.o)
_setlocale_r                                      c:/program files (x86)/atmel/studio/7.0/toolchain/arm/arm-gnu-toolchain/bin/../lib/gcc/arm-none-eabi/4.9.3/../../../../arm-none-eabi/lib/armv7e-m\libc.a(lib_a-locale.o)
_sfixed                                           src/ASF/sam/utils/cmsis/sam4s/source/templates/gcc/startup_sam4s.o
_srelocate                                        src/ASF/sam/utils/cmsis/sam4s/source/templates/gcc/startup_sam4s.o
_start                                            c:/program files (x86)/atmel/studio/7.0/toolchain/arm/arm-gnu-toolchain/bin/../lib/gcc/arm-none-eabi/4.9.3/../../../../arm-none-eabi/lib/armv7e-m/crt0.o
_szero                                            src/ASF/sam/utils/cmsis/sam4s/source/templates/gcc/startup_sam4s.o
_vfiprintf_r                                      c:/program files (x86)/atmel/studio/7.0/toolchain/arm/arm-gnu-toolchain/bin/../lib/gcc/arm-none-eabi/4.9.3/../../../../arm-none-eabi/lib/armv7e-m\libc.a(lib_a-vfiprintf.o)
                                                  c:/program files (x86)/atmel/studio/7.0/toolchain/arm/arm-gnu-toolchain/bin/../lib/gcc/arm-none-eabi/4.9.3/../../../../arm-none-eabi/lib/armv7e-m\libc.a(lib_a-iprintf.o)
_wcrtomb_r                                        c:/program files (x86)/atmel/studio/7.0/toolchain/arm/arm-gnu-toolchain/bin/../lib/gcc/arm-none-eabi/4.9.3/../../../../arm-none-eabi/lib/armv7e-m\libc.a(lib_a-wcrtomb.o)
                                                  c:/program files (x86)/atmel/studio/7.0/toolchain/arm/arm-gnu-toolchain/bin/../lib/gcc/arm-none-eabi/4.9.3/../../../../arm-none-eabi/lib/armv7e-m\libc.a(lib_a-fputwc.o)
_wctomb_r                                         c:/program files (x86)/atmel/studio/7.0/toolchain/arm/arm-gnu-toolchain/bin/../lib/gcc/arm-none-eabi/4.9.3/../../../../arm-none-eabi/lib/armv7e-m\libc.a(lib_a-wctomb_r.o)
_write                                            c:/program files (x86)/atmel/studio/7.0/toolchain/arm/arm-gnu-toolchain/bin/../lib/gcc/arm-none-eabi/4.9.3/../../../../arm-none-eabi/lib/armv7e-m\libc.a(lib_a-writer.o)
_write_r                                          c:/program files (x86)/atmel/studio/7.0/toolchain/arm/arm-gnu-toolchain/bin/../lib/gcc/arm-none-eabi/4.9.3/../../../../arm-none-eabi/lib/armv7e-m\libc.a(lib_a-writer.o)
                                                  c:/program files (x86)/atmel/studio/7.0/toolchain/arm/arm-gnu-toolchain/bin/../lib/gcc/arm-none-eabi/4.9.3/../../../../arm-none-eabi/lib/armv7e-m\libc.a(lib_a-stdio.o)
atexit                                            c:/program files (x86)/atmel/studio/7.0/toolchain/arm/arm-gnu-toolchain/bin/../lib/gcc/arm-none-eabi/4.9.3/../../../../arm-none-eabi/lib/armv7e-m\libc.a(lib_a-atexit.o)
                                                  c:/program files (x86)/atmel/studio/7.0/toolchain/arm/arm-gnu-toolchain/bin/../lib/gcc/arm-none-eabi/4.9.3/../../../../arm-none-eabi/lib/armv7e-m\libc.a(lib_a-__call_atexit.o)
                                                  c:/program files (x86)/atmel/studio/7.0/toolchain/arm/arm-gnu-toolchain/bin/../lib/gcc/arm-none-eabi/4.9.3/../../../../arm-none-eabi/lib/armv7e-m/crt0.o
board_init                                        src/ASF/sam/boards/sam4s_xplained_pro/init.o
                                                  src/main.o
cleanup_glue                                      c:/program files (x86)/atmel/studio/7.0/toolchain/arm/arm-gnu-toolchain/bin/../lib/gcc/arm-none-eabi/4.9.3/../../../../arm-none-eabi/lib/armv7e-m\libc.a(lib_a-reent.o)
cpu_irq_enter_critical                            src/ASF/common/utils/interrupt/interrupt_sam_nvic.o
cpu_irq_leave_critical                            src/ASF/common/utils/interrupt/interrupt_sam_nvic.o
errno                                             c:/program files (x86)/atmel/studio/7.0/toolchain/arm/arm-gnu-toolchain/bin/../lib/gcc/arm-none-eabi/4.9.3/../../../../arm-none-eabi/lib/armv7e-m\libc.a(lib_a-reent.o)
                                                  c:/program files (x86)/atmel/studio/7.0/toolchain/arm/arm-gnu-toolchain/bin/../lib/gcc/arm-none-eabi/4.9.3/../../../../arm-none-eabi/lib/armv7e-m\libc.a(lib_a-readr.o)
                                                  c:/program files (x86)/atmel/studio/7.0/toolchain/arm/arm-gnu-toolchain/bin/../lib/gcc/arm-none-eabi/4.9.3/../../../../arm-none-eabi/lib/armv7e-m\libc.a(lib_a-lseekr.o)
                                                  c:/program files (x86)/atmel/studio/7.0/toolchain/arm/arm-gnu-toolchain/bin/../lib/gcc/arm-none-eabi/4.9.3/../../../../arm-none-eabi/lib/armv7e-m\libc.a(lib_a-isattyr.o)
                                                  c:/program files (x86)/atmel/studio/7.0/toolchain/arm/arm-gnu-toolchain/bin/../lib/gcc/arm-none-eabi/4.9.3/../../../../arm-none-eabi/lib/armv7e-m\libc.a(lib_a-fstatr.o)
                                                  c:/program files (x86)/atmel/studio/7.0/toolchain/arm/arm-gnu-toolchain/bin/../lib/gcc/arm-none-eabi/4.9.3/../../../../arm-none-eabi/lib/armv7e-m\libc.a(lib_a-closer.o)
                                                  c:/program files (x86)/atmel/studio/7.0/toolchain/arm/arm-gnu-toolchain/bin/../lib/gcc/arm-none-eabi/4.9.3/../../../../arm-none-eabi/lib/armv7e-m\libc.a(lib_a-writer.o)
                                                  c:/program files (x86)/atmel/studio/7.0/toolchain/arm/arm-gnu-toolchain/bin/../lib/gcc/arm-none-eabi/4.9.3/../../../../arm-none-eabi/lib/armv7e-m\libc.a(lib_a-sbrkr.o)
exception_table                                   src/ASF/sam/utils/cmsis/sam4s/source/templates/gcc/startup_sam4s.o
exit                                              c:/program files (x86)/atmel/studio/7.0/toolchain/arm/arm-gnu-toolchain/bin/../lib/gcc/arm-none-eabi/4.9.3/../../../../arm-none-eabi/lib/armv7e-m\libc.a(lib_a-exit.o)
                                                  c:/program files (x86)/atmel/studio/7.0/toolchain/arm/arm-gnu-toolchain/bin/../lib/gcc/arm-none-eabi/4.9.3/../../../../arm-none-eabi/lib/armv7e-m/crt0.o
fclose                                            c:/program files (x86)/atmel/studio/7.0/toolchain/arm/arm-gnu-toolchain/bin/../lib/gcc/arm-none-eabi/4.9.3/../../../../arm-none-eabi/lib/armv7e-m\libc.a(lib_a-fclose.o)
fflush                                            c:/program files (x86)/atmel/studio/7.0/toolchain/arm/arm-gnu-toolchain/bin/../lib/gcc/arm-none-eabi/4.9.3/../../../../arm-none-eabi/lib/armv7e-m\libc.a(lib_a-fflush.o)
fputwc                                            c:/program files (x86)/atmel/studio/7.0/toolchain/arm/arm-gnu-toolchain/bin/../lib/gcc/arm-none-eabi/4.9.3/../../../../arm-none-eabi/lib/armv7e-m\libc.a(lib_a-fputwc.o)
free                                              c:/program files (x86)/atmel/studio/7.0/toolchain/arm/arm-gnu-toolchain/bin/../lib/gcc/arm-none-eabi/4.9.3/../../../../arm-none-eabi/lib/armv7e-m\libc.a(lib_a-__call_atexit.o)
g_interrupt_enabled                               src/ASF/common/utils/interrupt/interrupt_sam_nvic.o
                                                  src/ASF/sam/drivers/pmc/sleep.o
hardware_init_hook                                c:/program files (x86)/atmel/studio/7.0/toolchain/arm/arm-gnu-toolchain/bin/../lib/gcc/arm-none-eabi/4.9.3/../../../../arm-none-eabi/lib/armv7e-m/crt0.o
iprintf                                           c:/program files (x86)/atmel/studio/7.0/toolchain/arm/arm-gnu-toolchain/bin/../lib/gcc/arm-none-eabi/4.9.3/../../../../arm-none-eabi/lib/armv7e-m\libc.a(lib_a-iprintf.o)
                                                  src/ASF/sam/utils/syscalls/gcc/syscalls.o
link                                              src/ASF/sam/utils/syscalls/gcc/syscalls.o
localeconv                                        c:/program files (x86)/atmel/studio/7.0/toolchain/arm/arm-gnu-toolchain/bin/../lib/gcc/arm-none-eabi/4.9.3/../../../../arm-none-eabi/lib/armv7e-m\libc.a(lib_a-locale.o)
main                                              src/main.o
                                                  src/ASF/sam/utils/cmsis/sam4s/source/templates/gcc/startup_sam4s.o
                                                  c:/program files (x86)/atmel/studio/7.0/toolchain/arm/arm-gnu-toolchain/bin/../lib/gcc/arm-none-eabi/4.9.3/../../../../arm-none-eabi/lib/armv7e-m/crt0.o
malloc                                            c:/program files (x86)/atmel/studio/7.0/toolchain/arm/arm-gnu-toolchain/bin/../lib/gcc/arm-none-eabi/4.9.3/../../../../arm-none-eabi/lib/armv7e-m\libc.a(lib_a-__atexit.o)
memchr                                            c:/program files (x86)/atmel/studio/7.0/toolchain/arm/arm-gnu-toolchain/bin/../lib/gcc/arm-none-eabi/4.9.3/../../../../arm-none-eabi/lib/armv7e-m\libc.a(lib_a-memchr.o)
                                                  c:/program files (x86)/atmel/studio/7.0/toolchain/arm/arm-gnu-toolchain/bin/../lib/gcc/arm-none-eabi/4.9.3/../../../../arm-none-eabi/lib/armv7e-m\libc.a(lib_a-fvwrite.o)
                                                  c:/program files (x86)/atmel/studio/7.0/toolchain/arm/arm-gnu-toolchain/bin/../lib/gcc/arm-none-eabi/4.9.3/../../../../arm-none-eabi/lib/armv7e-m\libc.a(lib_a-vfiprintf.o)
memcpy                                            c:/program files (x86)/atmel/studio/7.0/toolchain/arm/arm-gnu-toolchain/bin/../lib/gcc/arm-none-eabi/4.9.3/../../../../arm-none-eabi/lib/armv7e-m\libc.a(lib_a-memcpy.o)
                                                  c:/program files (x86)/atmel/studio/7.0/toolchain/arm/arm-gnu-toolchain/bin/../lib/gcc/arm-none-eabi/4.9.3/../../../../arm-none-eabi/lib/armv7e-m\libc.a(lib_a-fvwrite.o)
memmove                                           c:/program files (x86)/atmel/studio/7.0/toolchain/arm/arm-gnu-toolchain/bin/../lib/gcc/arm-none-eabi/4.9.3/../../../../arm-none-eabi/lib/armv7e-m\libc.a(lib_a-memmove.o)
                                                  c:/program files (x86)/atmel/studio/7.0/toolchain/arm/arm-gnu-toolchain/bin/../lib/gcc/arm-none-eabi/4.9.3/../../../../arm-none-eabi/lib/armv7e-m\libc.a(lib_a-reallocr.o)
                                                  c:/program files (x86)/atmel/studio/7.0/toolchain/arm/arm-gnu-toolchain/bin/../lib/gcc/arm-none-eabi/4.9.3/../../../../arm-none-eabi/lib/armv7e-m\libc.a(lib_a-fvwrite.o)
memset                                            c:/program files (x86)/atmel/studio/7.0/toolchain/arm/arm-gnu-toolchain/bin/../lib/gcc/arm-none-eabi/4.9.3/../../../../arm-none-eabi/lib/armv7e-m\libc.a(lib_a-memset.o)
                                                  c:/program files (x86)/atmel/studio/7.0/toolchain/arm/arm-gnu-toolchain/bin/../lib/gcc/arm-none-eabi/4.9.3/../../../../arm-none-eabi/lib/armv7e-m\libc.a(lib_a-findfp.o)
                                                  c:/program files (x86)/atmel/studio/7.0/toolchain/arm/arm-gnu-toolchain/bin/../lib/gcc/arm-none-eabi/4.9.3/../../../../arm-none-eabi/lib/armv7e-m/crt0.o
pio_capture_disable                               src/ASF/sam/drivers/pio/pio.o
pio_capture_disable_interrupt                     src/ASF/sam/drivers/pio/pio.o
pio_capture_enable                                src/ASF/sam/drivers/pio/pio.o
pio_capture_enable_flag                           src/ASF/sam/drivers/pio/pio.o
                                                  src/ASF/sam/drivers/pio/pio_handler.o
pio_capture_enable_interrupt                      src/ASF/sam/drivers/pio/pio.o
pio_capture_get_interrupt_mask                    src/ASF/sam/drivers/pio/pio.o
pio_capture_get_interrupt_status                  src/ASF/sam/drivers/pio/pio.o
pio_capture_get_pdc_base                          src/ASF/sam/drivers/pio/pio.o
pio_capture_handler_set                           src/ASF/sam/drivers/pio/pio_handler.o
pio_capture_read                                  src/ASF/sam/drivers/pio/pio.o
pio_capture_set_mode                              src/ASF/sam/drivers/pio/pio.o
pio_clear                                         src/ASF/sam/drivers/pio/pio.o
pio_configure                                     src/ASF/sam/drivers/pio/pio.o
pio_configure_interrupt                           src/ASF/sam/drivers/pio/pio.o
                                                  src/ASF/sam/drivers/pio/pio_handler.o
pio_configure_pin                                 src/ASF/sam/drivers/pio/pio.o
pio_configure_pin_group                           src/ASF/sam/drivers/pio/pio.o
pio_disable_interrupt                             src/ASF/sam/drivers/pio/pio.o
                                                  src/ASF/sam/drivers/pio/pio_handler.o
pio_disable_output_write                          src/ASF/sam/drivers/pio/pio.o
pio_disable_pin_interrupt                         src/ASF/sam/drivers/pio/pio.o
pio_enable_interrupt                              src/ASF/sam/drivers/pio/pio.o
                                                  src/ASF/sam/drivers/pio/pio_handler.o
pio_enable_output_write                           src/ASF/sam/drivers/pio/pio.o
pio_enable_pin_interrupt                          src/ASF/sam/drivers/pio/pio.o
pio_get                                           src/ASF/sam/drivers/pio/pio.o
pio_get_interrupt_mask                            src/ASF/sam/drivers/pio/pio.o
                                                  src/ASF/sam/drivers/pio/pio_handler.o
pio_get_interrupt_status                          src/ASF/sam/drivers/pio/pio.o
                                                  src/ASF/sam/drivers/pio/pio_handler.o
pio_get_multi_driver_status                       src/ASF/sam/drivers/pio/pio.o
pio_get_output_data_status                        src/ASF/sam/drivers/pio/pio.o
pio_get_output_write_status                       src/ASF/sam/drivers/pio/pio.o
pio_get_pin_group                                 src/ASF/sam/drivers/pio/pio.o
                                                  src/ASF/sam/drivers/pio/pio_handler.o
pio_get_pin_group_id                              src/ASF/sam/drivers/pio/pio.o
                                                  src/ASF/sam/drivers/pio/pio_handler.o
pio_get_pin_group_mask                            src/ASF/sam/drivers/pio/pio.o
                                                  src/ASF/sam/drivers/pio/pio_handler.o
pio_get_pin_value                                 src/ASF/sam/drivers/pio/pio.o
pio_get_schmitt_trigger                           src/ASF/sam/drivers/pio/pio.o
pio_get_writeprotect_status                       src/ASF/sam/drivers/pio/pio.o
pio_handler_process                               src/ASF/sam/drivers/pio/pio_handler.o
pio_handler_set                                   src/ASF/sam/drivers/pio/pio_handler.o
pio_handler_set_pin                               src/ASF/sam/drivers/pio/pio_handler.o
pio_handler_set_priority                          src/ASF/sam/drivers/pio/pio_handler.o
pio_pull_down                                     src/ASF/sam/drivers/pio/pio.o
pio_pull_up                                       src/ASF/sam/drivers/pio/pio.o
pio_set                                           src/ASF/sam/drivers/pio/pio.o
pio_set_additional_interrupt_mode                 src/ASF/sam/drivers/pio/pio.o
pio_set_debounce_filter                           src/ASF/sam/drivers/pio/pio.o
pio_set_input                                     src/ASF/sam/drivers/pio/pio.o
pio_set_multi_driver                              src/ASF/sam/drivers/pio/pio.o
pio_set_output                                    src/ASF/sam/drivers/pio/pio.o
pio_set_peripheral                                src/ASF/sam/drivers/pio/pio.o
pio_set_pin_group_high                            src/ASF/sam/drivers/pio/pio.o
pio_set_pin_group_low                             src/ASF/sam/drivers/pio/pio.o
pio_set_pin_high                                  src/ASF/sam/drivers/pio/pio.o
pio_set_pin_low                                   src/ASF/sam/drivers/pio/pio.o
pio_set_schmitt_trigger                           src/ASF/sam/drivers/pio/pio.o
pio_set_writeprotect                              src/ASF/sam/drivers/pio/pio.o
pio_sync_output_write                             src/ASF/sam/drivers/pio/pio.o
pio_toggle_pin                                    src/ASF/sam/drivers/pio/pio.o
pio_toggle_pin_group                              src/ASF/sam/drivers/pio/pio.o
pmc_clr_fast_startup_input                        src/ASF/sam/drivers/pmc/pmc.o
pmc_disable_all_pck                               src/ASF/sam/drivers/pmc/pmc.o
pmc_disable_all_periph_clk                        src/ASF/sam/drivers/pmc/pmc.o
pmc_disable_clock_failure_detector                src/ASF/sam/drivers/pmc/pmc.o
pmc_disable_interrupt                             src/ASF/sam/drivers/pmc/pmc.o
pmc_disable_pck                                   src/ASF/sam/drivers/pmc/pmc.o
pmc_disable_periph_clk                            src/ASF/sam/drivers/pmc/pmc.o
pmc_disable_pllack                                src/ASF/sam/drivers/pmc/pmc.o
                                                  src/ASF/sam/drivers/pmc/sleep.o
                                                  src/ASF/common/services/clock/sam4s/sysclk.o
pmc_disable_pllbck                                src/ASF/sam/drivers/pmc/pmc.o
                                                  src/ASF/sam/drivers/pmc/sleep.o
                                                  src/ASF/common/services/clock/sam4s/sysclk.o
pmc_disable_udpck                                 src/ASF/sam/drivers/pmc/pmc.o
                                                  src/ASF/common/services/clock/sam4s/sysclk.o
pmc_enable_all_pck                                src/ASF/sam/drivers/pmc/pmc.o
pmc_enable_all_periph_clk                         src/ASF/sam/drivers/pmc/pmc.o
pmc_enable_backupmode                             src/ASF/sam/drivers/pmc/pmc.o
pmc_enable_clock_failure_detector                 src/ASF/sam/drivers/pmc/pmc.o
pmc_enable_interrupt                              src/ASF/sam/drivers/pmc/pmc.o
pmc_enable_pck                                    src/ASF/sam/drivers/pmc/pmc.o
pmc_enable_periph_clk                             src/ASF/sam/drivers/pmc/pmc.o
                                                  src/ASF/sam/boards/sam4s_xplained_pro/init.o
pmc_enable_pllack                                 src/ASF/sam/drivers/pmc/pmc.o
pmc_enable_pllbck                                 src/ASF/sam/drivers/pmc/pmc.o
pmc_enable_sleepmode                              src/ASF/sam/drivers/pmc/pmc.o
pmc_enable_udpck                                  src/ASF/sam/drivers/pmc/pmc.o
                                                  src/ASF/common/services/clock/sam4s/sysclk.o
pmc_enable_waitmode                               src/ASF/sam/drivers/pmc/pmc.o
                                                  src/ASF/sam/drivers/pmc/sleep.o
pmc_get_interrupt_mask                            src/ASF/sam/drivers/pmc/pmc.o
pmc_get_status                                    src/ASF/sam/drivers/pmc/pmc.o
pmc_get_writeprotect_status                       src/ASF/sam/drivers/pmc/pmc.o
pmc_is_locked_pllack                              src/ASF/sam/drivers/pmc/pmc.o
                                                  src/ASF/common/services/clock/sam4s/sysclk.o
pmc_is_locked_pllbck                              src/ASF/sam/drivers/pmc/pmc.o
                                                  src/ASF/common/services/clock/sam4s/sysclk.o
pmc_is_pck_enabled                                src/ASF/sam/drivers/pmc/pmc.o
pmc_is_periph_clk_enabled                         src/ASF/sam/drivers/pmc/pmc.o
pmc_is_wakeup_clocks_restored                     src/ASF/sam/drivers/pmc/sleep.o
pmc_mainck_osc_select                             src/ASF/sam/drivers/pmc/pmc.o
pmc_mck_set_prescaler                             src/ASF/sam/drivers/pmc/pmc.o
                                                  src/ASF/common/services/clock/sam4s/sysclk.o
pmc_mck_set_source                                src/ASF/sam/drivers/pmc/pmc.o
                                                  src/ASF/common/services/clock/sam4s/sysclk.o
pmc_osc_bypass_main_xtal                          src/ASF/sam/drivers/pmc/pmc.o
pmc_osc_disable_fastrc                            src/ASF/sam/drivers/pmc/pmc.o
pmc_osc_disable_main_xtal                         src/ASF/sam/drivers/pmc/pmc.o
pmc_osc_disable_xtal                              src/ASF/sam/drivers/pmc/pmc.o
pmc_osc_enable_fastrc                             src/ASF/sam/drivers/pmc/pmc.o
pmc_osc_enable_main_xtal                          src/ASF/sam/drivers/pmc/pmc.o
pmc_osc_is_bypassed_main_xtal                     src/ASF/sam/drivers/pmc/pmc.o
pmc_osc_is_ready_32kxtal                          src/ASF/sam/drivers/pmc/pmc.o
pmc_osc_is_ready_fastrc                           src/ASF/sam/drivers/pmc/pmc.o
pmc_osc_is_ready_main_xtal                        src/ASF/sam/drivers/pmc/pmc.o
pmc_osc_is_ready_mainck                           src/ASF/sam/drivers/pmc/pmc.o
                                                  src/ASF/common/services/clock/sam4s/sysclk.o
pmc_pck_set_prescaler                             src/ASF/sam/drivers/pmc/pmc.o
pmc_pck_set_source                                src/ASF/sam/drivers/pmc/pmc.o
pmc_set_fast_startup_input                        src/ASF/sam/drivers/pmc/pmc.o
pmc_set_flash_in_wait_mode                        src/ASF/sam/drivers/pmc/pmc.o
                                                  src/ASF/sam/drivers/pmc/sleep.o
pmc_set_writeprotect                              src/ASF/sam/drivers/pmc/pmc.o
pmc_sleep                                         src/ASF/sam/drivers/pmc/sleep.o
pmc_switch_mainck_to_fastrc                       src/ASF/sam/drivers/pmc/pmc.o
pmc_switch_mainck_to_xtal                         src/ASF/sam/drivers/pmc/pmc.o